Archive member included because of file (symbol)

c:/altera/13.0sp1/nios2eds/bin/gnu/h-i686-mingw32/bin/../lib/gcc/nios2-elf/4.1.2\libgcc.a(_muldi3.o)
                              obj/default/audio_ISR.o (__muldi3)
c:/altera/13.0sp1/nios2eds/bin/gnu/h-i686-mingw32/bin/../lib/gcc/nios2-elf/4.1.2\libgcc.a(_fixunsdfsi.o)
                              obj/default/filter.o (__fixunsdfsi)
c:/altera/13.0sp1/nios2eds/bin/gnu/h-i686-mingw32/bin/../lib/gcc/nios2-elf/4.1.2\libgcc.a(_divdi3.o)
                              obj/default/audio_ISR.o (__divdi3)
c:/altera/13.0sp1/nios2eds/bin/gnu/h-i686-mingw32/bin/../lib/gcc/nios2-elf/4.1.2\libgcc.a(_sf_to_df.o)
                              obj/default/filter.o (__extendsfdf2)
c:/altera/13.0sp1/nios2eds/bin/gnu/h-i686-mingw32/bin/../lib/gcc/nios2-elf/4.1.2\libgcc.a(_usi_to_sf.o)
                              obj/default/filter.o (__floatunsisf)
c:/altera/13.0sp1/nios2eds/bin/gnu/h-i686-mingw32/bin/../lib/gcc/nios2-elf/4.1.2\libgcc.a(_addsub_df.o)
                              c:/altera/13.0sp1/nios2eds/bin/gnu/h-i686-mingw32/bin/../lib/gcc/nios2-elf/4.1.2\libgcc.a(_fixunsdfsi.o) (__subdf3)
c:/altera/13.0sp1/nios2eds/bin/gnu/h-i686-mingw32/bin/../lib/gcc/nios2-elf/4.1.2\libgcc.a(_mul_df.o)
                              obj/default/filter.o (__muldf3)
c:/altera/13.0sp1/nios2eds/bin/gnu/h-i686-mingw32/bin/../lib/gcc/nios2-elf/4.1.2\libgcc.a(_ge_df.o)
                              c:/altera/13.0sp1/nios2eds/bin/gnu/h-i686-mingw32/bin/../lib/gcc/nios2-elf/4.1.2\libgcc.a(_fixunsdfsi.o) (__gedf2)
c:/altera/13.0sp1/nios2eds/bin/gnu/h-i686-mingw32/bin/../lib/gcc/nios2-elf/4.1.2\libgcc.a(_df_to_si.o)
                              c:/altera/13.0sp1/nios2eds/bin/gnu/h-i686-mingw32/bin/../lib/gcc/nios2-elf/4.1.2\libgcc.a(_fixunsdfsi.o) (__fixdfsi)
c:/altera/13.0sp1/nios2eds/bin/gnu/h-i686-mingw32/bin/../lib/gcc/nios2-elf/4.1.2\libgcc.a(_make_df.o)
                              c:/altera/13.0sp1/nios2eds/bin/gnu/h-i686-mingw32/bin/../lib/gcc/nios2-elf/4.1.2\libgcc.a(_sf_to_df.o) (__make_dp)
c:/altera/13.0sp1/nios2eds/bin/gnu/h-i686-mingw32/bin/../lib/gcc/nios2-elf/4.1.2\libgcc.a(_thenan_df.o)
                              c:/altera/13.0sp1/nios2eds/bin/gnu/h-i686-mingw32/bin/../lib/gcc/nios2-elf/4.1.2\libgcc.a(_addsub_df.o) (__thenan_df)
c:/altera/13.0sp1/nios2eds/bin/gnu/h-i686-mingw32/bin/../lib/gcc/nios2-elf/4.1.2\libgcc.a(lib2-divmod.o)
                              c:/altera/13.0sp1/nios2eds/bin/gnu/h-i686-mingw32/bin/../lib/gcc/nios2-elf/4.1.2\libgcc.a(_divdi3.o) (__udivsi3)
c:/altera/13.0sp1/nios2eds/bin/gnu/h-i686-mingw32/bin/../lib/gcc/nios2-elf/4.1.2\libgcc.a(_clz.o)
                              c:/altera/13.0sp1/nios2eds/bin/gnu/h-i686-mingw32/bin/../lib/gcc/nios2-elf/4.1.2\libgcc.a(_divdi3.o) (__clz_tab)
c:/altera/13.0sp1/nios2eds/bin/gnu/h-i686-mingw32/bin/../lib/gcc/nios2-elf/4.1.2\libgcc.a(_clzsi2.o)
                              c:/altera/13.0sp1/nios2eds/bin/gnu/h-i686-mingw32/bin/../lib/gcc/nios2-elf/4.1.2\libgcc.a(_usi_to_sf.o) (__clzsi2)
c:/altera/13.0sp1/nios2eds/bin/gnu/h-i686-mingw32/bin/../lib/gcc/nios2-elf/4.1.2\libgcc.a(_pack_sf.o)
                              c:/altera/13.0sp1/nios2eds/bin/gnu/h-i686-mingw32/bin/../lib/gcc/nios2-elf/4.1.2\libgcc.a(_usi_to_sf.o) (__pack_f)
c:/altera/13.0sp1/nios2eds/bin/gnu/h-i686-mingw32/bin/../lib/gcc/nios2-elf/4.1.2\libgcc.a(_unpack_sf.o)
                              c:/altera/13.0sp1/nios2eds/bin/gnu/h-i686-mingw32/bin/../lib/gcc/nios2-elf/4.1.2\libgcc.a(_sf_to_df.o) (__unpack_f)
c:/altera/13.0sp1/nios2eds/bin/gnu/h-i686-mingw32/bin/../lib/gcc/nios2-elf/4.1.2\libgcc.a(_pack_df.o)
                              c:/altera/13.0sp1/nios2eds/bin/gnu/h-i686-mingw32/bin/../lib/gcc/nios2-elf/4.1.2\libgcc.a(_addsub_df.o) (__pack_d)
c:/altera/13.0sp1/nios2eds/bin/gnu/h-i686-mingw32/bin/../lib/gcc/nios2-elf/4.1.2\libgcc.a(_unpack_df.o)
                              c:/altera/13.0sp1/nios2eds/bin/gnu/h-i686-mingw32/bin/../lib/gcc/nios2-elf/4.1.2\libgcc.a(_addsub_df.o) (__unpack_d)
c:/altera/13.0sp1/nios2eds/bin/gnu/h-i686-mingw32/bin/../lib/gcc/nios2-elf/4.1.2\libgcc.a(_fpcmp_parts_df.o)
                              c:/altera/13.0sp1/nios2eds/bin/gnu/h-i686-mingw32/bin/../lib/gcc/nios2-elf/4.1.2\libgcc.a(_ge_df.o) (__fpcmp_parts_d)
c:/altera/13.0sp1/nios2eds/bin/gnu/h-i686-mingw32/bin/../lib/gcc/nios2-elf/4.1.2/../../../../nios2-elf/lib\libc.a(lib_a-memcpy.o)
                              obj/default/media_interrupt_HAL.o (memcpy)
c:/altera/13.0sp1/nios2eds/bin/gnu/h-i686-mingw32/bin/../lib/gcc/nios2-elf/4.1.2/../../../../nios2-elf/lib\libc.a(lib_a-memset.o)
                              obj/default/media_interrupt_HAL.o (memset)
../lab4-1_bsp/\libhal_bsp.a(alt_irq_register.o)
                              obj/default/media_interrupt_HAL.o (alt_irq_register)
../lab4-1_bsp/\libhal_bsp.a(alt_irq_vars.o)
                              ../lab4-1_bsp/\libhal_bsp.a(alt_irq_register.o) (alt_irq_active)
[...]
Memory Configuration

Name             Origin             Length             Attributes
reset            0x00000000         0x00000020
SDRAM            0x00000020         0x007fffe0
Flash_flash_data 0x0c000000         0x00400000
*default*        0x00000000         0xffffffff

Linker script and memory map

LOAD ../lab4-1_bsp//obj/HAL/src/crt0.o
LOAD obj/default/PS2_ISR.o
LOAD obj/default/audio_ISR.o
LOAD obj/default/filter.o
LOAD obj/default/globals.o
LOAD obj/default/interval_timer_ISR.o
LOAD obj/default/media_interrupt_HAL.o
LOAD obj/default/pushbutton_ISR.o
LOAD c:/altera/13.0sp1/nios2eds/bin/gnu/h-i686-mingw32/bin/../lib/gcc/nios2-elf/4.1.2/../../../../nios2-elf/lib\libstdc++.a
LOAD c:/altera/13.0sp1/nios2eds/bin/gnu/h-i686-mingw32/bin/../lib/gcc/nios2-elf/4.1.2/../../../../nios2-elf/lib\libm.a
LOAD c:/altera/13.0sp1/nios2eds/bin/gnu/h-i686-mingw32/bin/../lib/gcc/nios2-elf/4.1.2\libgcc.a
START GROUP
LOAD c:/altera/13.0sp1/nios2eds/bin/gnu/h-i686-mingw32/bin/../lib/gcc/nios2-elf/4.1.2/../../../../nios2-elf/lib\libc.a
LOAD c:/altera/13.0sp1/nios2eds/bin/gnu/h-i686-mingw32/bin/../lib/gcc/nios2-elf/4.1.2\libgcc.a
LOAD ../lab4-1_bsp/\libhal_bsp.a
END GROUP
LOAD c:/altera/13.0sp1/nios2eds/bin/gnu/h-i686-mingw32/bin/../lib/gcc/nios2-elf/4.1.2\libgcc.a
                0x00000000                __alt_mem_SDRAM = 0x0
                0x0c000000                __alt_mem_Flash_flash_data = 0xc000000

.entry          0x00000000       0x20
 *(.entry)
 .entry         0x00000000       0x20 ../lab4-1_bsp//obj/HAL/src/crt0.o
                0x00000000                __reset

.exceptions     0x00000020      0x198
                0x00000020                PROVIDE (__ram_exceptions_start, ABSOLUTE (.))
                0x00000020                . = ALIGN (0x20)
 *(.irq)
 *(.exceptions.entry.label)
 .exceptions.entry.label
                0x00000020        0x0 ../lab4-1_bsp/\libhal_bsp.a(alt_irq_entry.o)
                0x00000020                alt_irq_entry
 .exceptions.entry.label
                0x00000020        0x0 ../lab4-1_bsp/\libhal_bsp.a(alt_exception_entry.o)
                0x00000020                alt_exception
 *(.exceptions.entry.user)
 *(.exceptions.entry)
 .exceptions.entry
                0x00000020       0x54 ../lab4-1_bsp/\libhal_bsp.a(alt_exception_entry.o)
 *(.exceptions.irqtest.user)
 *(.exceptions.irqtest)
 .exceptions.irqtest
                0x00000074       0x10 ../lab4-1_bsp/\libhal_bsp.a(alt_irq_entry.o)
 *(.exceptions.irqhandler.user)
 *(.exceptions.irqhandler)
 .exceptions.irqhandler
                0x00000084        0x4 ../lab4-1_bsp/\libhal_bsp.a(alt_irq_entry.o)
 *(.exceptions.irqreturn.user)
 *(.exceptions.irqreturn)
 .exceptions.irqreturn
                0x00000088        0x4 ../lab4-1_bsp/\libhal_bsp.a(alt_irq_entry.o)
 *(.exceptions.notirq.label)
 .exceptions.notirq.label
                0x0000008c        0x0 ../lab4-1_bsp/\libhal_bsp.a(alt_irq_entry.o)
 *(.exceptions.notirq.user)
 *(.exceptions.notirq)
 .exceptions.notirq
                0x0000008c        0x8 ../lab4-1_bsp/\libhal_bsp.a(alt_exception_entry.o)
 *(.exceptions.soft.user)
 *(.exceptions.soft)
 *(.exceptions.unknown.user)
 *(.exceptions.unknown)
 .exceptions.unknown
                0x00000094        0x4 ../lab4-1_bsp/\libhal_bsp.a(alt_exception_entry.o)
 *(.exceptions.exit.label)
 .exceptions.exit.label
                0x00000098        0x0 ../lab4-1_bsp/\libhal_bsp.a(alt_irq_entry.o)
 .exceptions.exit.label
                0x00000098        0x0 ../lab4-1_bsp/\libhal_bsp.a(alt_exception_entry.o)
 *(.exceptions.exit.user)
 *(.exceptions.exit)
 .exceptions.exit
                0x00000098       0x54 ../lab4-1_bsp/\libhal_bsp.a(alt_exception_entry.o)
 *(.exceptions)
 .exceptions    0x000000ec       0xcc ../lab4-1_bsp/\libhal_bsp.a(alt_irq_handler.o)
                0x000000ec                alt_irq_handler
                0x000001b8                PROVIDE (__ram_exceptions_end, ABSOLUTE (.))
                0x00000020                PROVIDE (__flash_exceptions_start, LOADADDR (.exceptions))

.text           0x000001b8     0xc5b0
                0x000001b8                PROVIDE (stext, ABSOLUTE (.))
 *(.interp)
 *(.hash)
 *(.dynsym)
 *(.dynstr)
 *(.gnu.version)
 *(.gnu.version_d)
 *(.gnu.version_r)
 *(.rel.init)
 *(.rela.init)
 *(.rel.text .rel.text.* .rel.gnu.linkonce.t.*)
 *(.rela.text .rela.text.* .rela.gnu.linkonce.t.*)
 *(.rel.fini)
 *(.rela.fini)
 *(.rel.rodata .rel.rodata.* .rel.gnu.linkonce.r.*)
 *(.rela.rodata .rela.rodata.* .rela.gnu.linkonce.r.*)
 *(.rel.data .rel.data.* .rel.gnu.linkonce.d.*)
 *(.rela.data .rela.data.* .rela.gnu.linkonce.d.*)
 *(.rel.tdata .rel.tdata.* .rel.gnu.linkonce.td.*)
 *(.rela.tdata .rela.tdata.* .rela.gnu.linkonce.td.*)
 *(.rel.tbss .rel.tbss.* .rel.gnu.linkonce.tb.*)
 *(.rela.tbss .rela.tbss.* .rela.gnu.linkonce.tb.*)
 *(.rel.ctors)
 *(.rela.ctors)
 *(.rel.dtors)
 *(.rela.dtors)
 *(.rel.got)
 *(.rela.got)
 *(.rel.sdata .rel.sdata.* .rel.gnu.linkonce.s.*)
 *(.rela.sdata .rela.sdata.* .rela.gnu.linkonce.s.*)
 *(.rel.sbss .rel.sbss.* .rel.gnu.linkonce.sb.*)
 *(.rela.sbss .rela.sbss.* .rela.gnu.linkonce.sb.*)
 *(.rel.sdata2 .rel.sdata2.* .rel.gnu.linkonce.s2.*)
 *(.rela.sdata2 .rela.sdata2.* .rela.gnu.linkonce.s2.*)
 *(.rel.sbss2 .rel.sbss2.* .rel.gnu.linkonce.sb2.*)
 *(.rela.sbss2 .rela.sbss2.* .rela.gnu.linkonce.sb2.*)
 *(.rel.bss .rel.bss.* .rel.gnu.linkonce.b.*)
 *(.rela.bss .rela.bss.* .rela.gnu.linkonce.b.*)
 *(.rel.plt)
 *(.rela.plt)
 *(.rel.dyn)
 *(.init)
 *(.plt)
 *(.text .stub .text.* .gnu.linkonce.t.*)
 .text          0x000001b8       0x3c ../lab4-1_bsp//obj/HAL/src/crt0.o
                0x000001b8                _start
 .text          0x000001f4      0x18c obj/default/PS2_ISR.o
                0x000001f4                PS2_ISR
 .text          0x00000380      0x718 obj/default/audio_ISR.o
                0x00000380                audio_ISR
                0x00000714                take_mean
 .text          0x00000a98      0x1d4 obj/default/filter.o
                0x00000a98                filter
 .text          0x00000c6c        0x0 obj/default/globals.o
 .text          0x00000c6c       0x60 obj/default/interval_timer_ISR.o
                0x00000c6c                interval_timer_ISR
 .text          0x00000ccc     0x1524 obj/default/media_interrupt_HAL.o
                0x00000ccc                main
                0x000018b4                mouse_color
                0x00001b00                setMouseBounds
                0x00001d10                Mouse_ISR
                0x00001f70                run_command
                0x00002070                command_det
 .text          0x000021f0       0xb8 obj/default/pushbutton_ISR.o
                0x000021f0                pushbutton_ISR
 .text          0x000022a8       0x98 c:/altera/13.0sp1/nios2eds/bin/gnu/h-i686-mingw32/bin/../lib/gcc/nios2-elf/4.1.2\libgcc.a(_muldi3.o)
                0x000022a8                __muldi3
 .text          0x00002340       0xa4 c:/altera/13.0sp1/nios2eds/bin/gnu/h-i686-mingw32/bin/../lib/gcc/nios2-elf/4.1.2\libgcc.a(_fixunsdfsi.o)
                0x00002340                __fixunsdfsi
 .text          0x000023e4      0x680 c:/altera/13.0sp1/nios2eds/bin/gnu/h-i686-mingw32/bin/../lib/gcc/nios2-elf/4.1.2\libgcc.a(_divdi3.o)
                0x000023e4                __divdi3
 .text          0x00002a64       0x54 c:/altera/13.0sp1/nios2eds/bin/gnu/h-i686-mingw32/bin/../lib/gcc/nios2-elf/4.1.2\libgcc.a(_sf_to_df.o)
                0x00002a64                __extendsfdf2
 .text          0x00002ab8       0xc0 c:/altera/13.0sp1/nios2eds/bin/gnu/h-i686-mingw32/bin/../lib/gcc/nios2-elf/4.1.2\libgcc.a(_usi_to_sf.o)
                0x00002ab8                __floatunsisf
 .text          0x00002b78      0x504 c:/altera/13.0sp1/nios2eds/bin/gnu/h-i686-mingw32/bin/../lib/gcc/nios2-elf/4.1.2\libgcc.a(_addsub_df.o)
                0x00002f88                __subdf3
                0x00003008                __adddf3
 .text          0x0000307c      0x3c4 c:/altera/13.0sp1/nios2eds/bin/gnu/h-i686-mingw32/bin/../lib/gcc/nios2-elf/4.1.2\libgcc.a(_mul_df.o)
                0x0000307c                __muldf3
 .text          0x00003440       0x88 c:/altera/13.0sp1/nios2eds/bin/gnu/h-i686-mingw32/bin/../lib/gcc/nios2-elf/4.1.2\libgcc.a(_ge_df.o)
                0x00003440                __gedf2
 .text          0x000034c8       0xd8 c:/altera/13.0sp1/nios2eds/bin/gnu/h-i686-mingw32/bin/../lib/gcc/nios2-elf/4.1.2\libgcc.a(_df_to_si.o)
                0x000034c8                __fixdfsi
 .text          0x000035a0       0x38 c:/altera/13.0sp1/nios2eds/bin/gnu/h-i686-mingw32/bin/../lib/gcc/nios2-elf/4.1.2\libgcc.a(_make_df.o)
                0x000035a0                __make_dp
 .text          0x000035d8        0x0 c:/altera/13.0sp1/nios2eds/bin/gnu/h-i686-mingw32/bin/../lib/gcc/nios2-elf/4.1.2\libgcc.a(_thenan_df.o)
 .text          0x000035d8      0x14c c:/altera/13.0sp1/nios2eds/bin/gnu/h-i686-mingw32/bin/../lib/gcc/nios2-elf/4.1.2\libgcc.a(lib2-divmod.o)
                0x00003654                __divsi3
                0x000036b4                __modsi3
                0x00003714                __udivsi3
                0x0000371c                __umodsi3
 .text          0x00003724        0x0 c:/altera/13.0sp1/nios2eds/bin/gnu/h-i686-mingw32/bin/../lib/gcc/nios2-elf/4.1.2\libgcc.a(_clz.o)
 .text          0x00003724       0x80 c:/altera/13.0sp1/nios2eds/bin/gnu/h-i686-mingw32/bin/../lib/gcc/nios2-elf/4.1.2\libgcc.a(_clzsi2.o)
                0x00003724                __clzsi2
 .text          0x000037a4      0x160 c:/altera/13.0sp1/nios2eds/bin/gnu/h-i686-mingw32/bin/../lib/gcc/nios2-elf/4.1.2\libgcc.a(_pack_sf.o)
                0x000037a4                __pack_f
 .text          0x00003904       0xc8 c:/altera/13.0sp1/nios2eds/bin/gnu/h-i686-mingw32/bin/../lib/gcc/nios2-elf/4.1.2\libgcc.a(_unpack_sf.o)
                0x00003904                __unpack_f
 .text          0x000039cc      0x314 c:/altera/13.0sp1/nios2eds/bin/gnu/h-i686-mingw32/bin/../lib/gcc/nios2-elf/4.1.2\libgcc.a(_pack_df.o)
                0x000039cc                __pack_d
 .text          0x00003ce0      0x138 c:/altera/13.0sp1/nios2eds/bin/gnu/h-i686-mingw32/bin/../lib/gcc/nios2-elf/4.1.2\libgcc.a(_unpack_df.o)
                0x00003ce0                __unpack_d
 .text          0x00003e18       0xc8 c:/altera/13.0sp1/nios2eds/bin/gnu/h-i686-mingw32/bin/../lib/gcc/nios2-elf/4.1.2\libgcc.a(_fpcmp_parts_df.o)
                0x00003e18                __fpcmp_parts_d
 .text          0x00003ee0       0xa0 c:/altera/13.0sp1/nios2eds/bin/gnu/h-i686-mingw32/bin/../lib/gcc/nios2-elf/4.1.2/../../../../nios2-elf/lib\libc.a(lib_a-memcpy.o)
                0x00003ee0                memcpy
 .text          0x00003f80       0x98 c:/altera/13.0sp1/nios2eds/bin/gnu/h-i686-mingw32/bin/../lib/gcc/nios2-elf/4.1.2/../../../../nios2-elf/lib\libc.a(lib_a-memset.o)
                0x00003f80                memset
 .text          0x00004018      0x1c0 ../lab4-1_bsp/\libhal_bsp.a(alt_irq_register.o)
                0x00004018                alt_irq_register
 .text          0x000041d8        0x0 ../lab4-1_bsp/\libhal_bsp.a(alt_irq_vars.o)
 .text          0x000041d8       0xec ../lab4-1_bsp/\libhal_bsp.a(alt_load.o)
                0x000041d8                alt_load
 .text          0x000042c4       0x6c ../lab4-1_bsp/\libhal_bsp.a(alt_main.o)
                0x000042c4                alt_main
 .text          0x00004330      0x258 ../lab4-1_bsp/\libhal_bsp.a(alt_printf.o)
                0x00004330                alt_printf
 .text          0x00004588       0x40 ../lab4-1_bsp/\libhal_bsp.a(alt_putchar.o)
                0x00004588                alt_putchar
 .text          0x000045c8      0x46c ../lab4-1_bsp/\libhal_bsp.a(alt_sys_init.o)
                0x000045c8                alt_irq_init
                0x000045fc                alt_sys_init
 .text          0x00004a34      0x148 ../lab4-1_bsp/\libhal_bsp.a(altera_avalon_jtag_uart_fd.o)
                0x00004a34                altera_avalon_jtag_uart_read_fd
                0x00004a8c                altera_avalon_jtag_uart_write_fd
                0x00004ae4                altera_avalon_jtag_uart_close_fd
                0x00004b2c                altera_avalon_jtag_uart_ioctl_fd
 .text          0x00004b7c      0x408 ../lab4-1_bsp/\libhal_bsp.a(altera_avalon_jtag_uart_init.o)
                0x00004b7c                altera_avalon_jtag_uart_init
                0x00004f10                altera_avalon_jtag_uart_close
 .text          0x00004f84       0xf4 ../lab4-1_bsp/\libhal_bsp.a(altera_avalon_jtag_uart_ioctl.o)
                0x00004f84                altera_avalon_jtag_uart_ioctl
 .text          0x00005078      0x224 ../lab4-1_bsp/\libhal_bsp.a(altera_avalon_jtag_uart_read.o)
                0x00005078                altera_avalon_jtag_uart_read
 .text          0x0000529c      0x240 ../lab4-1_bsp/\libhal_bsp.a(altera_avalon_jtag_uart_write.o)
                0x0000529c                altera_avalon_jtag_uart_write
 .text          0x000054dc       0xfc ../lab4-1_bsp/\libhal_bsp.a(altera_avalon_timer_sc.o)
                0x00005550                alt_avalon_timer_sc_init
 .text          0x000055d8      0x80c ../lab4-1_bsp/\libhal_bsp.a(altera_up_avalon_audio.o)
                0x000055d8                alt_up_audio_open_dev
                0x00005618                alt_up_audio_enable_read_interrupt
                0x00005664                alt_up_audio_disable_read_interrupt
                0x000056b4                alt_up_audio_enable_write_interrupt
                0x00005700                alt_up_audio_disable_write_interrupt
                0x00005750                alt_up_audio_read_interrupt_pending
                0x0000578c                alt_up_audio_write_interrupt_pending
                0x000057c8                alt_up_audio_reset_audio_core
                0x00005850                alt_up_audio_read_fifo_avail
                0x000058c0                alt_up_audio_record_r
                0x00005930                alt_up_audio_record_l
                0x000059a0                alt_up_audio_write_fifo_space
                0x00005a14                alt_up_audio_play_r
                0x00005a84                alt_up_audio_play_l
                0x00005af4                alt_up_audio_read_fifo
                0x00005bf8                alt_up_audio_write_fifo
                0x00005d24                alt_up_audio_read_fifo_head
                0x00005d84                alt_up_audio_write_fifo_head
 .text          0x00005de4      0x530 ../lab4-1_bsp/\libhal_bsp.a(altera_up_avalon_character_lcd.o)
                0x00005de4                get_DDRAM_addr
                0x00005e60                alt_up_character_lcd_send_cmd
                0x00005e94                alt_up_character_lcd_init
                0x00005ec8                alt_up_character_lcd_open_dev
                0x00005f08                alt_up_character_lcd_write
                0x00005f80                alt_up_character_lcd_string
                0x00005ff8                alt_up_character_lcd_write_fd
                0x00006044                alt_up_character_lcd_set_cursor_pos
                0x000060bc                alt_up_character_lcd_shift_cursor
                0x0000616c                alt_up_character_lcd_shift_display
                0x0000621c                alt_up_character_lcd_erase_pos
                0x000062ac                alt_up_character_lcd_cursor_off
                0x000062e0                alt_up_character_lcd_cursor_blink_on
 .text          0x00006314      0x150 ../lab4-1_bsp/\libhal_bsp.a(altera_up_avalon_ethernet.o)
                0x00006314                alt_up_ethernet_init
                0x00006424                alt_up_ethernet_open_dev
 .text          0x00006464      0x238 ../lab4-1_bsp/\libhal_bsp.a(altera_up_avalon_ethernet_low_level_driver.o)
                0x00006464                alt_up_ethernet_reg_read
                0x000064a0                alt_up_ethernet_reg_write
                0x000064e4                alt_up_ethernet_phy_reg_read
                0x000065c4                alt_up_ethernet_phy_reg_write
 .text          0x0000669c      0x394 ../lab4-1_bsp/\libhal_bsp.a(altera_up_avalon_irda.o)
                0x0000669c                alt_up_irda_enable_read_interrupt
                0x000066f0                alt_up_irda_disable_read_interrupt
                0x00006748                alt_up_irda_get_used_space_in_read_FIFO
                0x00006784                alt_up_irda_get_available_space_in_write_FIFO
                0x000067c4                alt_up_irda_check_parity
                0x00006814                alt_up_irda_write_data
                0x0000685c                alt_up_irda_read_data
                0x000068d0                alt_up_irda_read_fd
                0x00006960                alt_up_irda_write_fd
                0x000069f0                alt_up_irda_open_dev
 .text          0x00006a30       0x40 ../lab4-1_bsp/\libhal_bsp.a(altera_up_avalon_parallel_port.o)
                0x00006a30                alt_up_parallel_port_open_dev
 .text          0x00006a70      0x700 ../lab4-1_bsp/\libhal_bsp.a(altera_up_avalon_ps2.o)
                0x00006a70                read_RI_bit
                0x00006aa4                read_RE_bit
                0x00006ad4                read_CE_bit
                0x00006b08                read_num_bytes_available
                0x00006b3c                read_data_valid
                0x00006b70                read_data_byte
                0x00006b9c                alt_up_ps2_init
                0x00006c68                alt_up_ps2_enable_read_interrupt
                0x00006cbc                alt_up_ps2_disable_read_interrupt
                0x00006d14                alt_up_ps2_write_data_byte
                0x00006d8c                alt_up_ps2_wait_for_ack
                0x00006dfc                alt_up_ps2_write_data_byte_with_ack
                0x00006e68                alt_up_ps2_read_data_byte_timeout
                0x00006f18                alt_up_ps2_read_data_byte
                0x00006f94                alt_up_ps2_clear_fifo
                0x00006fec                alt_up_ps2_read_fd
                0x00007088                alt_up_ps2_write_fd
                0x00007130                alt_up_ps2_open_dev
 .text          0x00007170      0x398 ../lab4-1_bsp/\libhal_bsp.a(altera_up_avalon_rs232.o)
                0x00007170                alt_up_rs232_enable_read_interrupt
                0x000071c4                alt_up_rs232_disable_read_interrupt
                0x0000721c                alt_up_rs232_get_used_space_in_read_FIFO
                0x00007258                alt_up_rs232_get_available_space_in_write_FIFO
                0x00007298                alt_up_rs232_check_parity
                0x000072e8                alt_up_rs232_write_data
                0x00007330                alt_up_rs232_read_data
                0x000073a4                alt_up_rs232_read_fd
                0x00007434                alt_up_rs232_write_fd
                0x000074c8                alt_up_rs232_open_dev
 .text          0x00007508      0x304 ../lab4-1_bsp/\libhal_bsp.a(altera_up_avalon_video_character_buffer_with_dma.o)
                0x00007508                alt_up_char_buffer_init
                0x0000758c                alt_up_char_buffer_open_dev
                0x000075cc                alt_up_char_buffer_draw
                0x0000769c                alt_up_char_buffer_string
                0x000077b0                alt_up_char_buffer_clear
 .text          0x0000780c     0x156c ../lab4-1_bsp/\libhal_bsp.a(altera_up_avalon_video_pixel_buffer_dma.o)
                0x0000780c                alt_up_pixel_buffer_dma_open_dev
                0x0000784c                alt_up_pixel_buffer_dma_draw
                0x000079ec                alt_up_pixel_buffer_dma_change_back_buffer_address
                0x00007a44                alt_up_pixel_buffer_dma_swap_buffers
                0x00007a9c                alt_up_pixel_buffer_dma_check_swap_buffers_status
                0x00007ad0                alt_up_pixel_buffer_dma_clear_screen
                0x00007c34                alt_up_pixel_buffer_dma_draw_box
                0x00008128                alt_up_pixel_buffer_dma_draw_hline
                0x00008478                alt_up_pixel_buffer_dma_draw_vline
                0x00008848                alt_up_pixel_buffer_dma_draw_rectangle
                0x0000890c                helper_plot_pixel
                0x000089dc                alt_up_pixel_buffer_dma_draw_line
 .text          0x00008d78      0x154 ../lab4-1_bsp/\libhal_bsp.a(alt_alarm_start.o)
                0x00008d78                alt_alarm_start
 .text          0x00008ecc      0x15c ../lab4-1_bsp/\libhal_bsp.a(alt_close.o)
                0x00008ecc                close
 .text          0x00009028       0x1c ../lab4-1_bsp/\libhal_bsp.a(alt_dcache_flush_all.o)
                0x00009028                alt_dcache_flush_all
 .text          0x00009044       0x2c ../lab4-1_bsp/\libhal_bsp.a(alt_dev.o)
 .text          0x00009070      0x114 ../lab4-1_bsp/\libhal_bsp.a(alt_dev_llist_insert.o)
                0x00009070                alt_dev_llist_insert
 .text          0x00009184       0x64 ../lab4-1_bsp/\libhal_bsp.a(alt_do_ctors.o)
                0x00009184                _do_ctors
 .text          0x000091e8       0x64 ../lab4-1_bsp/\libhal_bsp.a(alt_do_dtors.o)
                0x000091e8                _do_dtors
 .text          0x0000924c        0x0 ../lab4-1_bsp/\libhal_bsp.a(alt_errno.o)
 .text          0x0000924c       0x94 ../lab4-1_bsp/\libhal_bsp.a(alt_find_dev.o)
                0x0000924c                alt_find_dev
 .text          0x000092e0       0x30 ../lab4-1_bsp/\libhal_bsp.a(alt_icache_flush_all.o)
                0x000092e0                alt_icache_flush_all
 .text          0x00009310      0x13c ../lab4-1_bsp/\libhal_bsp.a(alt_io_redirect.o)
                0x000093d4                alt_io_redirect
 .text          0x0000944c        0x0 ../lab4-1_bsp/\libhal_bsp.a(alt_irq_entry.o)
 .text          0x0000944c        0x0 ../lab4-1_bsp/\libhal_bsp.a(alt_irq_handler.o)
 .text          0x0000944c      0x2c4 ../lab4-1_bsp/\libhal_bsp.a(alt_open.o)
                0x00009528                open
 .text          0x00009710       0x60 ../lab4-1_bsp/\libhal_bsp.a(alt_release_fd.o)
                0x00009710                alt_release_fd
 .text          0x00009770      0x1a4 ../lab4-1_bsp/\libhal_bsp.a(alt_tick.o)
                0x00009770                alt_alarm_stop
                0x00009808                alt_tick
 .text          0x00009914       0x30 ../lab4-1_bsp/\libhal_bsp.a(alt_usleep.o)
                0x00009914                usleep
 .text          0x00009944       0x20 ../lab4-1_bsp/\libhal_bsp.a(altera_nios2_qsys_irq.o)
                0x00009944                altera_nios2_qsys_irq_init
 .text          0x00009964      0x12c ../lab4-1_bsp/\libhal_bsp.a(alt_busy_sleep.o)
                0x00009964                alt_busy_sleep
 .text          0x00009a90        0x0 ../lab4-1_bsp/\libhal_bsp.a(alt_exception_entry.o)
 .text          0x00009a90      0x120 ../lab4-1_bsp/\libhal_bsp.a(alt_find_file.o)
                0x00009a90                alt_find_file
 .text          0x00009bb0       0xb8 ../lab4-1_bsp/\libhal_bsp.a(alt_get_fd.o)
                0x00009bb0                alt_get_fd
 .text          0x00009c68       0x90 ../lab4-1_bsp/\libhal_bsp.a(alt_icache_flush.o)
                0x00009c68                alt_icache_flush
 .text          0x00009cf8       0x14 c:/altera/13.0sp1/nios2eds/bin/gnu/h-i686-mingw32/bin/../lib/gcc/nios2-elf/4.1.2/../../../../nios2-elf/lib\libc.a(lib_a-atexit.o)
                0x00009cf8                atexit
 .text          0x00009d0c       0x38 c:/altera/13.0sp1/nios2eds/bin/gnu/h-i686-mingw32/bin/../lib/gcc/nios2-elf/4.1.2/../../../../nios2-elf/lib\libc.a(lib_a-exit.o)
                0x00009d0c                exit
 .text          0x00009d44        0x0 c:/altera/13.0sp1/nios2eds/bin/gnu/h-i686-mingw32/bin/../lib/gcc/nios2-elf/4.1.2/../../../../nios2-elf/lib\libc.a(lib_a-impure.o)
 .text          0x00009d44        0x0 c:/altera/13.0sp1/nios2eds/bin/gnu/h-i686-mingw32/bin/../lib/gcc/nios2-elf/4.1.2/../../../../nios2-elf/lib\libc.a(lib_a-int_errno.o)
 .text          0x00009d44       0x74 c:/altera/13.0sp1/nios2eds/bin/gnu/h-i686-mingw32/bin/../lib/gcc/nios2-elf/4.1.2/../../../../nios2-elf/lib\libc.a(lib_a-memcmp.o)
                0x00009d44                memcmp
 .text          0x00009db8      0x1ec c:/altera/13.0sp1/nios2eds/bin/gnu/h-i686-mingw32/bin/../lib/gcc/nios2-elf/4.1.2/../../../../nios2-elf/lib\libc.a(lib_a-putc.o)
                0x00009db8                putc
                0x00009ebc                _putc_r
 .text          0x00009fa4       0xbc c:/altera/13.0sp1/nios2eds/bin/gnu/h-i686-mingw32/bin/../lib/gcc/nios2-elf/4.1.2/../../../../nios2-elf/lib\libc.a(lib_a-strcmp.o)
                0x00009fa4                strcmp
 .text          0x0000a060       0x74 c:/altera/13.0sp1/nios2eds/bin/gnu/h-i686-mingw32/bin/../lib/gcc/nios2-elf/4.1.2/../../../../nios2-elf/lib\libc.a(lib_a-strlen.o)
                0x0000a060                strlen
 .text          0x0000a0d4      0x14c c:/altera/13.0sp1/nios2eds/bin/gnu/h-i686-mingw32/bin/../lib/gcc/nios2-elf/4.1.2/../../../../nios2-elf/lib\libc.a(lib_a-wbuf.o)
                0x0000a0d4                __swbuf_r
                0x0000a204                __swbuf
 .text          0x0000a220      0x13c c:/altera/13.0sp1/nios2eds/bin/gnu/h-i686-mingw32/bin/../lib/gcc/nios2-elf/4.1.2/../../../../nios2-elf/lib\libc.a(lib_a-wsetup.o)
                0x0000a220                __swsetup_r
 .text          0x0000a35c      0x134 c:/altera/13.0sp1/nios2eds/bin/gnu/h-i686-mingw32/bin/../lib/gcc/nios2-elf/4.1.2/../../../../nios2-elf/lib\libc.a(lib_a-__atexit.o)
                0x0000a35c                __register_exitproc
 .text          0x0000a490      0x1b4 c:/altera/13.0sp1/nios2eds/bin/gnu/h-i686-mingw32/bin/../lib/gcc/nios2-elf/4.1.2/../../../../nios2-elf/lib\libc.a(lib_a-__call_atexit.o)
                0x0000a494                __call_exitprocs
 .text          0x0000a644      0x230 c:/altera/13.0sp1/nios2eds/bin/gnu/h-i686-mingw32/bin/../lib/gcc/nios2-elf/4.1.2/../../../../nios2-elf/lib\libc.a(lib_a-fflush.o)
                0x0000a644                _fflush_r
                0x0000a840                fflush
 .text          0x0000a874      0x2c0 c:/altera/13.0sp1/nios2eds/bin/gnu/h-i686-mingw32/bin/../lib/gcc/nios2-elf/4.1.2/../../../../nios2-elf/lib\libc.a(lib_a-findfp.o)
                0x0000a8cc                __sfp_lock_acquire
                0x0000a8d0                __sfp_lock_release
                0x0000a8d4                __sinit_lock_acquire
                0x0000a8d8                __sinit_lock_release
                0x0000a8dc                __sinit
                0x0000a990                __fp_unlock_all
                0x0000a9a8                __fp_lock_all
                0x0000a9c0                _cleanup_r
                0x0000a9cc                _cleanup
                0x0000a9dc                __sfmoreglue
                0x0000aa44                __sfp
 .text          0x0000ab34      0x440 c:/altera/13.0sp1/nios2eds/bin/gnu/h-i686-mingw32/bin/../lib/gcc/nios2-elf/4.1.2/../../../../nios2-elf/lib\libc.a(lib_a-freer.o)
                0x0000ab34                _malloc_trim_r
                0x0000ac60                _free_r
 .text          0x0000af74      0x180 c:/altera/13.0sp1/nios2eds/bin/gnu/h-i686-mingw32/bin/../lib/gcc/nios2-elf/4.1.2/../../../../nios2-elf/lib\libc.a(lib_a-fwalk.o)
                0x0000af74                _fwalk_reent
                0x0000b03c                _fwalk
 .text          0x0000b0f4      0x194 c:/altera/13.0sp1/nios2eds/bin/gnu/h-i686-mingw32/bin/../lib/gcc/nios2-elf/4.1.2/../../../../nios2-elf/lib\libc.a(lib_a-makebuf.o)
                0x0000b0f4                __smakebuf_r
 .text          0x0000b288      0x740 c:/altera/13.0sp1/nios2eds/bin/gnu/h-i686-mingw32/bin/../lib/gcc/nios2-elf/4.1.2/../../../../nios2-elf/lib\libc.a(lib_a-mallocr.o)
                0x0000b288                _malloc_r
 .text          0x0000b9c8       0x70 c:/altera/13.0sp1/nios2eds/bin/gnu/h-i686-mingw32/bin/../lib/gcc/nios2-elf/4.1.2/../../../../nios2-elf/lib\libc.a(lib_a-sbrkr.o)
                0x0000b9c8                _sbrk_r
 .text          0x0000ba38      0x14c c:/altera/13.0sp1/nios2eds/bin/gnu/h-i686-mingw32/bin/../lib/gcc/nios2-elf/4.1.2/../../../../nios2-elf/lib\libc.a(lib_a-stdio.o)
                0x0000ba38                __sclose
                0x0000ba40                __sseek
                0x0000baa8                __swrite
                0x0000bb24                __sread
 .text          0x0000bb84       0x78 c:/altera/13.0sp1/nios2eds/bin/gnu/h-i686-mingw32/bin/../lib/gcc/nios2-elf/4.1.2/../../../../nios2-elf/lib\libc.a(lib_a-writer.o)
                0x0000bb84                _write_r
 .text          0x0000bbfc       0x70 c:/altera/13.0sp1/nios2eds/bin/gnu/h-i686-mingw32/bin/../lib/gcc/nios2-elf/4.1.2/../../../../nios2-elf/lib\libc.a(lib_a-closer.o)
                0x0000bbfc                _close_r
 .text          0x0000bc6c      0x124 c:/altera/13.0sp1/nios2eds/bin/gnu/h-i686-mingw32/bin/../lib/gcc/nios2-elf/4.1.2/../../../../nios2-elf/lib\libc.a(lib_a-fclose.o)
                0x0000bc6c                _fclose_r
                0x0000bd7c                fclose
 .text          0x0000bd90       0x74 c:/altera/13.0sp1/nios2eds/bin/gnu/h-i686-mingw32/bin/../lib/gcc/nios2-elf/4.1.2/../../../../nios2-elf/lib\libc.a(lib_a-fstatr.o)
                0x0000bd90                _fstat_r
 .text          0x0000be04       0x70 c:/altera/13.0sp1/nios2eds/bin/gnu/h-i686-mingw32/bin/../lib/gcc/nios2-elf/4.1.2/../../../../nios2-elf/lib\libc.a(lib_a-isattyr.o)
                0x0000be04                _isatty_r
 .text          0x0000be74       0x78 c:/altera/13.0sp1/nios2eds/bin/gnu/h-i686-mingw32/bin/../lib/gcc/nios2-elf/4.1.2/../../../../nios2-elf/lib\libc.a(lib_a-lseekr.o)
                0x0000be74                _lseek_r
 .text          0x0000beec       0x78 c:/altera/13.0sp1/nios2eds/bin/gnu/h-i686-mingw32/bin/../lib/gcc/nios2-elf/4.1.2/../../../../nios2-elf/lib\libc.a(lib_a-readr.o)
                0x0000beec                _read_r
 .text          0x0000bf64       0x60 ../lab4-1_bsp/\libhal_bsp.a(alt_exit.o)
                0x0000bfa4                _exit
 .text          0x0000bfc4      0x134 ../lab4-1_bsp/\libhal_bsp.a(alt_fstat.o)
                0x0000bfc4                fstat
 .text          0x0000c0f8      0x120 ../lab4-1_bsp/\libhal_bsp.a(alt_isatty.o)
                0x0000c0f8                isatty
 .text          0x0000c218      0x150 ../lab4-1_bsp/\libhal_bsp.a(alt_lseek.o)
                0x0000c218                lseek
 .text          0x0000c368       0x40 ../lab4-1_bsp/\libhal_bsp.a(alt_malloc_lock.o)
                0x0000c368                __malloc_lock
                0x0000c388                __malloc_unlock
 .text          0x0000c3a8      0x180 ../lab4-1_bsp/\libhal_bsp.a(alt_read.o)
                0x0000c3a8                read
 .text          0x0000c528       0xbc ../lab4-1_bsp/\libhal_bsp.a(alt_sbrk.o)
                0x0000c528                sbrk
 .text          0x0000c5e4      0x180 ../lab4-1_bsp/\libhal_bsp.a(alt_write.o)
                0x0000c5e4                write
 *(.gnu.warning.*)
 *(.fini)
                0x0000c764                PROVIDE (__etext, ABSOLUTE (.))
                0x0000c764                PROVIDE (_etext, ABSOLUTE (.))
                0x0000c764                PROVIDE (etext, ABSOLUTE (.))
 *(.eh_frame_hdr)
                0x0000c764                . = ALIGN (0x4)
                0x0000c764                PROVIDE (__preinit_array_start, ABSOLUTE (.))
 *(.preinit_array)
                0x0000c764                PROVIDE (__preinit_array_end, ABSOLUTE (.))
                0x0000c764                PROVIDE (__init_array_start, ABSOLUTE (.))
 *(.init_array)
                0x0000c764                PROVIDE (__init_array_end, ABSOLUTE (.))
                0x0000c764                PROVIDE (__fini_array_start, ABSOLUTE (.))
 *(.fini_array)
                0x0000c764                PROVIDE (__fini_array_end, ABSOLUTE (.))
 *(.eh_frame)
 *(.gcc_except_table)
 *(.dynamic)
                0x0000c764                PROVIDE (__CTOR_LIST__, ABSOLUTE (.))
 *(.ctors)
 *(SORT(.ctors.*))
 .ctors.65535   0x0000c764        0x4 c:/altera/13.0sp1/nios2eds/bin/gnu/h-i686-mingw32/bin/../lib/gcc/nios2-elf/4.1.2/../../../../nios2-elf/lib\libc.a(lib_a-__call_atexit.o)
                0x0000c768                PROVIDE (__CTOR_END__, ABSOLUTE (.))
                0x0000c768                PROVIDE (__DTOR_LIST__, ABSOLUTE (.))
 *(.dtors)
 *(SORT(.dtors.*))
                0x0000c768                PROVIDE (__DTOR_END__, ABSOLUTE (.))
 *(.jcr)
                0x0000c768                . = ALIGN (0x4)

.rodata         0x0000c768      0x754
                0x0000c768                PROVIDE (__ram_rodata_start, ABSOLUTE (.))
                0x0000c768                . = ALIGN (0x4)
 *(.rodata .rodata.* .gnu.linkonce.r.*)
 .rodata        0x0000c768      0x100 obj/default/filter.o
                0x0000c768                coef
 .rodata        0x0000c868      0x388 obj/default/media_interrupt_HAL.o
 .rodata        0x0000cbf0       0x14 c:/altera/13.0sp1/nios2eds/bin/gnu/h-i686-mingw32/bin/../lib/gcc/nios2-elf/4.1.2\libgcc.a(_thenan_df.o)
                0x0000cbf0                __thenan_df
 .rodata        0x0000cc04      0x100 c:/altera/13.0sp1/nios2eds/bin/gnu/h-i686-mingw32/bin/../lib/gcc/nios2-elf/4.1.2\libgcc.a(_clz.o)
                0x0000cc04                __clz_tab
 .rodata        0x0000cd04       0x10 ../lab4-1_bsp/\libhal_bsp.a(alt_main.o)
 .rodata        0x0000cd14      0x17c ../lab4-1_bsp/\libhal_bsp.a(alt_sys_init.o)
 .rodata        0x0000ce90       0x1c ../lab4-1_bsp/\libhal_bsp.a(altera_up_avalon_video_character_buffer_with_dma.o)
 .rodata        0x0000ceac        0xc ../lab4-1_bsp/\libhal_bsp.a(alt_dev.o)
 .rodata.str1.4
                0x0000ceb8        0x4 c:/altera/13.0sp1/nios2eds/bin/gnu/h-i686-mingw32/bin/../lib/gcc/nios2-elf/4.1.2/../../../../nios2-elf/lib\libc.a(lib_a-impure.o)
 *(.rodata1)
                0x0000cebc                . = ALIGN (0x4)
                0x0000cebc                PROVIDE (__ram_rodata_end, ABSOLUTE (.))
                0x0000c768                PROVIDE (__flash_rodata_start, LOADADDR (.rodata))

.rwdata         0x0000cebc     0x1f14 load address 0x0000edd0
                0x0000cebc                PROVIDE (__ram_rwdata_start, ABSOLUTE (.))
                0x0000cebc                . = ALIGN (0x4)
 *(.got.plt)
 *(.got)
 *(.data1)
 *(.data .data.* .gnu.linkonce.d.*)
 .data          0x0000cebc        0x0 ../lab4-1_bsp//obj/HAL/src/crt0.o
 .data          0x0000cebc        0x0 obj/default/PS2_ISR.o
 .data          0x0000cebc        0x0 obj/default/audio_ISR.o
 .data          0x0000cebc        0x0 obj/default/filter.o
 .data          0x0000cebc        0x0 obj/default/globals.o
 .data          0x0000cebc        0x0 obj/default/interval_timer_ISR.o
 .data          0x0000cebc      0x100 obj/default/media_interrupt_HAL.o
                0x0000cebc                cursor_shape
 .data          0x0000cfbc        0x0 obj/default/pushbutton_ISR.o
 .data          0x0000cfbc        0x0 c:/altera/13.0sp1/nios2eds/bin/gnu/h-i686-mingw32/bin/../lib/gcc/nios2-elf/4.1.2\libgcc.a(_muldi3.o)
 .data          0x0000cfbc        0x0 c:/altera/13.0sp1/nios2eds/bin/gnu/h-i686-mingw32/bin/../lib/gcc/nios2-elf/4.1.2\libgcc.a(_fixunsdfsi.o)
 .data          0x0000cfbc        0x0 c:/altera/13.0sp1/nios2eds/bin/gnu/h-i686-mingw32/bin/../lib/gcc/nios2-elf/4.1.2\libgcc.a(_divdi3.o)
 .data          0x0000cfbc        0x0 c:/altera/13.0sp1/nios2eds/bin/gnu/h-i686-mingw32/bin/../lib/gcc/nios2-elf/4.1.2\libgcc.a(_sf_to_df.o)
 .data          0x0000cfbc        0x0 c:/altera/13.0sp1/nios2eds/bin/gnu/h-i686-mingw32/bin/../lib/gcc/nios2-elf/4.1.2\libgcc.a(_usi_to_sf.o)
 .data          0x0000cfbc        0x0 c:/altera/13.0sp1/nios2eds/bin/gnu/h-i686-mingw32/bin/../lib/gcc/nios2-elf/4.1.2\libgcc.a(_addsub_df.o)
 .data          0x0000cfbc        0x0 c:/altera/13.0sp1/nios2eds/bin/gnu/h-i686-mingw32/bin/../lib/gcc/nios2-elf/4.1.2\libgcc.a(_mul_df.o)
 .data          0x0000cfbc        0x0 c:/altera/13.0sp1/nios2eds/bin/gnu/h-i686-mingw32/bin/../lib/gcc/nios2-elf/4.1.2\libgcc.a(_ge_df.o)
 .data          0x0000cfbc        0x0 c:/altera/13.0sp1/nios2eds/bin/gnu/h-i686-mingw32/bin/../lib/gcc/nios2-elf/4.1.2\libgcc.a(_df_to_si.o)
 .data          0x0000cfbc        0x0 c:/altera/13.0sp1/nios2eds/bin/gnu/h-i686-mingw32/bin/../lib/gcc/nios2-elf/4.1.2\libgcc.a(_make_df.o)
 .data          0x0000cfbc        0x0 c:/altera/13.0sp1/nios2eds/bin/gnu/h-i686-mingw32/bin/../lib/gcc/nios2-elf/4.1.2\libgcc.a(_thenan_df.o)
 .data          0x0000cfbc        0x0 c:/altera/13.0sp1/nios2eds/bin/gnu/h-i686-mingw32/bin/../lib/gcc/nios2-elf/4.1.2\libgcc.a(lib2-divmod.o)
 .data          0x0000cfbc        0x0 c:/altera/13.0sp1/nios2eds/bin/gnu/h-i686-mingw32/bin/../lib/gcc/nios2-elf/4.1.2\libgcc.a(_clz.o)
 .data          0x0000cfbc        0x0 c:/altera/13.0sp1/nios2eds/bin/gnu/h-i686-mingw32/bin/../lib/gcc/nios2-elf/4.1.2\libgcc.a(_clzsi2.o)
 .data          0x0000cfbc        0x0 c:/altera/13.0sp1/nios2eds/bin/gnu/h-i686-mingw32/bin/../lib/gcc/nios2-elf/4.1.2\libgcc.a(_pack_sf.o)
 .data          0x0000cfbc        0x0 c:/altera/13.0sp1/nios2eds/bin/gnu/h-i686-mingw32/bin/../lib/gcc/nios2-elf/4.1.2\libgcc.a(_unpack_sf.o)
 .data          0x0000cfbc        0x0 c:/altera/13.0sp1/nios2eds/bin/gnu/h-i686-mingw32/bin/../lib/gcc/nios2-elf/4.1.2\libgcc.a(_pack_df.o)
 .data          0x0000cfbc        0x0 c:/altera/13.0sp1/nios2eds/bin/gnu/h-i686-mingw32/bin/../lib/gcc/nios2-elf/4.1.2\libgcc.a(_unpack_df.o)
 .data          0x0000cfbc        0x0 c:/altera/13.0sp1/nios2eds/bin/gnu/h-i686-mingw32/bin/../lib/gcc/nios2-elf/4.1.2\libgcc.a(_fpcmp_parts_df.o)
 .data          0x0000cfbc        0x0 c:/altera/13.0sp1/nios2eds/bin/gnu/h-i686-mingw32/bin/../lib/gcc/nios2-elf/4.1.2/../../../../nios2-elf/lib\libc.a(lib_a-memcpy.o)
 .data          0x0000cfbc        0x0 c:/altera/13.0sp1/nios2eds/bin/gnu/h-i686-mingw32/bin/../lib/gcc/nios2-elf/4.1.2/../../../../nios2-elf/lib\libc.a(lib_a-memset.o)
 .data          0x0000cfbc        0x0 ../lab4-1_bsp/\libhal_bsp.a(alt_irq_register.o)
 .data          0x0000cfbc        0x0 ../lab4-1_bsp/\libhal_bsp.a(alt_irq_vars.o)
 .data          0x0000cfbc        0x0 ../lab4-1_bsp/\libhal_bsp.a(alt_load.o)
 .data          0x0000cfbc        0x0 ../lab4-1_bsp/\libhal_bsp.a(alt_main.o)
 .data          0x0000cfbc        0x0 ../lab4-1_bsp/\libhal_bsp.a(alt_printf.o)
 .data          0x0000cfbc        0x0 ../lab4-1_bsp/\libhal_bsp.a(alt_putchar.o)
 .data          0x0000cfbc     0x1414 ../lab4-1_bsp/\libhal_bsp.a(alt_sys_init.o)
 .data          0x0000e3d0        0x0 ../lab4-1_bsp/\libhal_bsp.a(altera_avalon_jtag_uart_fd.o)
 .data          0x0000e3d0        0x0 ../lab4-1_bsp/\libhal_bsp.a(altera_avalon_jtag_uart_init.o)
 .data          0x0000e3d0        0x0 ../lab4-1_bsp/\libhal_bsp.a(altera_avalon_jtag_uart_ioctl.o)
 .data          0x0000e3d0        0x0 ../lab4-1_bsp/\libhal_bsp.a(altera_avalon_jtag_uart_read.o)
 .data          0x0000e3d0        0x0 ../lab4-1_bsp/\libhal_bsp.a(altera_avalon_jtag_uart_write.o)
 .data          0x0000e3d0        0x0 ../lab4-1_bsp/\libhal_bsp.a(altera_avalon_timer_sc.o)
 .data          0x0000e3d0        0x0 ../lab4-1_bsp/\libhal_bsp.a(altera_up_avalon_audio.o)
 .data          0x0000e3d0        0x0 ../lab4-1_bsp/\libhal_bsp.a(altera_up_avalon_character_lcd.o)
 .data          0x0000e3d0        0x0 ../lab4-1_bsp/\libhal_bsp.a(altera_up_avalon_ethernet.o)
 .data          0x0000e3d0        0x0 ../lab4-1_bsp/\libhal_bsp.a(altera_up_avalon_ethernet_low_level_driver.o)
 .data          0x0000e3d0        0x0 ../lab4-1_bsp/\libhal_bsp.a(altera_up_avalon_irda.o)
 .data          0x0000e3d0        0x0 ../lab4-1_bsp/\libhal_bsp.a(altera_up_avalon_parallel_port.o)
 .data          0x0000e3d0        0x0 ../lab4-1_bsp/\libhal_bsp.a(altera_up_avalon_ps2.o)
 .data          0x0000e3d0        0x0 ../lab4-1_bsp/\libhal_bsp.a(altera_up_avalon_rs232.o)
 .data          0x0000e3d0        0x0 ../lab4-1_bsp/\libhal_bsp.a(altera_up_avalon_video_character_buffer_with_dma.o)
 .data          0x0000e3d0        0x0 ../lab4-1_bsp/\libhal_bsp.a(altera_up_avalon_video_pixel_buffer_dma.o)
 .data          0x0000e3d0        0x0 ../lab4-1_bsp/\libhal_bsp.a(alt_alarm_start.o)
 .data          0x0000e3d0        0x0 ../lab4-1_bsp/\libhal_bsp.a(alt_close.o)
 .data          0x0000e3d0        0x0 ../lab4-1_bsp/\libhal_bsp.a(alt_dcache_flush_all.o)
 .data          0x0000e3d0      0x1a8 ../lab4-1_bsp/\libhal_bsp.a(alt_dev.o)
                0x0000e3d0                alt_dev_null
                0x0000e3f8                alt_fd_list
 .data          0x0000e578        0x0 ../lab4-1_bsp/\libhal_bsp.a(alt_dev_llist_insert.o)
 .data          0x0000e578        0x0 ../lab4-1_bsp/\libhal_bsp.a(alt_do_ctors.o)
 .data          0x0000e578        0x0 ../lab4-1_bsp/\libhal_bsp.a(alt_do_dtors.o)
 .data          0x0000e578        0x0 ../lab4-1_bsp/\libhal_bsp.a(alt_errno.o)
 .data          0x0000e578        0x0 ../lab4-1_bsp/\libhal_bsp.a(alt_find_dev.o)
 .data          0x0000e578        0x0 ../lab4-1_bsp/\libhal_bsp.a(alt_icache_flush_all.o)
 .data          0x0000e578        0x0 ../lab4-1_bsp/\libhal_bsp.a(alt_io_redirect.o)
 .data          0x0000e578        0x0 ../lab4-1_bsp/\libhal_bsp.a(alt_irq_entry.o)
 .data          0x0000e578        0x0 ../lab4-1_bsp/\libhal_bsp.a(alt_irq_handler.o)
 .data          0x0000e578        0x0 ../lab4-1_bsp/\libhal_bsp.a(alt_open.o)
 .data          0x0000e578        0x0 ../lab4-1_bsp/\libhal_bsp.a(alt_release_fd.o)
 .data          0x0000e578        0x0 ../lab4-1_bsp/\libhal_bsp.a(alt_tick.o)
 .data          0x0000e578        0x0 ../lab4-1_bsp/\libhal_bsp.a(alt_usleep.o)
 .data          0x0000e578        0x0 ../lab4-1_bsp/\libhal_bsp.a(altera_nios2_qsys_irq.o)
 .data          0x0000e578        0x0 ../lab4-1_bsp/\libhal_bsp.a(alt_busy_sleep.o)
 .data          0x0000e578        0x0 ../lab4-1_bsp/\libhal_bsp.a(alt_exception_entry.o)
 .data          0x0000e578        0x0 ../lab4-1_bsp/\libhal_bsp.a(alt_find_file.o)
 .data          0x0000e578        0x0 ../lab4-1_bsp/\libhal_bsp.a(alt_get_fd.o)
 .data          0x0000e578        0x0 ../lab4-1_bsp/\libhal_bsp.a(alt_icache_flush.o)
 .data          0x0000e578        0x0 c:/altera/13.0sp1/nios2eds/bin/gnu/h-i686-mingw32/bin/../lib/gcc/nios2-elf/4.1.2/../../../../nios2-elf/lib\libc.a(lib_a-atexit.o)
 .data          0x0000e578        0x0 c:/altera/13.0sp1/nios2eds/bin/gnu/h-i686-mingw32/bin/../lib/gcc/nios2-elf/4.1.2/../../../../nios2-elf/lib\libc.a(lib_a-exit.o)
 .data          0x0000e578      0x400 c:/altera/13.0sp1/nios2eds/bin/gnu/h-i686-mingw32/bin/../lib/gcc/nios2-elf/4.1.2/../../../../nios2-elf/lib\libc.a(lib_a-impure.o)
 .data          0x0000e978        0x0 c:/altera/13.0sp1/nios2eds/bin/gnu/h-i686-mingw32/bin/../lib/gcc/nios2-elf/4.1.2/../../../../nios2-elf/lib\libc.a(lib_a-int_errno.o)
 .data          0x0000e978        0x0 c:/altera/13.0sp1/nios2eds/bin/gnu/h-i686-mingw32/bin/../lib/gcc/nios2-elf/4.1.2/../../../../nios2-elf/lib\libc.a(lib_a-memcmp.o)
 .data          0x0000e978        0x0 c:/altera/13.0sp1/nios2eds/bin/gnu/h-i686-mingw32/bin/../lib/gcc/nios2-elf/4.1.2/../../../../nios2-elf/lib\libc.a(lib_a-putc.o)
 .data          0x0000e978        0x0 c:/altera/13.0sp1/nios2eds/bin/gnu/h-i686-mingw32/bin/../lib/gcc/nios2-elf/4.1.2/../../../../nios2-elf/lib\libc.a(lib_a-strcmp.o)
 .data          0x0000e978        0x0 c:/altera/13.0sp1/nios2eds/bin/gnu/h-i686-mingw32/bin/../lib/gcc/nios2-elf/4.1.2/../../../../nios2-elf/lib\libc.a(lib_a-strlen.o)
 .data          0x0000e978        0x0 c:/altera/13.0sp1/nios2eds/bin/gnu/h-i686-mingw32/bin/../lib/gcc/nios2-elf/4.1.2/../../../../nios2-elf/lib\libc.a(lib_a-wbuf.o)
 .data          0x0000e978        0x0 c:/altera/13.0sp1/nios2eds/bin/gnu/h-i686-mingw32/bin/../lib/gcc/nios2-elf/4.1.2/../../../../nios2-elf/lib\libc.a(lib_a-wsetup.o)
 .data          0x0000e978        0x0 c:/altera/13.0sp1/nios2eds/bin/gnu/h-i686-mingw32/bin/../lib/gcc/nios2-elf/4.1.2/../../../../nios2-elf/lib\libc.a(lib_a-__atexit.o)
 .data          0x0000e978        0x0 c:/altera/13.0sp1/nios2eds/bin/gnu/h-i686-mingw32/bin/../lib/gcc/nios2-elf/4.1.2/../../../../nios2-elf/lib\libc.a(lib_a-__call_atexit.o)
 .data          0x0000e978        0x0 c:/altera/13.0sp1/nios2eds/bin/gnu/h-i686-mingw32/bin/../lib/gcc/nios2-elf/4.1.2/../../../../nios2-elf/lib\libc.a(lib_a-fflush.o)
 .data          0x0000e978        0x0 c:/altera/13.0sp1/nios2eds/bin/gnu/h-i686-mingw32/bin/../lib/gcc/nios2-elf/4.1.2/../../../../nios2-elf/lib\libc.a(lib_a-findfp.o)
 .data          0x0000e978        0x0 c:/altera/13.0sp1/nios2eds/bin/gnu/h-i686-mingw32/bin/../lib/gcc/nios2-elf/4.1.2/../../../../nios2-elf/lib\libc.a(lib_a-freer.o)
 .data          0x0000e978        0x0 c:/altera/13.0sp1/nios2eds/bin/gnu/h-i686-mingw32/bin/../lib/gcc/nios2-elf/4.1.2/../../../../nios2-elf/lib\libc.a(lib_a-fwalk.o)
 .data          0x0000e978        0x0 c:/altera/13.0sp1/nios2eds/bin/gnu/h-i686-mingw32/bin/../lib/gcc/nios2-elf/4.1.2/../../../../nios2-elf/lib\libc.a(lib_a-makebuf.o)
 .data          0x0000e978      0x408 c:/altera/13.0sp1/nios2eds/bin/gnu/h-i686-mingw32/bin/../lib/gcc/nios2-elf/4.1.2/../../../../nios2-elf/lib\libc.a(lib_a-mallocr.o)
                0x0000e978                __malloc_av_
 .data          0x0000ed80        0x0 c:/altera/13.0sp1/nios2eds/bin/gnu/h-i686-mingw32/bin/../lib/gcc/nios2-elf/4.1.2/../../../../nios2-elf/lib\libc.a(lib_a-sbrkr.o)
 .data          0x0000ed80        0x0 c:/altera/13.0sp1/nios2eds/bin/gnu/h-i686-mingw32/bin/../lib/gcc/nios2-elf/4.1.2/../../../../nios2-elf/lib\libc.a(lib_a-stdio.o)
 .data          0x0000ed80        0x0 c:/altera/13.0sp1/nios2eds/bin/gnu/h-i686-mingw32/bin/../lib/gcc/nios2-elf/4.1.2/../../../../nios2-elf/lib\libc.a(lib_a-writer.o)
 .data          0x0000ed80        0x0 c:/altera/13.0sp1/nios2eds/bin/gnu/h-i686-mingw32/bin/../lib/gcc/nios2-elf/4.1.2/../../../../nios2-elf/lib\libc.a(lib_a-closer.o)
 .data          0x0000ed80        0x0 c:/altera/13.0sp1/nios2eds/bin/gnu/h-i686-mingw32/bin/../lib/gcc/nios2-elf/4.1.2/../../../../nios2-elf/lib\libc.a(lib_a-fclose.o)
 .data          0x0000ed80        0x0 c:/altera/13.0sp1/nios2eds/bin/gnu/h-i686-mingw32/bin/../lib/gcc/nios2-elf/4.1.2/../../../../nios2-elf/lib\libc.a(lib_a-fstatr.o)
 .data          0x0000ed80        0x0 c:/altera/13.0sp1/nios2eds/bin/gnu/h-i686-mingw32/bin/../lib/gcc/nios2-elf/4.1.2/../../../../nios2-elf/lib\libc.a(lib_a-isattyr.o)
 .data          0x0000ed80        0x0 c:/altera/13.0sp1/nios2eds/bin/gnu/h-i686-mingw32/bin/../lib/gcc/nios2-elf/4.1.2/../../../../nios2-elf/lib\libc.a(lib_a-lseekr.o)
 .data          0x0000ed80        0x0 c:/altera/13.0sp1/nios2eds/bin/gnu/h-i686-mingw32/bin/../lib/gcc/nios2-elf/4.1.2/../../../../nios2-elf/lib\libc.a(lib_a-readr.o)
 .data          0x0000ed80        0x0 ../lab4-1_bsp/\libhal_bsp.a(alt_exit.o)
 .data          0x0000ed80        0x0 ../lab4-1_bsp/\libhal_bsp.a(alt_fstat.o)
 .data          0x0000ed80        0x0 ../lab4-1_bsp/\libhal_bsp.a(alt_isatty.o)
 .data          0x0000ed80        0x0 ../lab4-1_bsp/\libhal_bsp.a(alt_lseek.o)
 .data          0x0000ed80        0x0 ../lab4-1_bsp/\libhal_bsp.a(alt_malloc_lock.o)
 .data          0x0000ed80        0x0 ../lab4-1_bsp/\libhal_bsp.a(alt_read.o)
 .data          0x0000ed80        0x0 ../lab4-1_bsp/\libhal_bsp.a(alt_sbrk.o)
 .data          0x0000ed80        0x0 ../lab4-1_bsp/\libhal_bsp.a(alt_write.o)
                0x00016d80                _gp = ABSOLUTE ((. + 0x8000))
                0x00016d80                PROVIDE (gp, _gp)
 *(.rwdata .rwdata.*)
 *(.sdata .sdata.* .gnu.linkonce.s.*)
 .sdata         0x0000ed80       0x18 obj/default/globals.o
                0x0000ed80                new_record_flag
                0x0000ed84                amp_cal
                0x0000ed88                config_reg
                0x0000ed8c                right_addr
                0x0000ed90                left_addr
                0x0000ed94                out_addr
 .sdata         0x0000ed98        0x4 ../lab4-1_bsp/\libhal_bsp.a(alt_irq_vars.o)
                0x0000ed98                alt_priority_mask
 .sdata         0x0000ed9c       0x14 ../lab4-1_bsp/\libhal_bsp.a(alt_dev.o)
                0x0000ed9c                alt_fs_list
                0x0000eda4                alt_dev_list
                0x0000edac                alt_max_fd
 .sdata         0x0000edb0        0x4 ../lab4-1_bsp/\libhal_bsp.a(alt_errno.o)
                0x0000edb0                alt_errno
 .sdata         0x0000edb4        0x8 ../lab4-1_bsp/\libhal_bsp.a(alt_tick.o)
                0x0000edb4                alt_alarm_list
 .sdata         0x0000edbc        0x8 c:/altera/13.0sp1/nios2eds/bin/gnu/h-i686-mingw32/bin/../lib/gcc/nios2-elf/4.1.2/../../../../nios2-elf/lib\libc.a(lib_a-impure.o)
                0x0000edbc                _impure_ptr
                0x0000edc0                _global_impure_ptr
 .sdata         0x0000edc4        0x8 c:/altera/13.0sp1/nios2eds/bin/gnu/h-i686-mingw32/bin/../lib/gcc/nios2-elf/4.1.2/../../../../nios2-elf/lib\libc.a(lib_a-mallocr.o)
                0x0000edc4                __malloc_trim_threshold
                0x0000edc8                __malloc_sbrk_base
 .sdata         0x0000edcc        0x4 ../lab4-1_bsp/\libhal_bsp.a(alt_sbrk.o)
 *(.sdata2 .sdata2.* .gnu.linkonce.s2.*)
                0x0000edd0                . = ALIGN (0x4)
                0x0000edd0                _edata = ABSOLUTE (.)
                0x0000edd0                PROVIDE (edata, ABSOLUTE (.))
                0x0000edd0                PROVIDE (__ram_rwdata_end, ABSOLUTE (.))
                0x0000edd0                PROVIDE (__flash_rwdata_start, LOADADDR (.rwdata))

.bss            0x00010ce4   0x7a1770
                0x00010ce4                __bss_start = ABSOLUTE (.)
                0x00010ce4                PROVIDE (__sbss_start, ABSOLUTE (.))
                0x00010ce4                PROVIDE (___sbss_start, ABSOLUTE (.))
 *(.dynsbss)
 *(.sbss .sbss.* .gnu.linkonce.sb.*)
 .sbss          0x00010ce4        0x4 obj/default/audio_ISR.o
                0x00010ce4                eq
 .sbss          0x00010ce8        0x4 obj/default/globals.o
                0x00010ce8                flag_play
                0x00010cea                flag_is_playing
 .sbss          0x00010cec       0x19 obj/default/globals.o
                0x00010cec                byte2
                0x00010ced                byte3
                0x00010cee                byte1
                0x00010cef                valid_byte3
                0x00010cf0                cnt
                0x00010cf1                flag_denoise
                0x00010cf2                command
                0x00010cf3                flag_mouse
                0x00010cf4                valid_byte2
                0x00010cf8                timeout
                0x00010cfc                buf_index_play
                0x00010d00                buf_index_record
                0x00010d04                valid_byte1
 *fill*         0x00010d05        0x3 00
 .sbss          0x00010d08        0xc obj/default/media_interrupt_HAL.o
                0x00010d08                all_drawn
                0x00010d0c                rect_th
                0x00010d10                y_axis_mouse
                0x00010d12                x_axis_mouse
 .sbss          0x00010d14        0x4 ../lab4-1_bsp/\libhal_bsp.a(alt_irq_vars.o)
                0x00010d14                alt_irq_active
 .sbss          0x00010d18        0xc ../lab4-1_bsp/\libhal_bsp.a(alt_main.o)
                0x00010d18                alt_argc
                0x00010d1c                alt_argv
                0x00010d20                alt_envp
 .sbss          0x00010d24        0x8 ../lab4-1_bsp/\libhal_bsp.a(alt_tick.o)
                0x00010d24                _alt_tick_rate
                0x00010d28                _alt_nticks
 .sbss          0x00010d2c        0x4 c:/altera/13.0sp1/nios2eds/bin/gnu/h-i686-mingw32/bin/../lib/gcc/nios2-elf/4.1.2/../../../../nios2-elf/lib\libc.a(lib_a-int_errno.o)
                0x00010d2c                errno
 .sbss          0x00010d30        0xc c:/altera/13.0sp1/nios2eds/bin/gnu/h-i686-mingw32/bin/../lib/gcc/nios2-elf/4.1.2/../../../../nios2-elf/lib\libc.a(lib_a-mallocr.o)
                0x00010d30                __malloc_top_pad
                0x00010d34                __malloc_max_sbrked_mem
                0x00010d38                __malloc_max_total_mem
 *(.sbss2 .sbss2.* .gnu.linkonce.sb2.*)
 *(.scommon)
                0x00010d3c                PROVIDE (__sbss_end, ABSOLUTE (.))
                0x00010d3c                PROVIDE (___sbss_end, ABSOLUTE (.))
 *(.dynbss)
 *(.bss .bss.* .gnu.linkonce.b.*)
 .bss           0x00010d3c        0x0 ../lab4-1_bsp//obj/HAL/src/crt0.o
 .bss           0x00010d3c        0x0 obj/default/PS2_ISR.o
 .bss           0x00010d3c        0x0 obj/default/audio_ISR.o
 .bss           0x00010d3c        0x0 obj/default/filter.o
 .bss           0x00010d3c      0x1a0 obj/default/globals.o
                0x00010d3c                means
                0x00010d8c                heights
                0x00010ddc                mem
 .bss           0x00010edc        0x0 obj/default/interval_timer_ISR.o
 .bss           0x00010edc        0x0 obj/default/media_interrupt_HAL.o
 .bss           0x00010edc        0x0 obj/default/pushbutton_ISR.o
 .bss           0x00010edc        0x0 c:/altera/13.0sp1/nios2eds/bin/gnu/h-i686-mingw32/bin/../lib/gcc/nios2-elf/4.1.2\libgcc.a(_muldi3.o)
 .bss           0x00010edc        0x0 c:/altera/13.0sp1/nios2eds/bin/gnu/h-i686-mingw32/bin/../lib/gcc/nios2-elf/4.1.2\libgcc.a(_fixunsdfsi.o)
 .bss           0x00010edc        0x0 c:/altera/13.0sp1/nios2eds/bin/gnu/h-i686-mingw32/bin/../lib/gcc/nios2-elf/4.1.2\libgcc.a(_divdi3.o)
 .bss           0x00010edc        0x0 c:/altera/13.0sp1/nios2eds/bin/gnu/h-i686-mingw32/bin/../lib/gcc/nios2-elf/4.1.2\libgcc.a(_sf_to_df.o)
 .bss           0x00010edc        0x0 c:/altera/13.0sp1/nios2eds/bin/gnu/h-i686-mingw32/bin/../lib/gcc/nios2-elf/4.1.2\libgcc.a(_usi_to_sf.o)
 .bss           0x00010edc        0x0 c:/altera/13.0sp1/nios2eds/bin/gnu/h-i686-mingw32/bin/../lib/gcc/nios2-elf/4.1.2\libgcc.a(_addsub_df.o)
 .bss           0x00010edc        0x0 c:/altera/13.0sp1/nios2eds/bin/gnu/h-i686-mingw32/bin/../lib/gcc/nios2-elf/4.1.2\libgcc.a(_mul_df.o)
 .bss           0x00010edc        0x0 c:/altera/13.0sp1/nios2eds/bin/gnu/h-i686-mingw32/bin/../lib/gcc/nios2-elf/4.1.2\libgcc.a(_ge_df.o)
 .bss           0x00010edc        0x0 c:/altera/13.0sp1/nios2eds/bin/gnu/h-i686-mingw32/bin/../lib/gcc/nios2-elf/4.1.2\libgcc.a(_df_to_si.o)
 .bss           0x00010edc        0x0 c:/altera/13.0sp1/nios2eds/bin/gnu/h-i686-mingw32/bin/../lib/gcc/nios2-elf/4.1.2\libgcc.a(_make_df.o)
 .bss           0x00010edc        0x0 c:/altera/13.0sp1/nios2eds/bin/gnu/h-i686-mingw32/bin/../lib/gcc/nios2-elf/4.1.2\libgcc.a(_thenan_df.o)
 .bss           0x00010edc        0x0 c:/altera/13.0sp1/nios2eds/bin/gnu/h-i686-mingw32/bin/../lib/gcc/nios2-elf/4.1.2\libgcc.a(lib2-divmod.o)
 .bss           0x00010edc        0x0 c:/altera/13.0sp1/nios2eds/bin/gnu/h-i686-mingw32/bin/../lib/gcc/nios2-elf/4.1.2\libgcc.a(_clz.o)
 .bss           0x00010edc        0x0 c:/altera/13.0sp1/nios2eds/bin/gnu/h-i686-mingw32/bin/../lib/gcc/nios2-elf/4.1.2\libgcc.a(_clzsi2.o)
 .bss           0x00010edc        0x0 c:/altera/13.0sp1/nios2eds/bin/gnu/h-i686-mingw32/bin/../lib/gcc/nios2-elf/4.1.2\libgcc.a(_pack_sf.o)
 .bss           0x00010edc        0x0 c:/altera/13.0sp1/nios2eds/bin/gnu/h-i686-mingw32/bin/../lib/gcc/nios2-elf/4.1.2\libgcc.a(_unpack_sf.o)
 .bss           0x00010edc        0x0 c:/altera/13.0sp1/nios2eds/bin/gnu/h-i686-mingw32/bin/../lib/gcc/nios2-elf/4.1.2\libgcc.a(_pack_df.o)
 .bss           0x00010edc        0x0 c:/altera/13.0sp1/nios2eds/bin/gnu/h-i686-mingw32/bin/../lib/gcc/nios2-elf/4.1.2\libgcc.a(_unpack_df.o)
 .bss           0x00010edc        0x0 c:/altera/13.0sp1/nios2eds/bin/gnu/h-i686-mingw32/bin/../lib/gcc/nios2-elf/4.1.2\libgcc.a(_fpcmp_parts_df.o)
 .bss           0x00010edc        0x0 c:/altera/13.0sp1/nios2eds/bin/gnu/h-i686-mingw32/bin/../lib/gcc/nios2-elf/4.1.2/../../../../nios2-elf/lib\libc.a(lib_a-memcpy.o)
 .bss           0x00010edc        0x0 c:/altera/13.0sp1/nios2eds/bin/gnu/h-i686-mingw32/bin/../lib/gcc/nios2-elf/4.1.2/../../../../nios2-elf/lib\libc.a(lib_a-memset.o)
 .bss           0x00010edc        0x0 ../lab4-1_bsp/\libhal_bsp.a(alt_irq_register.o)
 .bss           0x00010edc        0x0 ../lab4-1_bsp/\libhal_bsp.a(alt_irq_vars.o)
 .bss           0x00010edc        0x0 ../lab4-1_bsp/\libhal_bsp.a(alt_load.o)
 .bss           0x00010edc        0x0 ../lab4-1_bsp/\libhal_bsp.a(alt_main.o)
 .bss           0x00010edc        0x0 ../lab4-1_bsp/\libhal_bsp.a(alt_printf.o)
 .bss           0x00010edc        0x0 ../lab4-1_bsp/\libhal_bsp.a(alt_putchar.o)
 .bss           0x00010edc        0x0 ../lab4-1_bsp/\libhal_bsp.a(alt_sys_init.o)
 .bss           0x00010edc        0x0 ../lab4-1_bsp/\libhal_bsp.a(altera_avalon_jtag_uart_fd.o)
 .bss           0x00010edc        0x0 ../lab4-1_bsp/\libhal_bsp.a(altera_avalon_jtag_uart_init.o)
 .bss           0x00010edc        0x0 ../lab4-1_bsp/\libhal_bsp.a(altera_avalon_jtag_uart_ioctl.o)
 .bss           0x00010edc        0x0 ../lab4-1_bsp/\libhal_bsp.a(altera_avalon_jtag_uart_read.o)
 .bss           0x00010edc        0x0 ../lab4-1_bsp/\libhal_bsp.a(altera_avalon_jtag_uart_write.o)
 .bss           0x00010edc        0x0 ../lab4-1_bsp/\libhal_bsp.a(altera_avalon_timer_sc.o)
 .bss           0x00010edc        0x0 ../lab4-1_bsp/\libhal_bsp.a(altera_up_avalon_audio.o)
 .bss           0x00010edc        0x0 ../lab4-1_bsp/\libhal_bsp.a(altera_up_avalon_character_lcd.o)
 .bss           0x00010edc        0x0 ../lab4-1_bsp/\libhal_bsp.a(altera_up_avalon_ethernet.o)
 .bss           0x00010edc        0x0 ../lab4-1_bsp/\libhal_bsp.a(altera_up_avalon_ethernet_low_level_driver.o)
 .bss           0x00010edc        0x0 ../lab4-1_bsp/\libhal_bsp.a(altera_up_avalon_irda.o)
 .bss           0x00010edc        0x0 ../lab4-1_bsp/\libhal_bsp.a(altera_up_avalon_parallel_port.o)
 .bss           0x00010edc        0x0 ../lab4-1_bsp/\libhal_bsp.a(altera_up_avalon_ps2.o)
 .bss           0x00010edc        0x0 ../lab4-1_bsp/\libhal_bsp.a(altera_up_avalon_rs232.o)
 .bss           0x00010edc        0x0 ../lab4-1_bsp/\libhal_bsp.a(altera_up_avalon_video_character_buffer_with_dma.o)
 .bss           0x00010edc        0x0 ../lab4-1_bsp/\libhal_bsp.a(altera_up_avalon_video_pixel_buffer_dma.o)
 .bss           0x00010edc        0x0 ../lab4-1_bsp/\libhal_bsp.a(alt_alarm_start.o)
 .bss           0x00010edc        0x0 ../lab4-1_bsp/\libhal_bsp.a(alt_close.o)
 .bss           0x00010edc        0x0 ../lab4-1_bsp/\libhal_bsp.a(alt_dcache_flush_all.o)
 .bss           0x00010edc        0x0 ../lab4-1_bsp/\libhal_bsp.a(alt_dev.o)
 .bss           0x00010edc        0x0 ../lab4-1_bsp/\libhal_bsp.a(alt_dev_llist_insert.o)
 .bss           0x00010edc        0x0 ../lab4-1_bsp/\libhal_bsp.a(alt_do_ctors.o)
 .bss           0x00010edc        0x0 ../lab4-1_bsp/\libhal_bsp.a(alt_do_dtors.o)
 .bss           0x00010edc        0x0 ../lab4-1_bsp/\libhal_bsp.a(alt_errno.o)
 .bss           0x00010edc        0x0 ../lab4-1_bsp/\libhal_bsp.a(alt_find_dev.o)
 .bss           0x00010edc        0x0 ../lab4-1_bsp/\libhal_bsp.a(alt_icache_flush_all.o)
 .bss           0x00010edc        0x0 ../lab4-1_bsp/\libhal_bsp.a(alt_io_redirect.o)
 .bss           0x00010edc        0x0 ../lab4-1_bsp/\libhal_bsp.a(alt_irq_entry.o)
 .bss           0x00010edc        0x0 ../lab4-1_bsp/\libhal_bsp.a(alt_irq_handler.o)
 .bss           0x00010edc        0x0 ../lab4-1_bsp/\libhal_bsp.a(alt_open.o)
 .bss           0x00010edc        0x0 ../lab4-1_bsp/\libhal_bsp.a(alt_release_fd.o)
 .bss           0x00010edc        0x0 ../lab4-1_bsp/\libhal_bsp.a(alt_tick.o)
 .bss           0x00010edc        0x0 ../lab4-1_bsp/\libhal_bsp.a(alt_usleep.o)
 .bss           0x00010edc        0x0 ../lab4-1_bsp/\libhal_bsp.a(altera_nios2_qsys_irq.o)
 .bss           0x00010edc        0x0 ../lab4-1_bsp/\libhal_bsp.a(alt_busy_sleep.o)
 .bss           0x00010edc        0x0 ../lab4-1_bsp/\libhal_bsp.a(alt_exception_entry.o)
 .bss           0x00010edc        0x0 ../lab4-1_bsp/\libhal_bsp.a(alt_find_file.o)
 .bss           0x00010edc        0x0 ../lab4-1_bsp/\libhal_bsp.a(alt_get_fd.o)
 .bss           0x00010edc        0x0 ../lab4-1_bsp/\libhal_bsp.a(alt_icache_flush.o)
 .bss           0x00010edc        0x0 c:/altera/13.0sp1/nios2eds/bin/gnu/h-i686-mingw32/bin/../lib/gcc/nios2-elf/4.1.2/../../../../nios2-elf/lib\libc.a(lib_a-atexit.o)
 .bss           0x00010edc        0x0 c:/altera/13.0sp1/nios2eds/bin/gnu/h-i686-mingw32/bin/../lib/gcc/nios2-elf/4.1.2/../../../../nios2-elf/lib\libc.a(lib_a-exit.o)
 .bss           0x00010edc        0x0 c:/altera/13.0sp1/nios2eds/bin/gnu/h-i686-mingw32/bin/../lib/gcc/nios2-elf/4.1.2/../../../../nios2-elf/lib\libc.a(lib_a-impure.o)
 .bss           0x00010edc        0x0 c:/altera/13.0sp1/nios2eds/bin/gnu/h-i686-mingw32/bin/../lib/gcc/nios2-elf/4.1.2/../../../../nios2-elf/lib\libc.a(lib_a-int_errno.o)
 .bss           0x00010edc        0x0 c:/altera/13.0sp1/nios2eds/bin/gnu/h-i686-mingw32/bin/../lib/gcc/nios2-elf/4.1.2/../../../../nios2-elf/lib\libc.a(lib_a-memcmp.o)
 .bss           0x00010edc        0x0 c:/altera/13.0sp1/nios2eds/bin/gnu/h-i686-mingw32/bin/../lib/gcc/nios2-elf/4.1.2/../../../../nios2-elf/lib\libc.a(lib_a-putc.o)
 .bss           0x00010edc        0x0 c:/altera/13.0sp1/nios2eds/bin/gnu/h-i686-mingw32/bin/../lib/gcc/nios2-elf/4.1.2/../../../../nios2-elf/lib\libc.a(lib_a-strcmp.o)
 .bss           0x00010edc        0x0 c:/altera/13.0sp1/nios2eds/bin/gnu/h-i686-mingw32/bin/../lib/gcc/nios2-elf/4.1.2/../../../../nios2-elf/lib\libc.a(lib_a-strlen.o)
 .bss           0x00010edc        0x0 c:/altera/13.0sp1/nios2eds/bin/gnu/h-i686-mingw32/bin/../lib/gcc/nios2-elf/4.1.2/../../../../nios2-elf/lib\libc.a(lib_a-wbuf.o)
 .bss           0x00010edc        0x0 c:/altera/13.0sp1/nios2eds/bin/gnu/h-i686-mingw32/bin/../lib/gcc/nios2-elf/4.1.2/../../../../nios2-elf/lib\libc.a(lib_a-wsetup.o)
 .bss           0x00010edc        0x0 c:/altera/13.0sp1/nios2eds/bin/gnu/h-i686-mingw32/bin/../lib/gcc/nios2-elf/4.1.2/../../../../nios2-elf/lib\libc.a(lib_a-__atexit.o)
 .bss           0x00010edc        0x0 c:/altera/13.0sp1/nios2eds/bin/gnu/h-i686-mingw32/bin/../lib/gcc/nios2-elf/4.1.2/../../../../nios2-elf/lib\libc.a(lib_a-__call_atexit.o)
 .bss           0x00010edc        0x0 c:/altera/13.0sp1/nios2eds/bin/gnu/h-i686-mingw32/bin/../lib/gcc/nios2-elf/4.1.2/../../../../nios2-elf/lib\libc.a(lib_a-fflush.o)
 .bss           0x00010edc        0x0 c:/altera/13.0sp1/nios2eds/bin/gnu/h-i686-mingw32/bin/../lib/gcc/nios2-elf/4.1.2/../../../../nios2-elf/lib\libc.a(lib_a-findfp.o)
 .bss           0x00010edc        0x0 c:/altera/13.0sp1/nios2eds/bin/gnu/h-i686-mingw32/bin/../lib/gcc/nios2-elf/4.1.2/../../../../nios2-elf/lib\libc.a(lib_a-freer.o)
 .bss           0x00010edc        0x0 c:/altera/13.0sp1/nios2eds/bin/gnu/h-i686-mingw32/bin/../lib/gcc/nios2-elf/4.1.2/../../../../nios2-elf/lib\libc.a(lib_a-fwalk.o)
 .bss           0x00010edc        0x0 c:/altera/13.0sp1/nios2eds/bin/gnu/h-i686-mingw32/bin/../lib/gcc/nios2-elf/4.1.2/../../../../nios2-elf/lib\libc.a(lib_a-makebuf.o)
 .bss           0x00010edc       0x28 c:/altera/13.0sp1/nios2eds/bin/gnu/h-i686-mingw32/bin/../lib/gcc/nios2-elf/4.1.2/../../../../nios2-elf/lib\libc.a(lib_a-mallocr.o)
                0x00010edc                __malloc_current_mallinfo
 .bss           0x00010f04        0x0 c:/altera/13.0sp1/nios2eds/bin/gnu/h-i686-mingw32/bin/../lib/gcc/nios2-elf/4.1.2/../../../../nios2-elf/lib\libc.a(lib_a-sbrkr.o)
 .bss           0x00010f04        0x0 c:/altera/13.0sp1/nios2eds/bin/gnu/h-i686-mingw32/bin/../lib/gcc/nios2-elf/4.1.2/../../../../nios2-elf/lib\libc.a(lib_a-stdio.o)
 .bss           0x00010f04        0x0 c:/altera/13.0sp1/nios2eds/bin/gnu/h-i686-mingw32/bin/../lib/gcc/nios2-elf/4.1.2/../../../../nios2-elf/lib\libc.a(lib_a-writer.o)
 .bss           0x00010f04        0x0 c:/altera/13.0sp1/nios2eds/bin/gnu/h-i686-mingw32/bin/../lib/gcc/nios2-elf/4.1.2/../../../../nios2-elf/lib\libc.a(lib_a-closer.o)
 .bss           0x00010f04        0x0 c:/altera/13.0sp1/nios2eds/bin/gnu/h-i686-mingw32/bin/../lib/gcc/nios2-elf/4.1.2/../../../../nios2-elf/lib\libc.a(lib_a-fclose.o)
 .bss           0x00010f04        0x0 c:/altera/13.0sp1/nios2eds/bin/gnu/h-i686-mingw32/bin/../lib/gcc/nios2-elf/4.1.2/../../../../nios2-elf/lib\libc.a(lib_a-fstatr.o)
 .bss           0x00010f04        0x0 c:/altera/13.0sp1/nios2eds/bin/gnu/h-i686-mingw32/bin/../lib/gcc/nios2-elf/4.1.2/../../../../nios2-elf/lib\libc.a(lib_a-isattyr.o)
 .bss           0x00010f04        0x0 c:/altera/13.0sp1/nios2eds/bin/gnu/h-i686-mingw32/bin/../lib/gcc/nios2-elf/4.1.2/../../../../nios2-elf/lib\libc.a(lib_a-lseekr.o)
 .bss           0x00010f04        0x0 c:/altera/13.0sp1/nios2eds/bin/gnu/h-i686-mingw32/bin/../lib/gcc/nios2-elf/4.1.2/../../../../nios2-elf/lib\libc.a(lib_a-readr.o)
 .bss           0x00010f04        0x0 ../lab4-1_bsp/\libhal_bsp.a(alt_exit.o)
 .bss           0x00010f04        0x0 ../lab4-1_bsp/\libhal_bsp.a(alt_fstat.o)
 .bss           0x00010f04        0x0 ../lab4-1_bsp/\libhal_bsp.a(alt_isatty.o)
 .bss           0x00010f04        0x0 ../lab4-1_bsp/\libhal_bsp.a(alt_lseek.o)
 .bss           0x00010f04        0x0 ../lab4-1_bsp/\libhal_bsp.a(alt_malloc_lock.o)
 .bss           0x00010f04        0x0 ../lab4-1_bsp/\libhal_bsp.a(alt_read.o)
 .bss           0x00010f04        0x0 ../lab4-1_bsp/\libhal_bsp.a(alt_sbrk.o)
 .bss           0x00010f04        0x0 ../lab4-1_bsp/\libhal_bsp.a(alt_write.o)
 *(COMMON)
 COMMON         0x00010f04   0x3d0900 obj/default/audio_ISR.o
                0x00010f04                r_buf
                0x001f9384                l_buf
 COMMON         0x003e1804   0x3d0920 obj/default/globals.o
                0x003e1804                up_dev
                0x003e1824                r_buf_Denoise
                0x005c9ca4                l_buf_Denoise
 COMMON         0x007b2124       0xa0 obj/default/media_interrupt_HAL.o
                0x007b2124                rects
 COMMON         0x007b21c4      0x100 ../lab4-1_bsp/\libhal_bsp.a(alt_irq_handler.o)
                0x007b21c4                alt_irq
 COMMON         0x007b22c4      0x190 c:/altera/13.0sp1/nios2eds/bin/gnu/h-i686-mingw32/bin/../lib/gcc/nios2-elf/4.1.2/../../../../nios2-elf/lib\libc.a(lib_a-atexit.o)
                0x007b22c4                _atexit0
                0x007b2454                . = ALIGN (0x4)
                0x007b2454                __bss_end = ABSOLUTE (.)

.SDRAM          0x007b2454        0x0
                0x007b2454                PROVIDE (_alt_partition_SDRAM_start, ABSOLUTE (.))
 *(.SDRAM. SDRAM.*)
                0x007b2454                . = ALIGN (0x4)
                0x007b2454                PROVIDE (_alt_partition_SDRAM_end, ABSOLUTE (.))
                0x007b2454                _end = ABSOLUTE (.)
                0x007b2454                end = ABSOLUTE (.)
                0x007b2454                __alt_stack_base = ABSOLUTE (.)
                0x007b2454                PROVIDE (_alt_partition_SDRAM_load_addr, LOADADDR (.SDRAM))

.Flash_flash_data
                0x0c000000        0x0 load address 0x007b2454
                0x0c000000                PROVIDE (_alt_partition_Flash_flash_data_start, ABSOLUTE (.))
 *(.Flash_flash_data. Flash_flash_data.*)
                0x0c000000                . = ALIGN (0x4)
                0x0c000000                PROVIDE (_alt_partition_Flash_flash_data_end, ABSOLUTE (.))
                0x007b2454                PROVIDE (_alt_partition_Flash_flash_data_load_addr, LOADADDR (.Flash_flash_data))

.stab
 *(.stab)

.stabstr
 *(.stabstr)

.stab.excl
 *(.stab.excl)

.stab.exclstr
 *(.stab.exclstr)

.stab.index
 *(.stab.index)

.stab.indexstr
 *(.stab.indexstr)

.comment        0x00000000       0x26
 *(.comment)
 .comment       0x00000000       0x26 obj/default/PS2_ISR.o
                                 0x27 (size before relaxing)
 .comment       0x00000000       0x27 obj/default/audio_ISR.o
 .comment       0x00000000       0x27 obj/default/filter.o
 .comment       0x00000000       0x27 obj/default/globals.o
 .comment       0x00000000       0x27 obj/default/interval_timer_ISR.o
 .comment       0x00000000       0x27 obj/default/media_interrupt_HAL.o
 .comment       0x00000000       0x27 obj/default/pushbutton_ISR.o
 .comment       0x00000000       0x27 c:/altera/13.0sp1/nios2eds/bin/gnu/h-i686-mingw32/bin/../lib/gcc/nios2-elf/4.1.2\libgcc.a(_muldi3.o)
 .comment       0x00000000       0x27 c:/altera/13.0sp1/nios2eds/bin/gnu/h-i686-mingw32/bin/../lib/gcc/nios2-elf/4.1.2\libgcc.a(_fixunsdfsi.o)
 .comment       0x00000000       0x27 c:/altera/13.0sp1/nios2eds/bin/gnu/h-i686-mingw32/bin/../lib/gcc/nios2-elf/4.1.2\libgcc.a(_divdi3.o)
 .comment       0x00000000       0x27 c:/altera/13.0sp1/nios2eds/bin/gnu/h-i686-mingw32/bin/../lib/gcc/nios2-elf/4.1.2\libgcc.a(_sf_to_df.o)
 .comment       0x00000000       0x27 c:/altera/13.0sp1/nios2eds/bin/gnu/h-i686-mingw32/bin/../lib/gcc/nios2-elf/4.1.2\libgcc.a(_usi_to_sf.o)
 .comment       0x00000000       0x27 c:/altera/13.0sp1/nios2eds/bin/gnu/h-i686-mingw32/bin/../lib/gcc/nios2-elf/4.1.2\libgcc.a(_addsub_df.o)
 .comment       0x00000000       0x27 c:/altera/13.0sp1/nios2eds/bin/gnu/h-i686-mingw32/bin/../lib/gcc/nios2-elf/4.1.2\libgcc.a(_mul_df.o)
 .comment       0x00000000       0x27 c:/altera/13.0sp1/nios2eds/bin/gnu/h-i686-mingw32/bin/../lib/gcc/nios2-elf/4.1.2\libgcc.a(_ge_df.o)
 .comment       0x00000000       0x27 c:/altera/13.0sp1/nios2eds/bin/gnu/h-i686-mingw32/bin/../lib/gcc/nios2-elf/4.1.2\libgcc.a(_df_to_si.o)
 .comment       0x00000000       0x27 c:/altera/13.0sp1/nios2eds/bin/gnu/h-i686-mingw32/bin/../lib/gcc/nios2-elf/4.1.2\libgcc.a(_make_df.o)
 .comment       0x00000000       0x27 c:/altera/13.0sp1/nios2eds/bin/gnu/h-i686-mingw32/bin/../lib/gcc/nios2-elf/4.1.2\libgcc.a(_thenan_df.o)
 .comment       0x00000000       0x27 c:/altera/13.0sp1/nios2eds/bin/gnu/h-i686-mingw32/bin/../lib/gcc/nios2-elf/4.1.2\libgcc.a(lib2-divmod.o)
 .comment       0x00000000       0x27 c:/altera/13.0sp1/nios2eds/bin/gnu/h-i686-mingw32/bin/../lib/gcc/nios2-elf/4.1.2\libgcc.a(_clz.o)
 .comment       0x00000000       0x27 c:/altera/13.0sp1/nios2eds/bin/gnu/h-i686-mingw32/bin/../lib/gcc/nios2-elf/4.1.2\libgcc.a(_clzsi2.o)
 .comment       0x00000000       0x27 c:/altera/13.0sp1/nios2eds/bin/gnu/h-i686-mingw32/bin/../lib/gcc/nios2-elf/4.1.2\libgcc.a(_pack_sf.o)
 .comment       0x00000000       0x27 c:/altera/13.0sp1/nios2eds/bin/gnu/h-i686-mingw32/bin/../lib/gcc/nios2-elf/4.1.2\libgcc.a(_unpack_sf.o)
 .comment       0x00000000       0x27 c:/altera/13.0sp1/nios2eds/bin/gnu/h-i686-mingw32/bin/../lib/gcc/nios2-elf/4.1.2\libgcc.a(_pack_df.o)
 .comment       0x00000000       0x27 c:/altera/13.0sp1/nios2eds/bin/gnu/h-i686-mingw32/bin/../lib/gcc/nios2-elf/4.1.2\libgcc.a(_unpack_df.o)
 .comment       0x00000000       0x27 c:/altera/13.0sp1/nios2eds/bin/gnu/h-i686-mingw32/bin/../lib/gcc/nios2-elf/4.1.2\libgcc.a(_fpcmp_parts_df.o)
 .comment       0x00000000       0x27 c:/altera/13.0sp1/nios2eds/bin/gnu/h-i686-mingw32/bin/../lib/gcc/nios2-elf/4.1.2/../../../../nios2-elf/lib\libc.a(lib_a-memcpy.o)
 .comment       0x00000000       0x27 c:/altera/13.0sp1/nios2eds/bin/gnu/h-i686-mingw32/bin/../lib/gcc/nios2-elf/4.1.2/../../../../nios2-elf/lib\libc.a(lib_a-memset.o)
 .comment       0x00000000       0x27 ../lab4-1_bsp/\libhal_bsp.a(alt_irq_register.o)
 .comment       0x00000000       0x27 ../lab4-1_bsp/\libhal_bsp.a(alt_irq_vars.o)
 .comment       0x00000000       0x27 ../lab4-1_bsp/\libhal_bsp.a(alt_load.o)
 .comment       0x00000000       0x27 ../lab4-1_bsp/\libhal_bsp.a(alt_main.o)
 .comment       0x00000000       0x27 ../lab4-1_bsp/\libhal_bsp.a(alt_printf.o)
 .comment       0x00000000       0x27 ../lab4-1_bsp/\libhal_bsp.a(alt_putchar.o)
 .comment       0x00000000       0x27 ../lab4-1_bsp/\libhal_bsp.a(alt_sys_init.o)
 .comment       0x00000000       0x27 ../lab4-1_bsp/\libhal_bsp.a(altera_avalon_jtag_uart_fd.o)
 .comment       0x00000000       0x27 ../lab4-1_bsp/\libhal_bsp.a(altera_avalon_jtag_uart_init.o)
 .comment       0x00000000       0x27 ../lab4-1_bsp/\libhal_bsp.a(altera_avalon_jtag_uart_ioctl.o)
 .comment       0x00000000       0x27 ../lab4-1_bsp/\libhal_bsp.a(altera_avalon_jtag_uart_read.o)
 .comment       0x00000000       0x27 ../lab4-1_bsp/\libhal_bsp.a(altera_avalon_jtag_uart_write.o)
 .comment       0x00000000       0x27 ../lab4-1_bsp/\libhal_bsp.a(altera_avalon_timer_sc.o)
 .comment       0x00000000       0x27 ../lab4-1_bsp/\libhal_bsp.a(altera_up_avalon_audio.o)
 .comment       0x00000000       0x27 ../lab4-1_bsp/\libhal_bsp.a(altera_up_avalon_character_lcd.o)
 .comment       0x00000000       0x27 ../lab4-1_bsp/\libhal_bsp.a(altera_up_avalon_ethernet.o)
 .comment       0x00000000       0x27 ../lab4-1_bsp/\libhal_bsp.a(altera_up_avalon_ethernet_low_level_driver.o)
 .comment       0x00000000       0x27 ../lab4-1_bsp/\libhal_bsp.a(altera_up_avalon_irda.o)
 .comment       0x00000000       0x27 ../lab4-1_bsp/\libhal_bsp.a(altera_up_avalon_parallel_port.o)
 .comment       0x00000000       0x27 ../lab4-1_bsp/\libhal_bsp.a(altera_up_avalon_ps2.o)
 .comment       0x00000000       0x27 ../lab4-1_bsp/\libhal_bsp.a(altera_up_avalon_rs232.o)
 .comment       0x00000000       0x27 ../lab4-1_bsp/\libhal_bsp.a(altera_up_avalon_video_character_buffer_with_dma.o)
 .comment       0x00000000       0x27 ../lab4-1_bsp/\libhal_bsp.a(altera_up_avalon_video_pixel_buffer_dma.o)
 .comment       0x00000000       0x27 ../lab4-1_bsp/\libhal_bsp.a(alt_alarm_start.o)
 .comment       0x00000000       0x27 ../lab4-1_bsp/\libhal_bsp.a(alt_close.o)
 .comment       0x00000000       0x27 ../lab4-1_bsp/\libhal_bsp.a(alt_dcache_flush_all.o)
 .comment       0x00000000       0x27 ../lab4-1_bsp/\libhal_bsp.a(alt_dev.o)
 .comment       0x00000000       0x27 ../lab4-1_bsp/\libhal_bsp.a(alt_dev_llist_insert.o)
 .comment       0x00000000       0x27 ../lab4-1_bsp/\libhal_bsp.a(alt_do_ctors.o)
 .comment       0x00000000       0x27 ../lab4-1_bsp/\libhal_bsp.a(alt_do_dtors.o)
 .comment       0x00000000       0x27 ../lab4-1_bsp/\libhal_bsp.a(alt_errno.o)
 .comment       0x00000000       0x27 ../lab4-1_bsp/\libhal_bsp.a(alt_find_dev.o)
 .comment       0x00000000       0x27 ../lab4-1_bsp/\libhal_bsp.a(alt_icache_flush_all.o)
 .comment       0x00000000       0x27 ../lab4-1_bsp/\libhal_bsp.a(alt_io_redirect.o)
 .comment       0x00000000       0x27 ../lab4-1_bsp/\libhal_bsp.a(alt_irq_handler.o)
 .comment       0x00000000       0x27 ../lab4-1_bsp/\libhal_bsp.a(alt_open.o)
 .comment       0x00000000       0x27 ../lab4-1_bsp/\libhal_bsp.a(alt_release_fd.o)
 .comment       0x00000000       0x27 ../lab4-1_bsp/\libhal_bsp.a(alt_tick.o)
 .comment       0x00000000       0x27 ../lab4-1_bsp/\libhal_bsp.a(alt_usleep.o)
 .comment       0x00000000       0x27 ../lab4-1_bsp/\libhal_bsp.a(altera_nios2_qsys_irq.o)
 .comment       0x00000000       0x27 ../lab4-1_bsp/\libhal_bsp.a(alt_busy_sleep.o)
 .comment       0x00000000       0x27 ../lab4-1_bsp/\libhal_bsp.a(alt_find_file.o)
 .comment       0x00000000       0x27 ../lab4-1_bsp/\libhal_bsp.a(alt_get_fd.o)
 .comment       0x00000000       0x27 ../lab4-1_bsp/\libhal_bsp.a(alt_icache_flush.o)
 .comment       0x00000000       0x27 c:/altera/13.0sp1/nios2eds/bin/gnu/h-i686-mingw32/bin/../lib/gcc/nios2-elf/4.1.2/../../../../nios2-elf/lib\libc.a(lib_a-atexit.o)
 .comment       0x00000000       0x27 c:/altera/13.0sp1/nios2eds/bin/gnu/h-i686-mingw32/bin/../lib/gcc/nios2-elf/4.1.2/../../../../nios2-elf/lib\libc.a(lib_a-exit.o)
 .comment       0x00000000       0x27 c:/altera/13.0sp1/nios2eds/bin/gnu/h-i686-mingw32/bin/../lib/gcc/nios2-elf/4.1.2/../../../../nios2-elf/lib\libc.a(lib_a-impure.o)
 .comment       0x00000000       0x27 c:/altera/13.0sp1/nios2eds/bin/gnu/h-i686-mingw32/bin/../lib/gcc/nios2-elf/4.1.2/../../../../nios2-elf/lib\libc.a(lib_a-int_errno.o)
 .comment       0x00000000       0x27 c:/altera/13.0sp1/nios2eds/bin/gnu/h-i686-mingw32/bin/../lib/gcc/nios2-elf/4.1.2/../../../../nios2-elf/lib\libc.a(lib_a-memcmp.o)
 .comment       0x00000000       0x27 c:/altera/13.0sp1/nios2eds/bin/gnu/h-i686-mingw32/bin/../lib/gcc/nios2-elf/4.1.2/../../../../nios2-elf/lib\libc.a(lib_a-putc.o)
 .comment       0x00000000       0x27 c:/altera/13.0sp1/nios2eds/bin/gnu/h-i686-mingw32/bin/../lib/gcc/nios2-elf/4.1.2/../../../../nios2-elf/lib\libc.a(lib_a-strcmp.o)
 .comment       0x00000000       0x27 c:/altera/13.0sp1/nios2eds/bin/gnu/h-i686-mingw32/bin/../lib/gcc/nios2-elf/4.1.2/../../../../nios2-elf/lib\libc.a(lib_a-strlen.o)
 .comment       0x00000000       0x27 c:/altera/13.0sp1/nios2eds/bin/gnu/h-i686-mingw32/bin/../lib/gcc/nios2-elf/4.1.2/../../../../nios2-elf/lib\libc.a(lib_a-wbuf.o)
 .comment       0x00000000       0x27 c:/altera/13.0sp1/nios2eds/bin/gnu/h-i686-mingw32/bin/../lib/gcc/nios2-elf/4.1.2/../../../../nios2-elf/lib\libc.a(lib_a-wsetup.o)
 .comment       0x00000000       0x27 c:/altera/13.0sp1/nios2eds/bin/gnu/h-i686-mingw32/bin/../lib/gcc/nios2-elf/4.1.2/../../../../nios2-elf/lib\libc.a(lib_a-__atexit.o)
 .comment       0x00000000       0x27 c:/altera/13.0sp1/nios2eds/bin/gnu/h-i686-mingw32/bin/../lib/gcc/nios2-elf/4.1.2/../../../../nios2-elf/lib\libc.a(lib_a-__call_atexit.o)
 .comment       0x00000000       0x27 c:/altera/13.0sp1/nios2eds/bin/gnu/h-i686-mingw32/bin/../lib/gcc/nios2-elf/4.1.2/../../../../nios2-elf/lib\libc.a(lib_a-fflush.o)
 .comment       0x00000000       0x27 c:/altera/13.0sp1/nios2eds/bin/gnu/h-i686-mingw32/bin/../lib/gcc/nios2-elf/4.1.2/../../../../nios2-elf/lib\libc.a(lib_a-findfp.o)
 .comment       0x00000000       0x27 c:/altera/13.0sp1/nios2eds/bin/gnu/h-i686-mingw32/bin/../lib/gcc/nios2-elf/4.1.2/../../../../nios2-elf/lib\libc.a(lib_a-freer.o)
 .comment       0x00000000       0x27 c:/altera/13.0sp1/nios2eds/bin/gnu/h-i686-mingw32/bin/../lib/gcc/nios2-elf/4.1.2/../../../../nios2-elf/lib\libc.a(lib_a-fwalk.o)
 .comment       0x00000000       0x27 c:/altera/13.0sp1/nios2eds/bin/gnu/h-i686-mingw32/bin/../lib/gcc/nios2-elf/4.1.2/../../../../nios2-elf/lib\libc.a(lib_a-makebuf.o)
 .comment       0x00000000       0x27 c:/altera/13.0sp1/nios2eds/bin/gnu/h-i686-mingw32/bin/../lib/gcc/nios2-elf/4.1.2/../../../../nios2-elf/lib\libc.a(lib_a-mallocr.o)
 .comment       0x00000000       0x27 c:/altera/13.0sp1/nios2eds/bin/gnu/h-i686-mingw32/bin/../lib/gcc/nios2-elf/4.1.2/../../../../nios2-elf/lib\libc.a(lib_a-sbrkr.o)
 .comment       0x00000000       0x27 c:/altera/13.0sp1/nios2eds/bin/gnu/h-i686-mingw32/bin/../lib/gcc/nios2-elf/4.1.2/../../../../nios2-elf/lib\libc.a(lib_a-stdio.o)
 .comment       0x00000000       0x27 c:/altera/13.0sp1/nios2eds/bin/gnu/h-i686-mingw32/bin/../lib/gcc/nios2-elf/4.1.2/../../../../nios2-elf/lib\libc.a(lib_a-writer.o)
 .comment       0x00000000       0x27 c:/altera/13.0sp1/nios2eds/bin/gnu/h-i686-mingw32/bin/../lib/gcc/nios2-elf/4.1.2/../../../../nios2-elf/lib\libc.a(lib_a-closer.o)
 .comment       0x00000000       0x27 c:/altera/13.0sp1/nios2eds/bin/gnu/h-i686-mingw32/bin/../lib/gcc/nios2-elf/4.1.2/../../../../nios2-elf/lib\libc.a(lib_a-fclose.o)
 .comment       0x00000000       0x27 c:/altera/13.0sp1/nios2eds/bin/gnu/h-i686-mingw32/bin/../lib/gcc/nios2-elf/4.1.2/../../../../nios2-elf/lib\libc.a(lib_a-fstatr.o)
 .comment       0x00000000       0x27 c:/altera/13.0sp1/nios2eds/bin/gnu/h-i686-mingw32/bin/../lib/gcc/nios2-elf/4.1.2/../../../../nios2-elf/lib\libc.a(lib_a-isattyr.o)
 .comment       0x00000000       0x27 c:/altera/13.0sp1/nios2eds/bin/gnu/h-i686-mingw32/bin/../lib/gcc/nios2-elf/4.1.2/../../../../nios2-elf/lib\libc.a(lib_a-lseekr.o)
 .comment       0x00000000       0x27 c:/altera/13.0sp1/nios2eds/bin/gnu/h-i686-mingw32/bin/../lib/gcc/nios2-elf/4.1.2/../../../../nios2-elf/lib\libc.a(lib_a-readr.o)
 .comment       0x00000000       0x27 ../lab4-1_bsp/\libhal_bsp.a(alt_exit.o)
 .comment       0x00000000       0x27 ../lab4-1_bsp/\libhal_bsp.a(alt_fstat.o)
 .comment       0x00000000       0x27 ../lab4-1_bsp/\libhal_bsp.a(alt_isatty.o)
 .comment       0x00000000       0x27 ../lab4-1_bsp/\libhal_bsp.a(alt_lseek.o)
 .comment       0x00000000       0x27 ../lab4-1_bsp/\libhal_bsp.a(alt_malloc_lock.o)
 .comment       0x00000000       0x27 ../lab4-1_bsp/\libhal_bsp.a(alt_read.o)
 .comment       0x00000000       0x27 ../lab4-1_bsp/\libhal_bsp.a(alt_sbrk.o)
 .comment       0x00000000       0x27 ../lab4-1_bsp/\libhal_bsp.a(alt_write.o)

.debug
 *(.debug)

.line
 *(.line)

.debug_srcinfo
 *(.debug_srcinfo)

.debug_sfnames
 *(.debug_sfnames)

.debug_aranges  0x00000000      0xd18
 *(.debug_aranges)
 .debug_aranges
                0x00000000       0x28 ../lab4-1_bsp//obj/HAL/src/crt0.o
 .debug_aranges
                0x00000028       0x20 obj/default/PS2_ISR.o
 .debug_aranges
                0x00000048       0x20 obj/default/audio_ISR.o
 .debug_aranges
                0x00000068       0x20 obj/default/filter.o
 .debug_aranges
                0x00000088       0x20 obj/default/interval_timer_ISR.o
 .debug_aranges
                0x000000a8       0x20 obj/default/media_interrupt_HAL.o
 .debug_aranges
                0x000000c8       0x20 obj/default/pushbutton_ISR.o
 .debug_aranges
                0x000000e8       0x20 c:/altera/13.0sp1/nios2eds/bin/gnu/h-i686-mingw32/bin/../lib/gcc/nios2-elf/4.1.2\libgcc.a(_muldi3.o)
 .debug_aranges
                0x00000108       0x20 c:/altera/13.0sp1/nios2eds/bin/gnu/h-i686-mingw32/bin/../lib/gcc/nios2-elf/4.1.2\libgcc.a(_fixunsdfsi.o)
 .debug_aranges
                0x00000128       0x20 c:/altera/13.0sp1/nios2eds/bin/gnu/h-i686-mingw32/bin/../lib/gcc/nios2-elf/4.1.2\libgcc.a(_divdi3.o)
 .debug_aranges
                0x00000148       0x20 c:/altera/13.0sp1/nios2eds/bin/gnu/h-i686-mingw32/bin/../lib/gcc/nios2-elf/4.1.2\libgcc.a(_sf_to_df.o)
 .debug_aranges
                0x00000168       0x20 c:/altera/13.0sp1/nios2eds/bin/gnu/h-i686-mingw32/bin/../lib/gcc/nios2-elf/4.1.2\libgcc.a(_usi_to_sf.o)
 .debug_aranges
                0x00000188       0x20 c:/altera/13.0sp1/nios2eds/bin/gnu/h-i686-mingw32/bin/../lib/gcc/nios2-elf/4.1.2\libgcc.a(_addsub_df.o)
 .debug_aranges
                0x000001a8       0x20 c:/altera/13.0sp1/nios2eds/bin/gnu/h-i686-mingw32/bin/../lib/gcc/nios2-elf/4.1.2\libgcc.a(_mul_df.o)
 .debug_aranges
                0x000001c8       0x20 c:/altera/13.0sp1/nios2eds/bin/gnu/h-i686-mingw32/bin/../lib/gcc/nios2-elf/4.1.2\libgcc.a(_ge_df.o)
 .debug_aranges
                0x000001e8       0x20 c:/altera/13.0sp1/nios2eds/bin/gnu/h-i686-mingw32/bin/../lib/gcc/nios2-elf/4.1.2\libgcc.a(_df_to_si.o)
 .debug_aranges
                0x00000208       0x20 c:/altera/13.0sp1/nios2eds/bin/gnu/h-i686-mingw32/bin/../lib/gcc/nios2-elf/4.1.2\libgcc.a(_make_df.o)
 .debug_aranges
                0x00000228       0x20 c:/altera/13.0sp1/nios2eds/bin/gnu/h-i686-mingw32/bin/../lib/gcc/nios2-elf/4.1.2\libgcc.a(lib2-divmod.o)
 .debug_aranges
                0x00000248       0x20 c:/altera/13.0sp1/nios2eds/bin/gnu/h-i686-mingw32/bin/../lib/gcc/nios2-elf/4.1.2\libgcc.a(_clzsi2.o)
 .debug_aranges
                0x00000268       0x20 c:/altera/13.0sp1/nios2eds/bin/gnu/h-i686-mingw32/bin/../lib/gcc/nios2-elf/4.1.2\libgcc.a(_pack_sf.o)
 .debug_aranges
                0x00000288       0x20 c:/altera/13.0sp1/nios2eds/bin/gnu/h-i686-mingw32/bin/../lib/gcc/nios2-elf/4.1.2\libgcc.a(_unpack_sf.o)
 .debug_aranges
                0x000002a8       0x20 c:/altera/13.0sp1/nios2eds/bin/gnu/h-i686-mingw32/bin/../lib/gcc/nios2-elf/4.1.2\libgcc.a(_pack_df.o)
 .debug_aranges
                0x000002c8       0x20 c:/altera/13.0sp1/nios2eds/bin/gnu/h-i686-mingw32/bin/../lib/gcc/nios2-elf/4.1.2\libgcc.a(_unpack_df.o)
 .debug_aranges
                0x000002e8       0x20 c:/altera/13.0sp1/nios2eds/bin/gnu/h-i686-mingw32/bin/../lib/gcc/nios2-elf/4.1.2\libgcc.a(_fpcmp_parts_df.o)
 .debug_aranges
                0x00000308       0x20 c:/altera/13.0sp1/nios2eds/bin/gnu/h-i686-mingw32/bin/../lib/gcc/nios2-elf/4.1.2/../../../../nios2-elf/lib\libc.a(lib_a-memcpy.o)
 .debug_aranges
                0x00000328       0x20 c:/altera/13.0sp1/nios2eds/bin/gnu/h-i686-mingw32/bin/../lib/gcc/nios2-elf/4.1.2/../../../../nios2-elf/lib\libc.a(lib_a-memset.o)
 .debug_aranges
                0x00000348       0x20 ../lab4-1_bsp/\libhal_bsp.a(alt_irq_register.o)
 .debug_aranges
                0x00000368       0x20 ../lab4-1_bsp/\libhal_bsp.a(alt_load.o)
 .debug_aranges
                0x00000388       0x20 ../lab4-1_bsp/\libhal_bsp.a(alt_main.o)
 .debug_aranges
                0x000003a8       0x20 ../lab4-1_bsp/\libhal_bsp.a(alt_printf.o)
 .debug_aranges
                0x000003c8       0x20 ../lab4-1_bsp/\libhal_bsp.a(alt_putchar.o)
 .debug_aranges
                0x000003e8       0x20 ../lab4-1_bsp/\libhal_bsp.a(alt_sys_init.o)
 .debug_aranges
                0x00000408       0x20 ../lab4-1_bsp/\libhal_bsp.a(altera_avalon_jtag_uart_fd.o)
 .debug_aranges
                0x00000428       0x20 ../lab4-1_bsp/\libhal_bsp.a(altera_avalon_jtag_uart_init.o)
 .debug_aranges
                0x00000448       0x20 ../lab4-1_bsp/\libhal_bsp.a(altera_avalon_jtag_uart_ioctl.o)
 .debug_aranges
                0x00000468       0x20 ../lab4-1_bsp/\libhal_bsp.a(altera_avalon_jtag_uart_read.o)
 .debug_aranges
                0x00000488       0x20 ../lab4-1_bsp/\libhal_bsp.a(altera_avalon_jtag_uart_write.o)
 .debug_aranges
                0x000004a8       0x20 ../lab4-1_bsp/\libhal_bsp.a(altera_avalon_timer_sc.o)
 .debug_aranges
                0x000004c8       0x20 ../lab4-1_bsp/\libhal_bsp.a(altera_up_avalon_audio.o)
 .debug_aranges
                0x000004e8       0x20 ../lab4-1_bsp/\libhal_bsp.a(altera_up_avalon_character_lcd.o)
 .debug_aranges
                0x00000508       0x20 ../lab4-1_bsp/\libhal_bsp.a(altera_up_avalon_ethernet.o)
 .debug_aranges
                0x00000528       0x20 ../lab4-1_bsp/\libhal_bsp.a(altera_up_avalon_ethernet_low_level_driver.o)
 .debug_aranges
                0x00000548       0x20 ../lab4-1_bsp/\libhal_bsp.a(altera_up_avalon_irda.o)
 .debug_aranges
                0x00000568       0x20 ../lab4-1_bsp/\libhal_bsp.a(altera_up_avalon_parallel_port.o)
 .debug_aranges
                0x00000588       0x20 ../lab4-1_bsp/\libhal_bsp.a(altera_up_avalon_ps2.o)
 .debug_aranges
                0x000005a8       0x20 ../lab4-1_bsp/\libhal_bsp.a(altera_up_avalon_rs232.o)
 .debug_aranges
                0x000005c8       0x20 ../lab4-1_bsp/\libhal_bsp.a(altera_up_avalon_video_character_buffer_with_dma.o)
 .debug_aranges
                0x000005e8       0x20 ../lab4-1_bsp/\libhal_bsp.a(altera_up_avalon_video_pixel_buffer_dma.o)
 .debug_aranges
                0x00000608       0x20 ../lab4-1_bsp/\libhal_bsp.a(alt_alarm_start.o)
 .debug_aranges
                0x00000628       0x20 ../lab4-1_bsp/\libhal_bsp.a(alt_close.o)
 .debug_aranges
                0x00000648       0x20 ../lab4-1_bsp/\libhal_bsp.a(alt_dcache_flush_all.o)
 .debug_aranges
                0x00000668       0x20 ../lab4-1_bsp/\libhal_bsp.a(alt_dev.o)
 .debug_aranges
                0x00000688       0x20 ../lab4-1_bsp/\libhal_bsp.a(alt_dev_llist_insert.o)
 .debug_aranges
                0x000006a8       0x20 ../lab4-1_bsp/\libhal_bsp.a(alt_do_ctors.o)
 .debug_aranges
                0x000006c8       0x20 ../lab4-1_bsp/\libhal_bsp.a(alt_do_dtors.o)
 .debug_aranges
                0x000006e8       0x20 ../lab4-1_bsp/\libhal_bsp.a(alt_find_dev.o)
 .debug_aranges
                0x00000708       0x20 ../lab4-1_bsp/\libhal_bsp.a(alt_icache_flush_all.o)
 .debug_aranges
                0x00000728       0x20 ../lab4-1_bsp/\libhal_bsp.a(alt_io_redirect.o)
 .debug_aranges
                0x00000748       0x30 ../lab4-1_bsp/\libhal_bsp.a(alt_irq_entry.o)
 .debug_aranges
                0x00000778       0x28 ../lab4-1_bsp/\libhal_bsp.a(alt_irq_handler.o)
 .debug_aranges
                0x000007a0       0x20 ../lab4-1_bsp/\libhal_bsp.a(alt_open.o)
 .debug_aranges
                0x000007c0       0x20 ../lab4-1_bsp/\libhal_bsp.a(alt_release_fd.o)
 .debug_aranges
                0x000007e0       0x20 ../lab4-1_bsp/\libhal_bsp.a(alt_tick.o)
 .debug_aranges
                0x00000800       0x20 ../lab4-1_bsp/\libhal_bsp.a(alt_usleep.o)
 .debug_aranges
                0x00000820       0x20 ../lab4-1_bsp/\libhal_bsp.a(altera_nios2_qsys_irq.o)
 .debug_aranges
                0x00000840       0x20 ../lab4-1_bsp/\libhal_bsp.a(alt_busy_sleep.o)
 .debug_aranges
                0x00000860       0x38 ../lab4-1_bsp/\libhal_bsp.a(alt_exception_entry.o)
 .debug_aranges
                0x00000898       0x20 ../lab4-1_bsp/\libhal_bsp.a(alt_find_file.o)
 .debug_aranges
                0x000008b8       0x20 ../lab4-1_bsp/\libhal_bsp.a(alt_get_fd.o)
 .debug_aranges
                0x000008d8       0x20 ../lab4-1_bsp/\libhal_bsp.a(alt_icache_flush.o)
 .debug_aranges
                0x000008f8       0x20 c:/altera/13.0sp1/nios2eds/bin/gnu/h-i686-mingw32/bin/../lib/gcc/nios2-elf/4.1.2/../../../../nios2-elf/lib\libc.a(lib_a-atexit.o)
 .debug_aranges
                0x00000918       0x20 c:/altera/13.0sp1/nios2eds/bin/gnu/h-i686-mingw32/bin/../lib/gcc/nios2-elf/4.1.2/../../../../nios2-elf/lib\libc.a(lib_a-exit.o)
 .debug_aranges
                0x00000938       0x20 c:/altera/13.0sp1/nios2eds/bin/gnu/h-i686-mingw32/bin/../lib/gcc/nios2-elf/4.1.2/../../../../nios2-elf/lib\libc.a(lib_a-memcmp.o)
 .debug_aranges
                0x00000958       0x20 c:/altera/13.0sp1/nios2eds/bin/gnu/h-i686-mingw32/bin/../lib/gcc/nios2-elf/4.1.2/../../../../nios2-elf/lib\libc.a(lib_a-putc.o)
 .debug_aranges
                0x00000978       0x20 c:/altera/13.0sp1/nios2eds/bin/gnu/h-i686-mingw32/bin/../lib/gcc/nios2-elf/4.1.2/../../../../nios2-elf/lib\libc.a(lib_a-strcmp.o)
 .debug_aranges
                0x00000998       0x20 c:/altera/13.0sp1/nios2eds/bin/gnu/h-i686-mingw32/bin/../lib/gcc/nios2-elf/4.1.2/../../../../nios2-elf/lib\libc.a(lib_a-strlen.o)
 .debug_aranges
                0x000009b8       0x20 c:/altera/13.0sp1/nios2eds/bin/gnu/h-i686-mingw32/bin/../lib/gcc/nios2-elf/4.1.2/../../../../nios2-elf/lib\libc.a(lib_a-wbuf.o)
 .debug_aranges
                0x000009d8       0x20 c:/altera/13.0sp1/nios2eds/bin/gnu/h-i686-mingw32/bin/../lib/gcc/nios2-elf/4.1.2/../../../../nios2-elf/lib\libc.a(lib_a-wsetup.o)
 .debug_aranges
                0x000009f8       0x20 c:/altera/13.0sp1/nios2eds/bin/gnu/h-i686-mingw32/bin/../lib/gcc/nios2-elf/4.1.2/../../../../nios2-elf/lib\libc.a(lib_a-__atexit.o)
 .debug_aranges
                0x00000a18       0x20 c:/altera/13.0sp1/nios2eds/bin/gnu/h-i686-mingw32/bin/../lib/gcc/nios2-elf/4.1.2/../../../../nios2-elf/lib\libc.a(lib_a-__call_atexit.o)
 .debug_aranges
                0x00000a38       0x20 c:/altera/13.0sp1/nios2eds/bin/gnu/h-i686-mingw32/bin/../lib/gcc/nios2-elf/4.1.2/../../../../nios2-elf/lib\libc.a(lib_a-fflush.o)
 .debug_aranges
                0x00000a58       0x20 c:/altera/13.0sp1/nios2eds/bin/gnu/h-i686-mingw32/bin/../lib/gcc/nios2-elf/4.1.2/../../../../nios2-elf/lib\libc.a(lib_a-findfp.o)
 .debug_aranges
                0x00000a78       0x20 c:/altera/13.0sp1/nios2eds/bin/gnu/h-i686-mingw32/bin/../lib/gcc/nios2-elf/4.1.2/../../../../nios2-elf/lib\libc.a(lib_a-freer.o)
 .debug_aranges
                0x00000a98       0x20 c:/altera/13.0sp1/nios2eds/bin/gnu/h-i686-mingw32/bin/../lib/gcc/nios2-elf/4.1.2/../../../../nios2-elf/lib\libc.a(lib_a-fwalk.o)
 .debug_aranges
                0x00000ab8       0x20 c:/altera/13.0sp1/nios2eds/bin/gnu/h-i686-mingw32/bin/../lib/gcc/nios2-elf/4.1.2/../../../../nios2-elf/lib\libc.a(lib_a-makebuf.o)
 .debug_aranges
                0x00000ad8       0x20 c:/altera/13.0sp1/nios2eds/bin/gnu/h-i686-mingw32/bin/../lib/gcc/nios2-elf/4.1.2/../../../../nios2-elf/lib\libc.a(lib_a-mallocr.o)
 .debug_aranges
                0x00000af8       0x20 c:/altera/13.0sp1/nios2eds/bin/gnu/h-i686-mingw32/bin/../lib/gcc/nios2-elf/4.1.2/../../../../nios2-elf/lib\libc.a(lib_a-sbrkr.o)
 .debug_aranges
                0x00000b18       0x20 c:/altera/13.0sp1/nios2eds/bin/gnu/h-i686-mingw32/bin/../lib/gcc/nios2-elf/4.1.2/../../../../nios2-elf/lib\libc.a(lib_a-stdio.o)
 .debug_aranges
                0x00000b38       0x20 c:/altera/13.0sp1/nios2eds/bin/gnu/h-i686-mingw32/bin/../lib/gcc/nios2-elf/4.1.2/../../../../nios2-elf/lib\libc.a(lib_a-writer.o)
 .debug_aranges
                0x00000b58       0x20 c:/altera/13.0sp1/nios2eds/bin/gnu/h-i686-mingw32/bin/../lib/gcc/nios2-elf/4.1.2/../../../../nios2-elf/lib\libc.a(lib_a-closer.o)
 .debug_aranges
                0x00000b78       0x20 c:/altera/13.0sp1/nios2eds/bin/gnu/h-i686-mingw32/bin/../lib/gcc/nios2-elf/4.1.2/../../../../nios2-elf/lib\libc.a(lib_a-fclose.o)
 .debug_aranges
                0x00000b98       0x20 c:/altera/13.0sp1/nios2eds/bin/gnu/h-i686-mingw32/bin/../lib/gcc/nios2-elf/4.1.2/../../../../nios2-elf/lib\libc.a(lib_a-fstatr.o)
 .debug_aranges
                0x00000bb8       0x20 c:/altera/13.0sp1/nios2eds/bin/gnu/h-i686-mingw32/bin/../lib/gcc/nios2-elf/4.1.2/../../../../nios2-elf/lib\libc.a(lib_a-isattyr.o)
 .debug_aranges
                0x00000bd8       0x20 c:/altera/13.0sp1/nios2eds/bin/gnu/h-i686-mingw32/bin/../lib/gcc/nios2-elf/4.1.2/../../../../nios2-elf/lib\libc.a(lib_a-lseekr.o)
 .debug_aranges
                0x00000bf8       0x20 c:/altera/13.0sp1/nios2eds/bin/gnu/h-i686-mingw32/bin/../lib/gcc/nios2-elf/4.1.2/../../../../nios2-elf/lib\libc.a(lib_a-readr.o)
 .debug_aranges
                0x00000c18       0x20 ../lab4-1_bsp/\libhal_bsp.a(alt_exit.o)
 .debug_aranges
                0x00000c38       0x20 ../lab4-1_bsp/\libhal_bsp.a(alt_fstat.o)
 .debug_aranges
                0x00000c58       0x20 ../lab4-1_bsp/\libhal_bsp.a(alt_isatty.o)
 .debug_aranges
                0x00000c78       0x20 ../lab4-1_bsp/\libhal_bsp.a(alt_lseek.o)
 .debug_aranges
                0x00000c98       0x20 ../lab4-1_bsp/\libhal_bsp.a(alt_malloc_lock.o)
 .debug_aranges
                0x00000cb8       0x20 ../lab4-1_bsp/\libhal_bsp.a(alt_read.o)
 .debug_aranges
                0x00000cd8       0x20 ../lab4-1_bsp/\libhal_bsp.a(alt_sbrk.o)
 .debug_aranges