Archive member included because of file (symbol)

c:/altera/13.0sp1/nios2eds/bin/gnu/h-i686-mingw32/bin/../lib/gcc/nios2-elf/4.1.2/../../../../nios2-elf/lib\libc.a(lib_a-memcpy.o)
                              obj/default/media_interrupt_HAL.o (memcpy)
c:/altera/13.0sp1/nios2eds/bin/gnu/h-i686-mingw32/bin/../lib/gcc/nios2-elf/4.1.2/../../../../nios2-elf/lib\libc.a(lib_a-memset.o)
                              obj/default/media_interrupt_HAL.o (memset)
c:/altera/13.0sp1/nios2eds/bin/gnu/h-i686-mingw32/bin/../lib/gcc/nios2-elf/4.1.2/../../../../nios2-elf/lib\libc.a(lib_a-sprintf.o)
                              obj/default/media_interrupt_HAL.o (sprintf)
c:/altera/13.0sp1/nios2eds/bin/gnu/h-i686-mingw32/bin/../lib/gcc/nios2-elf/4.1.2/../../../../nios2-elf/lib\libc.a(lib_a-vfprintf.o)
                              c:/altera/13.0sp1/nios2eds/bin/gnu/h-i686-mingw32/bin/../lib/gcc/nios2-elf/4.1.2/../../../../nios2-elf/lib\libc.a(lib_a-sprintf.o) (___vfprintf_internal_r)
c:/altera/13.0sp1/nios2eds/bin/gnu/h-i686-mingw32/bin/../lib/gcc/nios2-elf/4.1.2/../../../../nios2-elf/lib\libc.a(lib_a-wsetup.o)
                              c:/altera/13.0sp1/nios2eds/bin/gnu/h-i686-mingw32/bin/../lib/gcc/nios2-elf/4.1.2/../../../../nios2-elf/lib\libc.a(lib_a-vfprintf.o) (__swsetup_r)
c:/altera/13.0sp1/nios2eds/bin/gnu/h-i686-mingw32/bin/../lib/gcc/nios2-elf/4.1.2/../../../../nios2-elf/lib\libc.a(lib_a-dtoa.o)
                              c:/altera/13.0sp1/nios2eds/bin/gnu/h-i686-mingw32/bin/../lib/gcc/nios2-elf/4.1.2/../../../../nios2-elf/lib\libc.a(lib_a-vfprintf.o) (_dtoa_r)
c:/altera/13.0sp1/nios2eds/bin/gnu/h-i686-mingw32/bin/../lib/gcc/nios2-elf/4.1.2/../../../../nios2-elf/lib\libc.a(lib_a-fflush.o)
                              c:/altera/13.0sp1/nios2eds/bin/gnu/h-i686-mingw32/bin/../lib/gcc/nios2-elf/4.1.2/../../../../nios2-elf/lib\libc.a(lib_a-vfprintf.o) (_fflush_r)
c:/altera/13.0sp1/nios2eds/bin/gnu/h-i686-mingw32/bin/../lib/gcc/nios2-elf/4.1.2/../../../../nios2-elf/lib\libc.a(lib_a-findfp.o)
                              c:/altera/13.0sp1/nios2eds/bin/gnu/h-i686-mingw32/bin/../lib/gcc/nios2-elf/4.1.2/../../../../nios2-elf/lib\libc.a(lib_a-vfprintf.o) (__sinit)
c:/altera/13.0sp1/nios2eds/bin/gnu/h-i686-mingw32/bin/../lib/gcc/nios2-elf/4.1.2/../../../../nios2-elf/lib\libc.a(lib_a-freer.o)
                              c:/altera/13.0sp1/nios2eds/bin/gnu/h-i686-mingw32/bin/../lib/gcc/nios2-elf/4.1.2/../../../../nios2-elf/lib\libc.a(lib_a-wsetup.o) (_free_r)
c:/altera/13.0sp1/nios2eds/bin/gnu/h-i686-mingw32/bin/../lib/gcc/nios2-elf/4.1.2/../../../../nios2-elf/lib\libc.a(lib_a-fvwrite.o)
                              c:/altera/13.0sp1/nios2eds/bin/gnu/h-i686-mingw32/bin/../lib/gcc/nios2-elf/4.1.2/../../../../nios2-elf/lib\libc.a(lib_a-vfprintf.o) (__sfvwrite_r)
c:/altera/13.0sp1/nios2eds/bin/gnu/h-i686-mingw32/bin/../lib/gcc/nios2-elf/4.1.2/../../../../nios2-elf/lib\libc.a(lib_a-fwalk.o)
                              c:/altera/13.0sp1/nios2eds/bin/gnu/h-i686-mingw32/bin/../lib/gcc/nios2-elf/4.1.2/../../../../nios2-elf/lib\libc.a(lib_a-fflush.o) (_fwalk_reent)
c:/altera/13.0sp1/nios2eds/bin/gnu/h-i686-mingw32/bin/../lib/gcc/nios2-elf/4.1.2/../../../../nios2-elf/lib\libc.a(lib_a-impure.o)
                              c:/altera/13.0sp1/nios2eds/bin/gnu/h-i686-mingw32/bin/../lib/gcc/nios2-elf/4.1.2/../../../../nios2-elf/lib\libc.a(lib_a-sprintf.o) (_impure_ptr)
c:/altera/13.0sp1/nios2eds/bin/gnu/h-i686-mingw32/bin/../lib/gcc/nios2-elf/4.1.2/../../../../nios2-elf/lib\libc.a(lib_a-locale.o)
                              c:/altera/13.0sp1/nios2eds/bin/gnu/h-i686-mingw32/bin/../lib/gcc/nios2-elf/4.1.2/../../../../nios2-elf/lib\libc.a(lib_a-vfprintf.o) (_localeconv_r)
c:/altera/13.0sp1/nios2eds/bin/gnu/h-i686-mingw32/bin/../lib/gcc/nios2-elf/4.1.2/../../../../nios2-elf/lib\libc.a(lib_a-makebuf.o)
                              c:/altera/13.0sp1/nios2eds/bin/gnu/h-i686-mingw32/bin/../lib/gcc/nios2-elf/4.1.2/../../../../nios2-elf/lib\libc.a(lib_a-wsetup.o) (__smakebuf_r)
c:/altera/13.0sp1/nios2eds/bin/gnu/h-i686-mingw32/bin/../lib/gcc/nios2-elf/4.1.2/../../../../nios2-elf/lib\libc.a(lib_a-mallocr.o)
                              c:/altera/13.0sp1/nios2eds/bin/gnu/h-i686-mingw32/bin/../lib/gcc/nios2-elf/4.1.2/../../../../nios2-elf/lib\libc.a(lib_a-findfp.o) (_malloc_r)
c:/altera/13.0sp1/nios2eds/bin/gnu/h-i686-mingw32/bin/../lib/gcc/nios2-elf/4.1.2/../../../../nios2-elf/lib\libc.a(lib_a-memchr.o)
                              c:/altera/13.0sp1/nios2eds/bin/gnu/h-i686-mingw32/bin/../lib/gcc/nios2-elf/4.1.2/../../../../nios2-elf/lib\libc.a(lib_a-vfprintf.o) (memchr)
c:/altera/13.0sp1/nios2eds/bin/gnu/h-i686-mingw32/bin/../lib/gcc/nios2-elf/4.1.2/../../../../nios2-elf/lib\libc.a(lib_a-memmove.o)
                              c:/altera/13.0sp1/nios2eds/bin/gnu/h-i686-mingw32/bin/../lib/gcc/nios2-elf/4.1.2/../../../../nios2-elf/lib\libc.a(lib_a-fvwrite.o) (memmove)
[...]
Memory Configuration

Name             Origin             Length             Attributes
reset            0x00000000         0x00000020
SDRAM            0x00000020         0x007fffe0
Flash_flash_data 0x0c000000         0x00400000
*default*        0x00000000         0xffffffff

Linker script and memory map

LOAD ../FinalLAB_bsp//obj/HAL/src/crt0.o
LOAD obj/default/PS2_ISR.o
LOAD obj/default/audio_ISR.o
LOAD obj/default/globals.o
LOAD obj/default/interval_timer_ISR.o
LOAD obj/default/media_interrupt_HAL.o
LOAD obj/default/pushbutton_ISR.o
LOAD c:/altera/13.0sp1/nios2eds/bin/gnu/h-i686-mingw32/bin/../lib/gcc/nios2-elf/4.1.2/../../../../nios2-elf/lib\libstdc++.a
LOAD c:/altera/13.0sp1/nios2eds/bin/gnu/h-i686-mingw32/bin/../lib/gcc/nios2-elf/4.1.2/../../../../nios2-elf/lib\libm.a
LOAD c:/altera/13.0sp1/nios2eds/bin/gnu/h-i686-mingw32/bin/../lib/gcc/nios2-elf/4.1.2\libgcc.a
START GROUP
LOAD c:/altera/13.0sp1/nios2eds/bin/gnu/h-i686-mingw32/bin/../lib/gcc/nios2-elf/4.1.2/../../../../nios2-elf/lib\libc.a
LOAD c:/altera/13.0sp1/nios2eds/bin/gnu/h-i686-mingw32/bin/../lib/gcc/nios2-elf/4.1.2\libgcc.a
LOAD ../FinalLAB_bsp/\libhal_bsp.a
END GROUP
LOAD c:/altera/13.0sp1/nios2eds/bin/gnu/h-i686-mingw32/bin/../lib/gcc/nios2-elf/4.1.2\libgcc.a
                0x00000000                __alt_mem_SDRAM = 0x0
                0x0c000000                __alt_mem_Flash_flash_data = 0xc000000

.entry          0x00000000       0x20
 *(.entry)
 .entry         0x00000000       0x20 ../FinalLAB_bsp//obj/HAL/src/crt0.o
                0x00000000                __reset

.exceptions     0x00000020      0x198
                0x00000020                PROVIDE (__ram_exceptions_start, ABSOLUTE (.))
                0x00000020                . = ALIGN (0x20)
 *(.irq)
 *(.exceptions.entry.label)
 .exceptions.entry.label
                0x00000020        0x0 ../FinalLAB_bsp/\libhal_bsp.a(alt_irq_entry.o)
                0x00000020                alt_irq_entry
 .exceptions.entry.label
                0x00000020        0x0 ../FinalLAB_bsp/\libhal_bsp.a(alt_exception_entry.o)
                0x00000020                alt_exception
 *(.exceptions.entry.user)
 *(.exceptions.entry)
 .exceptions.entry
                0x00000020       0x54 ../FinalLAB_bsp/\libhal_bsp.a(alt_exception_entry.o)
 *(.exceptions.irqtest.user)
 *(.exceptions.irqtest)
 .exceptions.irqtest
                0x00000074       0x10 ../FinalLAB_bsp/\libhal_bsp.a(alt_irq_entry.o)
 *(.exceptions.irqhandler.user)
 *(.exceptions.irqhandler)
 .exceptions.irqhandler
                0x00000084        0x4 ../FinalLAB_bsp/\libhal_bsp.a(alt_irq_entry.o)
 *(.exceptions.irqreturn.user)
 *(.exceptions.irqreturn)
 .exceptions.irqreturn
                0x00000088        0x4 ../FinalLAB_bsp/\libhal_bsp.a(alt_irq_entry.o)
 *(.exceptions.notirq.label)
 .exceptions.notirq.label
                0x0000008c        0x0 ../FinalLAB_bsp/\libhal_bsp.a(alt_irq_entry.o)
 *(.exceptions.notirq.user)
 *(.exceptions.notirq)
 .exceptions.notirq
                0x0000008c        0x8 ../FinalLAB_bsp/\libhal_bsp.a(alt_exception_entry.o)
 *(.exceptions.soft.user)
 *(.exceptions.soft)
 *(.exceptions.unknown.user)
 *(.exceptions.unknown)
 .exceptions.unknown
                0x00000094        0x4 ../FinalLAB_bsp/\libhal_bsp.a(alt_exception_entry.o)
 *(.exceptions.exit.label)
 .exceptions.exit.label
                0x00000098        0x0 ../FinalLAB_bsp/\libhal_bsp.a(alt_irq_entry.o)
 .exceptions.exit.label
                0x00000098        0x0 ../FinalLAB_bsp/\libhal_bsp.a(alt_exception_entry.o)
 *(.exceptions.exit.user)
 *(.exceptions.exit)
 .exceptions.exit
                0x00000098       0x54 ../FinalLAB_bsp/\libhal_bsp.a(alt_exception_entry.o)
 *(.exceptions)
 .exceptions    0x000000ec       0xcc ../FinalLAB_bsp/\libhal_bsp.a(alt_irq_handler.o)
                0x000000ec                alt_irq_handler
                0x000001b8                PROVIDE (__ram_exceptions_end, ABSOLUTE (.))
                0x00000020                PROVIDE (__flash_exceptions_start, LOADADDR (.exceptions))

.text           0x000001b8    0x11d54
                0x000001b8                PROVIDE (stext, ABSOLUTE (.))
 *(.interp)
 *(.hash)
 *(.dynsym)
 *(.dynstr)
 *(.gnu.version)
 *(.gnu.version_d)
 *(.gnu.version_r)
 *(.rel.init)
 *(.rela.init)
 *(.rel.text .rel.text.* .rel.gnu.linkonce.t.*)
 *(.rela.text .rela.text.* .rela.gnu.linkonce.t.*)
 *(.rel.fini)
 *(.rela.fini)
 *(.rel.rodata .rel.rodata.* .rel.gnu.linkonce.r.*)
 *(.rela.rodata .rela.rodata.* .rela.gnu.linkonce.r.*)
 *(.rel.data .rel.data.* .rel.gnu.linkonce.d.*)
 *(.rela.data .rela.data.* .rela.gnu.linkonce.d.*)
 *(.rel.tdata .rel.tdata.* .rel.gnu.linkonce.td.*)
 *(.rela.tdata .rela.tdata.* .rela.gnu.linkonce.td.*)
 *(.rel.tbss .rel.tbss.* .rel.gnu.linkonce.tb.*)
 *(.rela.tbss .rela.tbss.* .rela.gnu.linkonce.tb.*)
 *(.rel.ctors)
 *(.rela.ctors)
 *(.rel.dtors)
 *(.rela.dtors)
 *(.rel.got)
 *(.rela.got)
 *(.rel.sdata .rel.sdata.* .rel.gnu.linkonce.s.*)
 *(.rela.sdata .rela.sdata.* .rela.gnu.linkonce.s.*)
 *(.rel.sbss .rel.sbss.* .rel.gnu.linkonce.sb.*)
 *(.rela.sbss .rela.sbss.* .rela.gnu.linkonce.sb.*)
 *(.rel.sdata2 .rel.sdata2.* .rel.gnu.linkonce.s2.*)
 *(.rela.sdata2 .rela.sdata2.* .rela.gnu.linkonce.s2.*)
 *(.rel.sbss2 .rel.sbss2.* .rel.gnu.linkonce.sb2.*)
 *(.rela.sbss2 .rela.sbss2.* .rela.gnu.linkonce.sb2.*)
 *(.rel.bss .rel.bss.* .rel.gnu.linkonce.b.*)
 *(.rela.bss .rela.bss.* .rela.gnu.linkonce.b.*)
 *(.rel.plt)
 *(.rela.plt)
 *(.rel.dyn)
 *(.init)
 *(.plt)
 *(.text .stub .text.* .gnu.linkonce.t.*)
 .text          0x000001b8       0x3c ../FinalLAB_bsp//obj/HAL/src/crt0.o
                0x000001b8                _start
 .text          0x000001f4      0x18c obj/default/PS2_ISR.o
                0x000001f4                PS2_ISR
 .text          0x00000380      0x38c obj/default/audio_ISR.o
                0x00000380                audio_ISR
 .text          0x0000070c        0x0 obj/default/globals.o
 .text          0x0000070c       0x60 obj/default/interval_timer_ISR.o
                0x0000070c                interval_timer_ISR
 .text          0x0000076c     0x1438 obj/default/media_interrupt_HAL.o
                0x0000076c                main
                0x00001078                mouse_color
                0x0000115c                setMouseBounds
                0x000013fc                Mouse_ISR
                0x0000165c                make_echo
                0x00001760                run_command
                0x00001840                command_det
                0x000019c0                draw_mouse
 .text          0x00001ba4       0xb8 obj/default/pushbutton_ISR.o
                0x00001ba4                pushbutton_ISR
 .text          0x00001c5c       0xa0 c:/altera/13.0sp1/nios2eds/bin/gnu/h-i686-mingw32/bin/../lib/gcc/nios2-elf/4.1.2/../../../../nios2-elf/lib\libc.a(lib_a-memcpy.o)
                0x00001c5c                memcpy
 .text          0x00001cfc       0x98 c:/altera/13.0sp1/nios2eds/bin/gnu/h-i686-mingw32/bin/../lib/gcc/nios2-elf/4.1.2/../../../../nios2-elf/lib\libc.a(lib_a-memset.o)
                0x00001cfc                memset
 .text          0x00001d94       0xd4 c:/altera/13.0sp1/nios2eds/bin/gnu/h-i686-mingw32/bin/../lib/gcc/nios2-elf/4.1.2/../../../../nios2-elf/lib\libc.a(lib_a-sprintf.o)
                0x00001d94                sprintf
                0x00001e08                _sprintf_r
 .text          0x00001e68     0x1f28 c:/altera/13.0sp1/nios2eds/bin/gnu/h-i686-mingw32/bin/../lib/gcc/nios2-elf/4.1.2/../../../../nios2-elf/lib\libc.a(lib_a-vfprintf.o)
                0x00001ec0                ___vfprintf_internal_r
                0x00003d6c                __vfprintf_internal
 .text          0x00003d90      0x13c c:/altera/13.0sp1/nios2eds/bin/gnu/h-i686-mingw32/bin/../lib/gcc/nios2-elf/4.1.2/../../../../nios2-elf/lib\libc.a(lib_a-wsetup.o)
                0x00003d90                __swsetup_r
 .text          0x00003ecc     0x17cc c:/altera/13.0sp1/nios2eds/bin/gnu/h-i686-mingw32/bin/../lib/gcc/nios2-elf/4.1.2/../../../../nios2-elf/lib\libc.a(lib_a-dtoa.o)
                0x000040e4                _dtoa_r
 .text          0x00005698      0x230 c:/altera/13.0sp1/nios2eds/bin/gnu/h-i686-mingw32/bin/../lib/gcc/nios2-elf/4.1.2/../../../../nios2-elf/lib\libc.a(lib_a-fflush.o)
                0x00005698                _fflush_r
                0x00005894                fflush
 .text          0x000058c8      0x2c0 c:/altera/13.0sp1/nios2eds/bin/gnu/h-i686-mingw32/bin/../lib/gcc/nios2-elf/4.1.2/../../../../nios2-elf/lib\libc.a(lib_a-findfp.o)
                0x00005920                __sfp_lock_acquire
                0x00005924                __sfp_lock_release
                0x00005928                __sinit_lock_acquire
                0x0000592c                __sinit_lock_release
                0x00005930                __sinit
                0x000059e4                __fp_unlock_all
                0x000059fc                __fp_lock_all
                0x00005a14                _cleanup_r
                0x00005a20                _cleanup
                0x00005a30                __sfmoreglue
                0x00005a98                __sfp
 .text          0x00005b88      0x440 c:/altera/13.0sp1/nios2eds/bin/gnu/h-i686-mingw32/bin/../lib/gcc/nios2-elf/4.1.2/../../../../nios2-elf/lib\libc.a(lib_a-freer.o)
                0x00005b88                _malloc_trim_r
                0x00005cb4                _free_r
 .text          0x00005fc8      0x49c c:/altera/13.0sp1/nios2eds/bin/gnu/h-i686-mingw32/bin/../lib/gcc/nios2-elf/4.1.2/../../../../nios2-elf/lib\libc.a(lib_a-fvwrite.o)
                0x00005fc8                __sfvwrite_r
 .text          0x00006464      0x180 c:/altera/13.0sp1/nios2eds/bin/gnu/h-i686-mingw32/bin/../lib/gcc/nios2-elf/4.1.2/../../../../nios2-elf/lib\libc.a(lib_a-fwalk.o)
                0x00006464                _fwalk_reent
                0x0000652c                _fwalk
 .text          0x000065e4        0x0 c:/altera/13.0sp1/nios2eds/bin/gnu/h-i686-mingw32/bin/../lib/gcc/nios2-elf/4.1.2/../../../../nios2-elf/lib\libc.a(lib_a-impure.o)
 .text          0x000065e4       0xc4 c:/altera/13.0sp1/nios2eds/bin/gnu/h-i686-mingw32/bin/../lib/gcc/nios2-elf/4.1.2/../../../../nios2-elf/lib\libc.a(lib_a-locale.o)
                0x000065e4                __locale_charset
                0x000065ec                _localeconv_r
                0x000065f8                localeconv
                0x00006608                _setlocale_r
                0x0000668c                setlocale
 .text          0x000066a8      0x194 c:/altera/13.0sp1/nios2eds/bin/gnu/h-i686-mingw32/bin/../lib/gcc/nios2-elf/4.1.2/../../../../nios2-elf/lib\libc.a(lib_a-makebuf.o)
                0x000066a8                __smakebuf_r
 .text          0x0000683c      0x740 c:/altera/13.0sp1/nios2eds/bin/gnu/h-i686-mingw32/bin/../lib/gcc/nios2-elf/4.1.2/../../../../nios2-elf/lib\libc.a(lib_a-mallocr.o)
                0x0000683c                _malloc_r
 .text          0x00006f7c       0xe4 c:/altera/13.0sp1/nios2eds/bin/gnu/h-i686-mingw32/bin/../lib/gcc/nios2-elf/4.1.2/../../../../nios2-elf/lib\libc.a(lib_a-memchr.o)
                0x00006f7c                memchr
 .text          0x00007060       0xe0 c:/altera/13.0sp1/nios2eds/bin/gnu/h-i686-mingw32/bin/../lib/gcc/nios2-elf/4.1.2/../../../../nios2-elf/lib\libc.a(lib_a-memmove.o)
                0x00007060                memmove
 .text          0x00007140      0xff4 c:/altera/13.0sp1/nios2eds/bin/gnu/h-i686-mingw32/bin/../lib/gcc/nios2-elf/4.1.2/../../../../nios2-elf/lib\libc.a(lib_a-mprec.o)
                0x00007140                _Bfree
                0x00007168                __hi0bits
                0x000071d8                __lo0bits
                0x0000729c                __mcmp
                0x000072fc                __ulp
                0x0000737c                __b2d
                0x0000749c                __ratio
                0x0000754c                _mprec_log10
                0x000075e0                __copybits
                0x00007638                __any_on
                0x000076c0                _Balloc
                0x0000777c                __d2b
                0x000078f8                __mdiff
                0x00007a84                __lshift
                0x00007bd0                __multiply
                0x00007db8                __i2b
                0x00007df4                __multadd
                0x00007ef4                __pow5mult
                0x00008014                __s2b
 .text          0x00008134      0x5f4 c:/altera/13.0sp1/nios2eds/bin/gnu/h-i686-mingw32/bin/../lib/gcc/nios2-elf/4.1.2/../../../../nios2-elf/lib\libc.a(lib_a-reallocr.o)
                0x00008134                _realloc_r
 .text          0x00008728       0x40 c:/altera/13.0sp1/nios2eds/bin/gnu/h-i686-mingw32/bin/../lib/gcc/nios2-elf/4.1.2/../../../../nios2-elf/lib\libc.a(lib_a-s_isinfd.o)
                0x00008728                __isinfd
 .text          0x00008768       0x30 c:/altera/13.0sp1/nios2eds/bin/gnu/h-i686-mingw32/bin/../lib/gcc/nios2-elf/4.1.2/../../../../nios2-elf/lib\libc.a(lib_a-s_isnand.o)
                0x00008768                __isnand
 .text          0x00008798       0x70 c:/altera/13.0sp1/nios2eds/bin/gnu/h-i686-mingw32/bin/../lib/gcc/nios2-elf/4.1.2/../../../../nios2-elf/lib\libc.a(lib_a-sbrkr.o)
                0x00008798                _sbrk_r
 .text          0x00008808      0x14c c:/altera/13.0sp1/nios2eds/bin/gnu/h-i686-mingw32/bin/../lib/gcc/nios2-elf/4.1.2/../../../../nios2-elf/lib\libc.a(lib_a-stdio.o)
                0x00008808                __sclose
                0x00008810                __sseek
                0x00008878                __swrite
                0x000088f4                __sread
 .text          0x00008954       0xbc c:/altera/13.0sp1/nios2eds/bin/gnu/h-i686-mingw32/bin/../lib/gcc/nios2-elf/4.1.2/../../../../nios2-elf/lib\libc.a(lib_a-strcmp.o)
                0x00008954                strcmp
 .text          0x00008a10       0x74 c:/altera/13.0sp1/nios2eds/bin/gnu/h-i686-mingw32/bin/../lib/gcc/nios2-elf/4.1.2/../../../../nios2-elf/lib\libc.a(lib_a-strlen.o)
                0x00008a10                strlen
 .text          0x00008a84       0x78 c:/altera/13.0sp1/nios2eds/bin/gnu/h-i686-mingw32/bin/../lib/gcc/nios2-elf/4.1.2/../../../../nios2-elf/lib\libc.a(lib_a-writer.o)
                0x00008a84                _write_r
 .text          0x00008afc       0xb4 c:/altera/13.0sp1/nios2eds/bin/gnu/h-i686-mingw32/bin/../lib/gcc/nios2-elf/4.1.2/../../../../nios2-elf/lib\libc.a(lib_a-callocr.o)
                0x00008afc                _calloc_r
 .text          0x00008bb0       0x70 c:/altera/13.0sp1/nios2eds/bin/gnu/h-i686-mingw32/bin/../lib/gcc/nios2-elf/4.1.2/../../../../nios2-elf/lib\libc.a(lib_a-closer.o)
                0x00008bb0                _close_r
 .text          0x00008c20      0x124 c:/altera/13.0sp1/nios2eds/bin/gnu/h-i686-mingw32/bin/../lib/gcc/nios2-elf/4.1.2/../../../../nios2-elf/lib\libc.a(lib_a-fclose.o)
                0x00008c20                _fclose_r
                0x00008d30                fclose
 .text          0x00008d44       0x74 c:/altera/13.0sp1/nios2eds/bin/gnu/h-i686-mingw32/bin/../lib/gcc/nios2-elf/4.1.2/../../../../nios2-elf/lib\libc.a(lib_a-fstatr.o)
                0x00008d44                _fstat_r
 .text          0x00008db8        0x0 c:/altera/13.0sp1/nios2eds/bin/gnu/h-i686-mingw32/bin/../lib/gcc/nios2-elf/4.1.2/../../../../nios2-elf/lib\libc.a(lib_a-int_errno.o)
 .text          0x00008db8       0x70 c:/altera/13.0sp1/nios2eds/bin/gnu/h-i686-mingw32/bin/../lib/gcc/nios2-elf/4.1.2/../../../../nios2-elf/lib\libc.a(lib_a-isattyr.o)
                0x00008db8                _isatty_r
 .text          0x00008e28       0x78 c:/altera/13.0sp1/nios2eds/bin/gnu/h-i686-mingw32/bin/../lib/gcc/nios2-elf/4.1.2/../../../../nios2-elf/lib\libc.a(lib_a-lseekr.o)
                0x00008e28                _lseek_r
 .text          0x00008ea0       0x78 c:/altera/13.0sp1/nios2eds/bin/gnu/h-i686-mingw32/bin/../lib/gcc/nios2-elf/4.1.2/../../../../nios2-elf/lib\libc.a(lib_a-readr.o)
                0x00008ea0                _read_r
 .text          0x00008f18      0x5dc c:/altera/13.0sp1/nios2eds/bin/gnu/h-i686-mingw32/bin/../lib/gcc/nios2-elf/4.1.2\libgcc.a(_udivdi3.o)
                0x00008f18                __udivdi3
 .text          0x000094f4      0x5b0 c:/altera/13.0sp1/nios2eds/bin/gnu/h-i686-mingw32/bin/../lib/gcc/nios2-elf/4.1.2\libgcc.a(_umoddi3.o)
                0x000094f4                __umoddi3
 .text          0x00009aa4      0x504 c:/altera/13.0sp1/nios2eds/bin/gnu/h-i686-mingw32/bin/../lib/gcc/nios2-elf/4.1.2\libgcc.a(_addsub_df.o)
                0x00009eb4                __subdf3
                0x00009f34                __adddf3
 .text          0x00009fa8      0x3c4 c:/altera/13.0sp1/nios2eds/bin/gnu/h-i686-mingw32/bin/../lib/gcc/nios2-elf/4.1.2\libgcc.a(_mul_df.o)
                0x00009fa8                __muldf3
 .text          0x0000a36c      0x258 c:/altera/13.0sp1/nios2eds/bin/gnu/h-i686-mingw32/bin/../lib/gcc/nios2-elf/4.1.2\libgcc.a(_div_df.o)
                0x0000a36c                __divdf3
 .text          0x0000a5c4       0x88 c:/altera/13.0sp1/nios2eds/bin/gnu/h-i686-mingw32/bin/../lib/gcc/nios2-elf/4.1.2\libgcc.a(_eq_df.o)
                0x0000a5c4                __eqdf2
 .text          0x0000a64c       0x88 c:/altera/13.0sp1/nios2eds/bin/gnu/h-i686-mingw32/bin/../lib/gcc/nios2-elf/4.1.2\libgcc.a(_ne_df.o)
                0x0000a64c                __nedf2
 .text          0x0000a6d4       0x88 c:/altera/13.0sp1/nios2eds/bin/gnu/h-i686-mingw32/bin/../lib/gcc/nios2-elf/4.1.2\libgcc.a(_gt_df.o)
                0x0000a6d4                __gtdf2
 .text          0x0000a75c       0x88 c:/altera/13.0sp1/nios2eds/bin/gnu/h-i686-mingw32/bin/../lib/gcc/nios2-elf/4.1.2\libgcc.a(_ge_df.o)
                0x0000a75c                __gedf2
 .text          0x0000a7e4       0x88 c:/altera/13.0sp1/nios2eds/bin/gnu/h-i686-mingw32/bin/../lib/gcc/nios2-elf/4.1.2\libgcc.a(_lt_df.o)
                0x0000a7e4                __ltdf2
 .text          0x0000a86c       0xf8 c:/altera/13.0sp1/nios2eds/bin/gnu/h-i686-mingw32/bin/../lib/gcc/nios2-elf/4.1.2\libgcc.a(_si_to_df.o)
                0x0000a86c                __floatsidf
 .text          0x0000a964       0xd8 c:/altera/13.0sp1/nios2eds/bin/gnu/h-i686-mingw32/bin/../lib/gcc/nios2-elf/4.1.2\libgcc.a(_df_to_si.o)
                0x0000a964                __fixdfsi
 .text          0x0000aa3c        0x0 c:/altera/13.0sp1/nios2eds/bin/gnu/h-i686-mingw32/bin/../lib/gcc/nios2-elf/4.1.2\libgcc.a(_thenan_df.o)
 .text          0x0000aa3c      0x194 c:/altera/13.0sp1/nios2eds/bin/gnu/h-i686-mingw32/bin/../lib/gcc/nios2-elf/4.1.2\libgcc.a(_usi_to_df.o)
                0x0000aa3c                __floatunsidf
 .text          0x0000abd0      0x14c c:/altera/13.0sp1/nios2eds/bin/gnu/h-i686-mingw32/bin/../lib/gcc/nios2-elf/4.1.2\libgcc.a(lib2-divmod.o)
                0x0000ac4c                __divsi3
                0x0000acac                __modsi3
                0x0000ad0c                __udivsi3
                0x0000ad14                __umodsi3
 .text          0x0000ad1c       0x98 c:/altera/13.0sp1/nios2eds/bin/gnu/h-i686-mingw32/bin/../lib/gcc/nios2-elf/4.1.2\libgcc.a(_muldi3.o)
                0x0000ad1c                __muldi3
 .text          0x0000adb4        0x0 c:/altera/13.0sp1/nios2eds/bin/gnu/h-i686-mingw32/bin/../lib/gcc/nios2-elf/4.1.2\libgcc.a(_clz.o)
 .text          0x0000adb4       0x80 c:/altera/13.0sp1/nios2eds/bin/gnu/h-i686-mingw32/bin/../lib/gcc/nios2-elf/4.1.2\libgcc.a(_clzsi2.o)
                0x0000adb4                __clzsi2
 .text          0x0000ae34      0x314 c:/altera/13.0sp1/nios2eds/bin/gnu/h-i686-mingw32/bin/../lib/gcc/nios2-elf/4.1.2\libgcc.a(_pack_df.o)
                0x0000ae34                __pack_d
 .text          0x0000b148      0x138 c:/altera/13.0sp1/nios2eds/bin/gnu/h-i686-mingw32/bin/../lib/gcc/nios2-elf/4.1.2\libgcc.a(_unpack_df.o)
                0x0000b148                __unpack_d
 .text          0x0000b280       0xc8 c:/altera/13.0sp1/nios2eds/bin/gnu/h-i686-mingw32/bin/../lib/gcc/nios2-elf/4.1.2\libgcc.a(_fpcmp_parts_df.o)
                0x0000b280                __fpcmp_parts_d
 .text          0x0000b348      0x15c ../FinalLAB_bsp/\libhal_bsp.a(alt_close.o)
                0x0000b348                close
 .text          0x0000b4a4       0x2c ../FinalLAB_bsp/\libhal_bsp.a(alt_dev.o)
 .text          0x0000b4d0        0x0 ../FinalLAB_bsp/\libhal_bsp.a(alt_errno.o)
 .text          0x0000b4d0      0x134 ../FinalLAB_bsp/\libhal_bsp.a(alt_fstat.o)
                0x0000b4d0                fstat
 .text          0x0000b604      0x1c0 ../FinalLAB_bsp/\libhal_bsp.a(alt_irq_register.o)
                0x0000b604                alt_irq_register
 .text          0x0000b7c4        0x0 ../FinalLAB_bsp/\libhal_bsp.a(alt_irq_vars.o)
 .text          0x0000b7c4      0x120 ../FinalLAB_bsp/\libhal_bsp.a(alt_isatty.o)
                0x0000b7c4                isatty
 .text          0x0000b8e4       0xec ../FinalLAB_bsp/\libhal_bsp.a(alt_load.o)
                0x0000b8e4                alt_load
 .text          0x0000b9d0      0x150 ../FinalLAB_bsp/\libhal_bsp.a(alt_lseek.o)
                0x0000b9d0                lseek
 .text          0x0000bb20       0x6c ../FinalLAB_bsp/\libhal_bsp.a(alt_main.o)
                0x0000bb20                alt_main
 .text          0x0000bb8c       0x40 ../FinalLAB_bsp/\libhal_bsp.a(alt_malloc_lock.o)
                0x0000bb8c                __malloc_lock
                0x0000bbac                __malloc_unlock
 .text          0x0000bbcc      0x258 ../FinalLAB_bsp/\libhal_bsp.a(alt_printf.o)
                0x0000bbcc                alt_printf
 .text          0x0000be24       0x40 ../FinalLAB_bsp/\libhal_bsp.a(alt_putchar.o)
                0x0000be24                alt_putchar
 .text          0x0000be64      0x180 ../FinalLAB_bsp/\libhal_bsp.a(alt_read.o)
                0x0000be64                read
 .text          0x0000bfe4       0x60 ../FinalLAB_bsp/\libhal_bsp.a(alt_release_fd.o)
                0x0000bfe4                alt_release_fd
 .text          0x0000c044       0xbc ../FinalLAB_bsp/\libhal_bsp.a(alt_sbrk.o)
                0x0000c044                sbrk
 .text          0x0000c100      0x180 ../FinalLAB_bsp/\libhal_bsp.a(alt_write.o)
                0x0000c100                write
 .text          0x0000c280      0x46c ../FinalLAB_bsp/\libhal_bsp.a(alt_sys_init.o)
                0x0000c280                alt_irq_init
                0x0000c2b4                alt_sys_init
 .text          0x0000c6ec      0x148 ../FinalLAB_bsp/\libhal_bsp.a(altera_avalon_jtag_uart_fd.o)
                0x0000c6ec                altera_avalon_jtag_uart_read_fd
                0x0000c744                altera_avalon_jtag_uart_write_fd
                0x0000c79c                altera_avalon_jtag_uart_close_fd
                0x0000c7e4                altera_avalon_jtag_uart_ioctl_fd
 .text          0x0000c834      0x408 ../FinalLAB_bsp/\libhal_bsp.a(altera_avalon_jtag_uart_init.o)
                0x0000c834                altera_avalon_jtag_uart_init
                0x0000cbc8                altera_avalon_jtag_uart_close
 .text          0x0000cc3c       0xf4 ../FinalLAB_bsp/\libhal_bsp.a(altera_avalon_jtag_uart_ioctl.o)
                0x0000cc3c                altera_avalon_jtag_uart_ioctl
 .text          0x0000cd30      0x224 ../FinalLAB_bsp/\libhal_bsp.a(altera_avalon_jtag_uart_read.o)
                0x0000cd30                altera_avalon_jtag_uart_read
 .text          0x0000cf54      0x240 ../FinalLAB_bsp/\libhal_bsp.a(altera_avalon_jtag_uart_write.o)
                0x0000cf54                altera_avalon_jtag_uart_write
 .text          0x0000d194       0xfc ../FinalLAB_bsp/\libhal_bsp.a(altera_avalon_timer_sc.o)
                0x0000d208                alt_avalon_timer_sc_init
 .text          0x0000d290      0x80c ../FinalLAB_bsp/\libhal_bsp.a(altera_up_avalon_audio.o)
                0x0000d290                alt_up_audio_open_dev
                0x0000d2d0                alt_up_audio_enable_read_interrupt
                0x0000d31c                alt_up_audio_disable_read_interrupt
                0x0000d36c                alt_up_audio_enable_write_interrupt
                0x0000d3b8                alt_up_audio_disable_write_interrupt
                0x0000d408                alt_up_audio_read_interrupt_pending
                0x0000d444                alt_up_audio_write_interrupt_pending
                0x0000d480                alt_up_audio_reset_audio_core
                0x0000d508                alt_up_audio_read_fifo_avail
                0x0000d578                alt_up_audio_record_r
                0x0000d5e8                alt_up_audio_record_l
                0x0000d658                alt_up_audio_write_fifo_space
                0x0000d6cc                alt_up_audio_play_r
                0x0000d73c                alt_up_audio_play_l
                0x0000d7ac                alt_up_audio_read_fifo
                0x0000d8b0                alt_up_audio_write_fifo
                0x0000d9dc                alt_up_audio_read_fifo_head
                0x0000da3c                alt_up_audio_write_fifo_head
 .text          0x0000da9c      0x530 ../FinalLAB_bsp/\libhal_bsp.a(altera_up_avalon_character_lcd.o)
                0x0000da9c                get_DDRAM_addr
                0x0000db18                alt_up_character_lcd_send_cmd
                0x0000db4c                alt_up_character_lcd_init
                0x0000db80                alt_up_character_lcd_open_dev
                0x0000dbc0                alt_up_character_lcd_write
                0x0000dc38                alt_up_character_lcd_string
                0x0000dcb0                alt_up_character_lcd_write_fd
                0x0000dcfc                alt_up_character_lcd_set_cursor_pos
                0x0000dd74                alt_up_character_lcd_shift_cursor
                0x0000de24                alt_up_character_lcd_shift_display
                0x0000ded4                alt_up_character_lcd_erase_pos
                0x0000df64                alt_up_character_lcd_cursor_off
                0x0000df98                alt_up_character_lcd_cursor_blink_on
 .text          0x0000dfcc      0x150 ../FinalLAB_bsp/\libhal_bsp.a(altera_up_avalon_ethernet.o)
                0x0000dfcc                alt_up_ethernet_init
                0x0000e0dc                alt_up_ethernet_open_dev
 .text          0x0000e11c      0x238 ../FinalLAB_bsp/\libhal_bsp.a(altera_up_avalon_ethernet_low_level_driver.o)
                0x0000e11c                alt_up_ethernet_reg_read
                0x0000e158                alt_up_ethernet_reg_write
                0x0000e19c                alt_up_ethernet_phy_reg_read
                0x0000e27c                alt_up_ethernet_phy_reg_write
 .text          0x0000e354      0x394 ../FinalLAB_bsp/\libhal_bsp.a(altera_up_avalon_irda.o)
                0x0000e354                alt_up_irda_enable_read_interrupt
                0x0000e3a8                alt_up_irda_disable_read_interrupt
                0x0000e400                alt_up_irda_get_used_space_in_read_FIFO
                0x0000e43c                alt_up_irda_get_available_space_in_write_FIFO
                0x0000e47c                alt_up_irda_check_parity
                0x0000e4cc                alt_up_irda_write_data
                0x0000e514                alt_up_irda_read_data
                0x0000e588                alt_up_irda_read_fd
                0x0000e618                alt_up_irda_write_fd
                0x0000e6a8                alt_up_irda_open_dev
 .text          0x0000e6e8       0x40 ../FinalLAB_bsp/\libhal_bsp.a(altera_up_avalon_parallel_port.o)
                0x0000e6e8                alt_up_parallel_port_open_dev
 .text          0x0000e728      0x700 ../FinalLAB_bsp/\libhal_bsp.a(altera_up_avalon_ps2.o)
                0x0000e728                read_RI_bit
                0x0000e75c                read_RE_bit
                0x0000e78c                read_CE_bit
                0x0000e7c0                read_num_bytes_available
                0x0000e7f4                read_data_valid
                0x0000e828                read_data_byte
                0x0000e854                alt_up_ps2_init
                0x0000e920                alt_up_ps2_enable_read_interrupt
                0x0000e974                alt_up_ps2_disable_read_interrupt
                0x0000e9cc                alt_up_ps2_write_data_byte
                0x0000ea44                alt_up_ps2_wait_for_ack
                0x0000eab4                alt_up_ps2_write_data_byte_with_ack
                0x0000eb20                alt_up_ps2_read_data_byte_timeout
                0x0000ebd0                alt_up_ps2_read_data_byte
                0x0000ec4c                alt_up_ps2_clear_fifo
                0x0000eca4                alt_up_ps2_read_fd
                0x0000ed40                alt_up_ps2_write_fd
                0x0000ede8                alt_up_ps2_open_dev
 .text          0x0000ee28      0x398 ../FinalLAB_bsp/\libhal_bsp.a(altera_up_avalon_rs232.o)
                0x0000ee28                alt_up_rs232_enable_read_interrupt
                0x0000ee7c                alt_up_rs232_disable_read_interrupt
                0x0000eed4                alt_up_rs232_get_used_space_in_read_FIFO
                0x0000ef10                alt_up_rs232_get_available_space_in_write_FIFO
                0x0000ef50                alt_up_rs232_check_parity
                0x0000efa0                alt_up_rs232_write_data
                0x0000efe8                alt_up_rs232_read_data
                0x0000f05c                alt_up_rs232_read_fd
                0x0000f0ec                alt_up_rs232_write_fd
                0x0000f180                alt_up_rs232_open_dev
 .text          0x0000f1c0      0x304 ../FinalLAB_bsp/\libhal_bsp.a(altera_up_avalon_video_character_buffer_with_dma.o)
                0x0000f1c0                alt_up_char_buffer_init
                0x0000f244                alt_up_char_buffer_open_dev
                0x0000f284                alt_up_char_buffer_draw
                0x0000f354                alt_up_char_buffer_string
                0x0000f468                alt_up_char_buffer_clear
 .text          0x0000f4c4     0x156c ../FinalLAB_bsp/\libhal_bsp.a(altera_up_avalon_video_pixel_buffer_dma.o)
                0x0000f4c4                alt_up_pixel_buffer_dma_open_dev
                0x0000f504                alt_up_pixel_buffer_dma_draw
                0x0000f6a4                alt_up_pixel_buffer_dma_change_back_buffer_address
                0x0000f6fc                alt_up_pixel_buffer_dma_swap_buffers
                0x0000f754                alt_up_pixel_buffer_dma_check_swap_buffers_status
                0x0000f788                alt_up_pixel_buffer_dma_clear_screen
                0x0000f8ec                alt_up_pixel_buffer_dma_draw_box
                0x0000fde0                alt_up_pixel_buffer_dma_draw_hline
                0x00010130                alt_up_pixel_buffer_dma_draw_vline
                0x00010500                alt_up_pixel_buffer_dma_draw_rectangle
                0x000105c4                helper_plot_pixel
                0x00010694                alt_up_pixel_buffer_dma_draw_line
 .text          0x00010a30      0x154 ../FinalLAB_bsp/\libhal_bsp.a(alt_alarm_start.o)
                0x00010a30                alt_alarm_start
 .text          0x00010b84       0x1c ../FinalLAB_bsp/\libhal_bsp.a(alt_dcache_flush_all.o)
                0x00010b84                alt_dcache_flush_all
 .text          0x00010ba0      0x114 ../FinalLAB_bsp/\libhal_bsp.a(alt_dev_llist_insert.o)
                0x00010ba0                alt_dev_llist_insert
 .text          0x00010cb4       0x64 ../FinalLAB_bsp/\libhal_bsp.a(alt_do_ctors.o)
                0x00010cb4                _do_ctors
 .text          0x00010d18       0x64 ../FinalLAB_bsp/\libhal_bsp.a(alt_do_dtors.o)
                0x00010d18                _do_dtors
 .text          0x00010d7c       0x94 ../FinalLAB_bsp/\libhal_bsp.a(alt_find_dev.o)
                0x00010d7c                alt_find_dev
 .text          0x00010e10       0x30 ../FinalLAB_bsp/\libhal_bsp.a(alt_icache_flush_all.o)
                0x00010e10                alt_icache_flush_all
 .text          0x00010e40      0x13c ../FinalLAB_bsp/\libhal_bsp.a(alt_io_redirect.o)
                0x00010f04                alt_io_redirect
 .text          0x00010f7c        0x0 ../FinalLAB_bsp/\libhal_bsp.a(alt_irq_entry.o)
 .text          0x00010f7c        0x0 ../FinalLAB_bsp/\libhal_bsp.a(alt_irq_handler.o)
 .text          0x00010f7c      0x2c4 ../FinalLAB_bsp/\libhal_bsp.a(alt_open.o)
                0x00011058                open
 .text          0x00011240      0x1a4 ../FinalLAB_bsp/\libhal_bsp.a(alt_tick.o)
                0x00011240                alt_alarm_stop
                0x000112d8                alt_tick
 .text          0x000113e4       0x30 ../FinalLAB_bsp/\libhal_bsp.a(alt_usleep.o)
                0x000113e4                usleep
 .text          0x00011414       0x20 ../FinalLAB_bsp/\libhal_bsp.a(altera_nios2_qsys_irq.o)
                0x00011414                altera_nios2_qsys_irq_init
 .text          0x00011434      0x12c ../FinalLAB_bsp/\libhal_bsp.a(alt_busy_sleep.o)
                0x00011434                alt_busy_sleep
 .text          0x00011560        0x0 ../FinalLAB_bsp/\libhal_bsp.a(alt_exception_entry.o)
 .text          0x00011560      0x120 ../FinalLAB_bsp/\libhal_bsp.a(alt_find_file.o)
                0x00011560                alt_find_file
 .text          0x00011680       0xb8 ../FinalLAB_bsp/\libhal_bsp.a(alt_get_fd.o)
                0x00011680                alt_get_fd
 .text          0x00011738       0x90 ../FinalLAB_bsp/\libhal_bsp.a(alt_icache_flush.o)
                0x00011738                alt_icache_flush
 .text          0x000117c8       0x14 c:/altera/13.0sp1/nios2eds/bin/gnu/h-i686-mingw32/bin/../lib/gcc/nios2-elf/4.1.2/../../../../nios2-elf/lib\libc.a(lib_a-atexit.o)
                0x000117c8                atexit
 .text          0x000117dc       0x38 c:/altera/13.0sp1/nios2eds/bin/gnu/h-i686-mingw32/bin/../lib/gcc/nios2-elf/4.1.2/../../../../nios2-elf/lib\libc.a(lib_a-exit.o)
                0x000117dc                exit
 .text          0x00011814       0x74 c:/altera/13.0sp1/nios2eds/bin/gnu/h-i686-mingw32/bin/../lib/gcc/nios2-elf/4.1.2/../../../../nios2-elf/lib\libc.a(lib_a-memcmp.o)
                0x00011814                memcmp
 .text          0x00011888      0x1ec c:/altera/13.0sp1/nios2eds/bin/gnu/h-i686-mingw32/bin/../lib/gcc/nios2-elf/4.1.2/../../../../nios2-elf/lib\libc.a(lib_a-putc.o)
                0x00011888                putc
                0x0001198c                _putc_r
 .text          0x00011a74      0x14c c:/altera/13.0sp1/nios2eds/bin/gnu/h-i686-mingw32/bin/../lib/gcc/nios2-elf/4.1.2/../../../../nios2-elf/lib\libc.a(lib_a-wbuf.o)
                0x00011a74                __swbuf_r
                0x00011ba4                __swbuf
 .text          0x00011bc0      0x134 c:/altera/13.0sp1/nios2eds/bin/gnu/h-i686-mingw32/bin/../lib/gcc/nios2-elf/4.1.2/../../../../nios2-elf/lib\libc.a(lib_a-__atexit.o)
                0x00011bc0                __register_exitproc
 .text          0x00011cf4      0x1b4 c:/altera/13.0sp1/nios2eds/bin/gnu/h-i686-mingw32/bin/../lib/gcc/nios2-elf/4.1.2/../../../../nios2-elf/lib\libc.a(lib_a-__call_atexit.o)
                0x00011cf8                __call_exitprocs
 .text          0x00011ea8       0x60 ../FinalLAB_bsp/\libhal_bsp.a(alt_exit.o)
                0x00011ee8                _exit
 *(.gnu.warning.*)
 *(.fini)
                0x00011f08                PROVIDE (__etext, ABSOLUTE (.))
                0x00011f08                PROVIDE (_etext, ABSOLUTE (.))
                0x00011f08                PROVIDE (etext, ABSOLUTE (.))
 *(.eh_frame_hdr)
                0x00011f08                . = ALIGN (0x4)
                0x00011f08                PROVIDE (__preinit_array_start, ABSOLUTE (.))
 *(.preinit_array)
                0x00011f08                PROVIDE (__preinit_array_end, ABSOLUTE (.))
                0x00011f08                PROVIDE (__init_array_start, ABSOLUTE (.))
 *(.init_array)
                0x00011f08                PROVIDE (__init_array_end, ABSOLUTE (.))
                0x00011f08                PROVIDE (__fini_array_start, ABSOLUTE (.))
 *(.fini_array)
                0x00011f08                PROVIDE (__fini_array_end, ABSOLUTE (.))
 *(.eh_frame)
 *(.gcc_except_table)
 *(.dynamic)
                0x00011f08                PROVIDE (__CTOR_LIST__, ABSOLUTE (.))
 *(.ctors)
 *(SORT(.ctors.*))
 .ctors.65535   0x00011f08        0x4 c:/altera/13.0sp1/nios2eds/bin/gnu/h-i686-mingw32/bin/../lib/gcc/nios2-elf/4.1.2/../../../../nios2-elf/lib\libc.a(lib_a-__call_atexit.o)
                0x00011f0c                PROVIDE (__CTOR_END__, ABSOLUTE (.))
                0x00011f0c                PROVIDE (__DTOR_LIST__, ABSOLUTE (.))
 *(.dtors)
 *(SORT(.dtors.*))
                0x00011f0c                PROVIDE (__DTOR_END__, ABSOLUTE (.))
 *(.jcr)
                0x00011f0c                . = ALIGN (0x4)

.rodata         0x00011f0c      0x890
                0x00011f0c                PROVIDE (__ram_rodata_start, ABSOLUTE (.))
                0x00011f0c                . = ALIGN (0x4)
 *(.rodata .rodata.* .gnu.linkonce.r.*)
 .rodata        0x00011f0c      0x3d0 obj/default/media_interrupt_HAL.o
 .rodata.str1.4
                0x000122dc       0x5e c:/altera/13.0sp1/nios2eds/bin/gnu/h-i686-mingw32/bin/../lib/gcc/nios2-elf/4.1.2/../../../../nios2-elf/lib\libc.a(lib_a-vfprintf.o)
                                 0x60 (size before relaxing)
 .rodata        0x0001233a       0x20 c:/altera/13.0sp1/nios2eds/bin/gnu/h-i686-mingw32/bin/../lib/gcc/nios2-elf/4.1.2/../../../../nios2-elf/lib\libc.a(lib_a-vfprintf.o)
 *fill*         0x0001235a        0x2 00
 .rodata.str1.4
                0x0001235c       0x10 c:/altera/13.0sp1/nios2eds/bin/gnu/h-i686-mingw32/bin/../lib/gcc/nios2-elf/4.1.2/../../../../nios2-elf/lib\libc.a(lib_a-dtoa.o)
                                 0x14 (size before relaxing)
 .rodata.str1.4
                0x0001236c        0x2 c:/altera/13.0sp1/nios2eds/bin/gnu/h-i686-mingw32/bin/../lib/gcc/nios2-elf/4.1.2/../../../../nios2-elf/lib\libc.a(lib_a-impure.o)
                                  0x4 (size before relaxing)
 *fill*         0x0001236e        0x2 00
 .rodata.str1.4
                0x00012370       0x10 c:/altera/13.0sp1/nios2eds/bin/gnu/h-i686-mingw32/bin/../lib/gcc/nios2-elf/4.1.2/../../../../nios2-elf/lib\libc.a(lib_a-locale.o)
                                 0x18 (size before relaxing)
 .rodata        0x00012380       0x30 c:/altera/13.0sp1/nios2eds/bin/gnu/h-i686-mingw32/bin/../lib/gcc/nios2-elf/4.1.2/../../../../nios2-elf/lib\libc.a(lib_a-locale.o)
 .rodata        0x000123b0      0x124 c:/altera/13.0sp1/nios2eds/bin/gnu/h-i686-mingw32/bin/../lib/gcc/nios2-elf/4.1.2/../../../../nios2-elf/lib\libc.a(lib_a-mprec.o)
                0x000123b0                __mprec_tens
                0x00012478                __mprec_bigtens
                0x000124a0                __mprec_tinytens
 .rodata        0x000124d4       0x14 c:/altera/13.0sp1/nios2eds/bin/gnu/h-i686-mingw32/bin/../lib/gcc/nios2-elf/4.1.2\libgcc.a(_thenan_df.o)
                0x000124d4                __thenan_df
 .rodata        0x000124e8      0x100 c:/altera/13.0sp1/nios2eds/bin/gnu/h-i686-mingw32/bin/../lib/gcc/nios2-elf/4.1.2\libgcc.a(_clz.o)
                0x000124e8                __clz_tab
 .rodata        0x000125e8        0xc ../FinalLAB_bsp/\libhal_bsp.a(alt_dev.o)
 .rodata        0x000125f4       0x10 ../FinalLAB_bsp/\libhal_bsp.a(alt_main.o)
 .rodata        0x00012604      0x17c ../FinalLAB_bsp/\libhal_bsp.a(alt_sys_init.o)
 .rodata        0x00012780       0x1c ../FinalLAB_bsp/\libhal_bsp.a(altera_up_avalon_video_character_buffer_with_dma.o)
 *(.rodata1)
                0x0001279c                . = ALIGN (0x4)
                0x0001279c                PROVIDE (__ram_rodata_end, ABSOLUTE (.))
                0x00011f0c                PROVIDE (__flash_rodata_start, LOADADDR (.rodata))

.rwdata         0x0001279c     0x1f10 load address 0x000146ac
                0x0001279c                PROVIDE (__ram_rwdata_start, ABSOLUTE (.))
                0x0001279c                . = ALIGN (0x4)
 *(.got.plt)
 *(.got)
 *(.data1)
 *(.data .data.* .gnu.linkonce.d.*)
 .data          0x0001279c        0x0 ../FinalLAB_bsp//obj/HAL/src/crt0.o
 .data          0x0001279c        0x0 obj/default/PS2_ISR.o
 .data          0x0001279c        0x0 obj/default/audio_ISR.o
 .data          0x0001279c        0x0 obj/default/globals.o
 .data          0x0001279c        0x0 obj/default/interval_timer_ISR.o
 .data          0x0001279c      0x100 obj/default/media_interrupt_HAL.o
                0x0001279c                cursor_shape
 .data          0x0001289c        0x0 obj/default/pushbutton_ISR.o
 .data          0x0001289c        0x0 c:/altera/13.0sp1/nios2eds/bin/gnu/h-i686-mingw32/bin/../lib/gcc/nios2-elf/4.1.2/../../../../nios2-elf/lib\libc.a(lib_a-memcpy.o)
 .data          0x0001289c        0x0 c:/altera/13.0sp1/nios2eds/bin/gnu/h-i686-mingw32/bin/../lib/gcc/nios2-elf/4.1.2/../../../../nios2-elf/lib\libc.a(lib_a-memset.o)
 .data          0x0001289c        0x0 c:/altera/13.0sp1/nios2eds/bin/gnu/h-i686-mingw32/bin/../lib/gcc/nios2-elf/4.1.2/../../../../nios2-elf/lib\libc.a(lib_a-sprintf.o)
 .data          0x0001289c        0x0 c:/altera/13.0sp1/nios2eds/bin/gnu/h-i686-mingw32/bin/../lib/gcc/nios2-elf/4.1.2/../../../../nios2-elf/lib\libc.a(lib_a-vfprintf.o)
 .data          0x0001289c        0x0 c:/altera/13.0sp1/nios2eds/bin/gnu/h-i686-mingw32/bin/../lib/gcc/nios2-elf/4.1.2/../../../../nios2-elf/lib\libc.a(lib_a-wsetup.o)
 .data          0x0001289c        0x0 c:/altera/13.0sp1/nios2eds/bin/gnu/h-i686-mingw32/bin/../lib/gcc/nios2-elf/4.1.2/../../../../nios2-elf/lib\libc.a(lib_a-dtoa.o)
 .data          0x0001289c        0x0 c:/altera/13.0sp1/nios2eds/bin/gnu/h-i686-mingw32/bin/../lib/gcc/nios2-elf/4.1.2/../../../../nios2-elf/lib\libc.a(lib_a-fflush.o)
 .data          0x0001289c        0x0 c:/altera/13.0sp1/nios2eds/bin/gnu/h-i686-mingw32/bin/../lib/gcc/nios2-elf/4.1.2/../../../../nios2-elf/lib\libc.a(lib_a-findfp.o)
 .data          0x0001289c        0x0 c:/altera/13.0sp1/nios2eds/bin/gnu/h-i686-mingw32/bin/../lib/gcc/nios2-elf/4.1.2/../../../../nios2-elf/lib\libc.a(lib_a-freer.o)
 .data          0x0001289c        0x0 c:/altera/13.0sp1/nios2eds/bin/gnu/h-i686-mingw32/bin/../lib/gcc/nios2-elf/4.1.2/../../../../nios2-elf/lib\libc.a(lib_a-fvwrite.o)
 .data          0x0001289c        0x0 c:/altera/13.0sp1/nios2eds/bin/gnu/h-i686-mingw32/bin/../lib/gcc/nios2-elf/4.1.2/../../../../nios2-elf/lib\libc.a(lib_a-fwalk.o)
 .data          0x0001289c      0x400 c:/altera/13.0sp1/nios2eds/bin/gnu/h-i686-mingw32/bin/../lib/gcc/nios2-elf/4.1.2/../../../../nios2-elf/lib\libc.a(lib_a-impure.o)
 .data          0x00012c9c        0xc c:/altera/13.0sp1/nios2eds/bin/gnu/h-i686-mingw32/bin/../lib/gcc/nios2-elf/4.1.2/../../../../nios2-elf/lib\libc.a(lib_a-locale.o)
                0x00012c9c                __lc_ctype
 .data          0x00012ca8        0x0 c:/altera/13.0sp1/nios2eds/bin/gnu/h-i686-mingw32/bin/../lib/gcc/nios2-elf/4.1.2/../../../../nios2-elf/lib\libc.a(lib_a-makebuf.o)
 .data          0x00012ca8      0x408 c:/altera/13.0sp1/nios2eds/bin/gnu/h-i686-mingw32/bin/../lib/gcc/nios2-elf/4.1.2/../../../../nios2-elf/lib\libc.a(lib_a-mallocr.o)
                0x00012ca8                __malloc_av_
 .data          0x000130b0        0x0 c:/altera/13.0sp1/nios2eds/bin/gnu/h-i686-mingw32/bin/../lib/gcc/nios2-elf/4.1.2/../../../../nios2-elf/lib\libc.a(lib_a-memchr.o)
 .data          0x000130b0        0x0 c:/altera/13.0sp1/nios2eds/bin/gnu/h-i686-mingw32/bin/../lib/gcc/nios2-elf/4.1.2/../../../../nios2-elf/lib\libc.a(lib_a-memmove.o)
 .data          0x000130b0        0x0 c:/altera/13.0sp1/nios2eds/bin/gnu/h-i686-mingw32/bin/../lib/gcc/nios2-elf/4.1.2/../../../../nios2-elf/lib\libc.a(lib_a-mprec.o)
 .data          0x000130b0        0x0 c:/altera/13.0sp1/nios2eds/bin/gnu/h-i686-mingw32/bin/../lib/gcc/nios2-elf/4.1.2/../../../../nios2-elf/lib\libc.a(lib_a-reallocr.o)
 .data          0x000130b0        0x0 c:/altera/13.0sp1/nios2eds/bin/gnu/h-i686-mingw32/bin/../lib/gcc/nios2-elf/4.1.2/../../../../nios2-elf/lib\libc.a(lib_a-s_isinfd.o)
 .data          0x000130b0        0x0 c:/altera/13.0sp1/nios2eds/bin/gnu/h-i686-mingw32/bin/../lib/gcc/nios2-elf/4.1.2/../../../../nios2-elf/lib\libc.a(lib_a-s_isnand.o)
 .data          0x000130b0        0x0 c:/altera/13.0sp1/nios2eds/bin/gnu/h-i686-mingw32/bin/../lib/gcc/nios2-elf/4.1.2/../../../../nios2-elf/lib\libc.a(lib_a-sbrkr.o)
 .data          0x000130b0        0x0 c:/altera/13.0sp1/nios2eds/bin/gnu/h-i686-mingw32/bin/../lib/gcc/nios2-elf/4.1.2/../../../../nios2-elf/lib\libc.a(lib_a-stdio.o)
 .data          0x000130b0        0x0 c:/altera/13.0sp1/nios2eds/bin/gnu/h-i686-mingw32/bin/../lib/gcc/nios2-elf/4.1.2/../../../../nios2-elf/lib\libc.a(lib_a-strcmp.o)
 .data          0x000130b0        0x0 c:/altera/13.0sp1/nios2eds/bin/gnu/h-i686-mingw32/bin/../lib/gcc/nios2-elf/4.1.2/../../../../nios2-elf/lib\libc.a(lib_a-strlen.o)
 .data          0x000130b0        0x0 c:/altera/13.0sp1/nios2eds/bin/gnu/h-i686-mingw32/bin/../lib/gcc/nios2-elf/4.1.2/../../../../nios2-elf/lib\libc.a(lib_a-writer.o)
 .data          0x000130b0        0x0 c:/altera/13.0sp1/nios2eds/bin/gnu/h-i686-mingw32/bin/../lib/gcc/nios2-elf/4.1.2/../../../../nios2-elf/lib\libc.a(lib_a-callocr.o)
 .data          0x000130b0        0x0 c:/altera/13.0sp1/nios2eds/bin/gnu/h-i686-mingw32/bin/../lib/gcc/nios2-elf/4.1.2/../../../../nios2-elf/lib\libc.a(lib_a-closer.o)
 .data          0x000130b0        0x0 c:/altera/13.0sp1/nios2eds/bin/gnu/h-i686-mingw32/bin/../lib/gcc/nios2-elf/4.1.2/../../../../nios2-elf/lib\libc.a(lib_a-fclose.o)
 .data          0x000130b0        0x0 c:/altera/13.0sp1/nios2eds/bin/gnu/h-i686-mingw32/bin/../lib/gcc/nios2-elf/4.1.2/../../../../nios2-elf/lib\libc.a(lib_a-fstatr.o)
 .data          0x000130b0        0x0 c:/altera/13.0sp1/nios2eds/bin/gnu/h-i686-mingw32/bin/../lib/gcc/nios2-elf/4.1.2/../../../../nios2-elf/lib\libc.a(lib_a-int_errno.o)
 .data          0x000130b0        0x0 c:/altera/13.0sp1/nios2eds/bin/gnu/h-i686-mingw32/bin/../lib/gcc/nios2-elf/4.1.2/../../../../nios2-elf/lib\libc.a(lib_a-isattyr.o)
 .data          0x000130b0        0x0 c:/altera/13.0sp1/nios2eds/bin/gnu/h-i686-mingw32/bin/../lib/gcc/nios2-elf/4.1.2/../../../../nios2-elf/lib\libc.a(lib_a-lseekr.o)
 .data          0x000130b0        0x0 c:/altera/13.0sp1/nios2eds/bin/gnu/h-i686-mingw32/bin/../lib/gcc/nios2-elf/4.1.2/../../../../nios2-elf/lib\libc.a(lib_a-readr.o)
 .data          0x000130b0        0x0 c:/altera/13.0sp1/nios2eds/bin/gnu/h-i686-mingw32/bin/../lib/gcc/nios2-elf/4.1.2\libgcc.a(_udivdi3.o)
 .data          0x000130b0        0x0 c:/altera/13.0sp1/nios2eds/bin/gnu/h-i686-mingw32/bin/../lib/gcc/nios2-elf/4.1.2\libgcc.a(_umoddi3.o)
 .data          0x000130b0        0x0 c:/altera/13.0sp1/nios2eds/bin/gnu/h-i686-mingw32/bin/../lib/gcc/nios2-elf/4.1.2\libgcc.a(_addsub_df.o)
 .data          0x000130b0        0x0 c:/altera/13.0sp1/nios2eds/bin/gnu/h-i686-mingw32/bin/../lib/gcc/nios2-elf/4.1.2\libgcc.a(_mul_df.o)
 .data          0x000130b0        0x0 c:/altera/13.0sp1/nios2eds/bin/gnu/h-i686-mingw32/bin/../lib/gcc/nios2-elf/4.1.2\libgcc.a(_div_df.o)
 .data          0x000130b0        0x0 c:/altera/13.0sp1/nios2eds/bin/gnu/h-i686-mingw32/bin/../lib/gcc/nios2-elf/4.1.2\libgcc.a(_eq_df.o)
 .data          0x000130b0        0x0 c:/altera/13.0sp1/nios2eds/bin/gnu/h-i686-mingw32/bin/../lib/gcc/nios2-elf/4.1.2\libgcc.a(_ne_df.o)
 .data          0x000130b0        0x0 c:/altera/13.0sp1/nios2eds/bin/gnu/h-i686-mingw32/bin/../lib/gcc/nios2-elf/4.1.2\libgcc.a(_gt_df.o)
 .data          0x000130b0        0x0 c:/altera/13.0sp1/nios2eds/bin/gnu/h-i686-mingw32/bin/../lib/gcc/nios2-elf/4.1.2\libgcc.a(_ge_df.o)
 .data          0x000130b0        0x0 c:/altera/13.0sp1/nios2eds/bin/gnu/h-i686-mingw32/bin/../lib/gcc/nios2-elf/4.1.2\libgcc.a(_lt_df.o)
 .data          0x000130b0        0x0 c:/altera/13.0sp1/nios2eds/bin/gnu/h-i686-mingw32/bin/../lib/gcc/nios2-elf/4.1.2\libgcc.a(_si_to_df.o)
 .data          0x000130b0        0x0 c:/altera/13.0sp1/nios2eds/bin/gnu/h-i686-mingw32/bin/../lib/gcc/nios2-elf/4.1.2\libgcc.a(_df_to_si.o)
 .data          0x000130b0        0x0 c:/altera/13.0sp1/nios2eds/bin/gnu/h-i686-mingw32/bin/../lib/gcc/nios2-elf/4.1.2\libgcc.a(_thenan_df.o)
 .data          0x000130b0        0x0 c:/altera/13.0sp1/nios2eds/bin/gnu/h-i686-mingw32/bin/../lib/gcc/nios2-elf/4.1.2\libgcc.a(_usi_to_df.o)
 .data          0x000130b0        0x0 c:/altera/13.0sp1/nios2eds/bin/gnu/h-i686-mingw32/bin/../lib/gcc/nios2-elf/4.1.2\libgcc.a(lib2-divmod.o)
 .data          0x000130b0        0x0 c:/altera/13.0sp1/nios2eds/bin/gnu/h-i686-mingw32/bin/../lib/gcc/nios2-elf/4.1.2\libgcc.a(_muldi3.o)
 .data          0x000130b0        0x0 c:/altera/13.0sp1/nios2eds/bin/gnu/h-i686-mingw32/bin/../lib/gcc/nios2-elf/4.1.2\libgcc.a(_clz.o)
 .data          0x000130b0        0x0 c:/altera/13.0sp1/nios2eds/bin/gnu/h-i686-mingw32/bin/../lib/gcc/nios2-elf/4.1.2\libgcc.a(_clzsi2.o)
 .data          0x000130b0        0x0 c:/altera/13.0sp1/nios2eds/bin/gnu/h-i686-mingw32/bin/../lib/gcc/nios2-elf/4.1.2\libgcc.a(_pack_df.o)
 .data          0x000130b0        0x0 c:/altera/13.0sp1/nios2eds/bin/gnu/h-i686-mingw32/bin/../lib/gcc/nios2-elf/4.1.2\libgcc.a(_unpack_df.o)
 .data          0x000130b0        0x0 c:/altera/13.0sp1/nios2eds/bin/gnu/h-i686-mingw32/bin/../lib/gcc/nios2-elf/4.1.2\libgcc.a(_fpcmp_parts_df.o)
 .data          0x000130b0        0x0 ../FinalLAB_bsp/\libhal_bsp.a(alt_close.o)
 .data          0x000130b0      0x1a8 ../FinalLAB_bsp/\libhal_bsp.a(alt_dev.o)
                0x000130b0                alt_dev_null
                0x000130d8                alt_fd_list
 .data          0x00013258        0x0 ../FinalLAB_bsp/\libhal_bsp.a(alt_errno.o)
 .data          0x00013258        0x0 ../FinalLAB_bsp/\libhal_bsp.a(alt_fstat.o)
 .data          0x00013258        0x0 ../FinalLAB_bsp/\libhal_bsp.a(alt_irq_register.o)
 .data          0x00013258        0x0 ../FinalLAB_bsp/\libhal_bsp.a(alt_irq_vars.o)
 .data          0x00013258        0x0 ../FinalLAB_bsp/\libhal_bsp.a(alt_isatty.o)
 .data          0x00013258        0x0 ../FinalLAB_bsp/\libhal_bsp.a(alt_load.o)
 .data          0x00013258        0x0 ../FinalLAB_bsp/\libhal_bsp.a(alt_lseek.o)
 .data          0x00013258        0x0 ../FinalLAB_bsp/\libhal_bsp.a(alt_main.o)
 .data          0x00013258        0x0 ../FinalLAB_bsp/\libhal_bsp.a(alt_malloc_lock.o)
 .data          0x00013258        0x0 ../FinalLAB_bsp/\libhal_bsp.a(alt_printf.o)
 .data          0x00013258        0x0 ../FinalLAB_bsp/\libhal_bsp.a(alt_putchar.o)
 .data          0x00013258        0x0 ../FinalLAB_bsp/\libhal_bsp.a(alt_read.o)
 .data          0x00013258        0x0 ../FinalLAB_bsp/\libhal_bsp.a(alt_release_fd.o)
 .data          0x00013258        0x0 ../FinalLAB_bsp/\libhal_bsp.a(alt_sbrk.o)
 .data          0x00013258        0x0 ../FinalLAB_bsp/\libhal_bsp.a(alt_write.o)
 .data          0x00013258     0x1414 ../FinalLAB_bsp/\libhal_bsp.a(alt_sys_init.o)
 .data          0x0001466c        0x0 ../FinalLAB_bsp/\libhal_bsp.a(altera_avalon_jtag_uart_fd.o)
 .data          0x0001466c        0x0 ../FinalLAB_bsp/\libhal_bsp.a(altera_avalon_jtag_uart_init.o)
 .data          0x0001466c        0x0 ../FinalLAB_bsp/\libhal_bsp.a(altera_avalon_jtag_uart_ioctl.o)
 .data          0x0001466c        0x0 ../FinalLAB_bsp/\libhal_bsp.a(altera_avalon_jtag_uart_read.o)
 .data          0x0001466c        0x0 ../FinalLAB_bsp/\libhal_bsp.a(altera_avalon_jtag_uart_write.o)
 .data          0x0001466c        0x0 ../FinalLAB_bsp/\libhal_bsp.a(altera_avalon_timer_sc.o)
 .data          0x0001466c        0x0 ../FinalLAB_bsp/\libhal_bsp.a(altera_up_avalon_audio.o)
 .data          0x0001466c        0x0 ../FinalLAB_bsp/\libhal_bsp.a(altera_up_avalon_character_lcd.o)
 .data          0x0001466c        0x0 ../FinalLAB_bsp/\libhal_bsp.a(altera_up_avalon_ethernet.o)
 .data          0x0001466c        0x0 ../FinalLAB_bsp/\libhal_bsp.a(altera_up_avalon_ethernet_low_level_driver.o)
 .data          0x0001466c        0x0 ../FinalLAB_bsp/\libhal_bsp.a(altera_up_avalon_irda.o)
 .data          0x0001466c        0x0 ../FinalLAB_bsp/\libhal_bsp.a(altera_up_avalon_parallel_port.o)
 .data          0x0001466c        0x0 ../FinalLAB_bsp/\libhal_bsp.a(altera_up_avalon_ps2.o)
 .data          0x0001466c        0x0 ../FinalLAB_bsp/\libhal_bsp.a(altera_up_avalon_rs232.o)
 .data          0x0001466c        0x0 ../FinalLAB_bsp/\libhal_bsp.a(altera_up_avalon_video_character_buffer_with_dma.o)
 .data          0x0001466c        0x0 ../FinalLAB_bsp/\libhal_bsp.a(altera_up_avalon_video_pixel_buffer_dma.o)
 .data          0x0001466c        0x0 ../FinalLAB_bsp/\libhal_bsp.a(alt_alarm_start.o)
 .data          0x0001466c        0x0 ../FinalLAB_bsp/\libhal_bsp.a(alt_dcache_flush_all.o)
 .data          0x0001466c        0x0 ../FinalLAB_bsp/\libhal_bsp.a(alt_dev_llist_insert.o)
 .data          0x0001466c        0x0 ../FinalLAB_bsp/\libhal_bsp.a(alt_do_ctors.o)
 .data          0x0001466c        0x0 ../FinalLAB_bsp/\libhal_bsp.a(alt_do_dtors.o)
 .data          0x0001466c        0x0 ../FinalLAB_bsp/\libhal_bsp.a(alt_find_dev.o)
 .data          0x0001466c        0x0 ../FinalLAB_bsp/\libhal_bsp.a(alt_icache_flush_all.o)
 .data          0x0001466c        0x0 ../FinalLAB_bsp/\libhal_bsp.a(alt_io_redirect.o)
 .data          0x0001466c        0x0 ../FinalLAB_bsp/\libhal_bsp.a(alt_irq_entry.o)
 .data          0x0001466c        0x0 ../FinalLAB_bsp/\libhal_bsp.a(alt_irq_handler.o)
 .data          0x0001466c        0x0 ../FinalLAB_bsp/\libhal_bsp.a(alt_open.o)
 .data          0x0001466c        0x0 ../FinalLAB_bsp/\libhal_bsp.a(alt_tick.o)
 .data          0x0001466c        0x0 ../FinalLAB_bsp/\libhal_bsp.a(alt_usleep.o)
 .data          0x0001466c        0x0 ../FinalLAB_bsp/\libhal_bsp.a(altera_nios2_qsys_irq.o)
 .data          0x0001466c        0x0 ../FinalLAB_bsp/\libhal_bsp.a(alt_busy_sleep.o)
 .data          0x0001466c        0x0 ../FinalLAB_bsp/\libhal_bsp.a(alt_exception_entry.o)
 .data          0x0001466c        0x0 ../FinalLAB_bsp/\libhal_bsp.a(alt_find_file.o)
 .data          0x0001466c        0x0 ../FinalLAB_bsp/\libhal_bsp.a(alt_get_fd.o)
 .data          0x0001466c        0x0 ../FinalLAB_bsp/\libhal_bsp.a(alt_icache_flush.o)
 .data          0x0001466c        0x0 c:/altera/13.0sp1/nios2eds/bin/gnu/h-i686-mingw32/bin/../lib/gcc/nios2-elf/4.1.2/../../../../nios2-elf/lib\libc.a(lib_a-atexit.o)
 .data          0x0001466c        0x0 c:/altera/13.0sp1/nios2eds/bin/gnu/h-i686-mingw32/bin/../lib/gcc/nios2-elf/4.1.2/../../../../nios2-elf/lib\libc.a(lib_a-exit.o)
 .data          0x0001466c        0x0 c:/altera/13.0sp1/nios2eds/bin/gnu/h-i686-mingw32/bin/../lib/gcc/nios2-elf/4.1.2/../../../../nios2-elf/lib\libc.a(lib_a-memcmp.o)
 .data          0x0001466c        0x0 c:/altera/13.0sp1/nios2eds/bin/gnu/h-i686-mingw32/bin/../lib/gcc/nios2-elf/4.1.2/../../../../nios2-elf/lib\libc.a(lib_a-putc.o)
 .data          0x0001466c        0x0 c:/altera/13.0sp1/nios2eds/bin/gnu/h-i686-mingw32/bin/../lib/gcc/nios2-elf/4.1.2/../../../../nios2-elf/lib\libc.a(lib_a-wbuf.o)
 .data          0x0001466c        0x0 c:/altera/13.0sp1/nios2eds/bin/gnu/h-i686-mingw32/bin/../lib/gcc/nios2-elf/4.1.2/../../../../nios2-elf/lib\libc.a(lib_a-__atexit.o)
 .data          0x0001466c        0x0 c:/altera/13.0sp1/nios2eds/bin/gnu/h-i686-mingw32/bin/../lib/gcc/nios2-elf/4.1.2/../../../../nios2-elf/lib\libc.a(lib_a-__call_atexit.o)
 .data          0x0001466c        0x0 ../FinalLAB_bsp/\libhal_bsp.a(alt_exit.o)
                0x0001c66c                _gp = ABSOLUTE ((. + 0x8000))
                0x0001c66c                PROVIDE (gp, _gp)
 *(.rwdata .rwdata.*)
 *(.sdata .sdata.* .gnu.linkonce.s.*)
 .sdata         0x0001466c        0x8 c:/altera/13.0sp1/nios2eds/bin/gnu/h-i686-mingw32/bin/../lib/gcc/nios2-elf/4.1.2/../../../../nios2-elf/lib\libc.a(lib_a-impure.o)
                0x0001466c                _impure_ptr
                0x00014670                _global_impure_ptr
 .sdata         0x00014674        0x8 c:/altera/13.0sp1/nios2eds/bin/gnu/h-i686-mingw32/bin/../lib/gcc/nios2-elf/4.1.2/../../../../nios2-elf/lib\libc.a(lib_a-locale.o)
                0x00014674                __mb_cur_max
 .sdata         0x0001467c        0x8 c:/altera/13.0sp1/nios2eds/bin/gnu/h-i686-mingw32/bin/../lib/gcc/nios2-elf/4.1.2/../../../../nios2-elf/lib\libc.a(lib_a-mallocr.o)
                0x0001467c                __malloc_trim_threshold
                0x00014680                __malloc_sbrk_base
 .sdata         0x00014684       0x14 ../FinalLAB_bsp/\libhal_bsp.a(alt_dev.o)
                0x00014684                alt_fs_list
                0x0001468c                alt_dev_list
                0x00014694                alt_max_fd
 .sdata         0x00014698        0x4 ../FinalLAB_bsp/\libhal_bsp.a(alt_errno.o)
                0x00014698                alt_errno
 .sdata         0x0001469c        0x4 ../FinalLAB_bsp/\libhal_bsp.a(alt_irq_vars.o)
                0x0001469c                alt_priority_mask
 .sdata         0x000146a0        0x4 ../FinalLAB_bsp/\libhal_bsp.a(alt_sbrk.o)
 .sdata         0x000146a4        0x8 ../FinalLAB_bsp/\libhal_bsp.a(alt_tick.o)
                0x000146a4                alt_alarm_list
 *(.sdata2 .sdata2.* .gnu.linkonce.s2.*)
                0x000146ac                . = ALIGN (0x4)
                0x000146ac                _edata = ABSOLUTE (.)
                0x000146ac                PROVIDE (edata, ABSOLUTE (.))
                0x000146ac                PROVIDE (__ram_rwdata_end, ABSOLUTE (.))
                0x000146ac                PROVIDE (__flash_rwdata_start, LOADADDR (.rwdata))

.bss            0x000165bc   0x7a1528
                0x000165bc                __bss_start = ABSOLUTE (.)
                0x000165bc                PROVIDE (__sbss_start, ABSOLUTE (.))
                0x000165bc                PROVIDE (___sbss_start, ABSOLUTE (.))
 *(.dynsbss)
 *(.sbss .sbss.* .gnu.linkonce.sb.*)
 .sbss          0x000165bc       0x15 obj/default/globals.o
                0x000165bc                byte2
                0x000165bd                byte3
                0x000165be                byte1
                0x000165bf                valid_byte3
                0x000165c0                cnt
                0x000165c1                command
                0x000165c2                flag_mouse
                0x000165c3                valid_byte2
                0x000165c4                timeout
                0x000165c8                buf_index_play
                0x000165cc                buf_index_record
                0x000165d0                valid_byte1
 *fill*         0x000165d1        0x1 00
 .sbss          0x000165d2        0x4 obj/default/media_interrupt_HAL.o
                0x000165d2                y_axis_mouse
                0x000165d4                x_axis_mouse
 *fill*         0x000165d6        0x2 00
 .sbss          0x000165d8        0xc c:/altera/13.0sp1/nios2eds/bin/gnu/h-i686-mingw32/bin/../lib/gcc/nios2-elf/4.1.2/../../../../nios2-elf/lib\libc.a(lib_a-locale.o)
                0x000165d8                __nlocale_changed
                0x000165dc                __mlocale_changed
                0x000165e0                _PathLocale
 .sbss          0x000165e4        0xc c:/altera/13.0sp1/nios2eds/bin/gnu/h-i686-mingw32/bin/../lib/gcc/nios2-elf/4.1.2/../../../../nios2-elf/lib\libc.a(lib_a-mallocr.o)
                0x000165e4                __malloc_top_pad
                0x000165e8                __malloc_max_sbrked_mem
                0x000165ec                __malloc_max_total_mem
 .sbss          0x000165f0        0x4 c:/altera/13.0sp1/nios2eds/bin/gnu/h-i686-mingw32/bin/../lib/gcc/nios2-elf/4.1.2/../../../../nios2-elf/lib\libc.a(lib_a-int_errno.o)
                0x000165f0                errno
 .sbss          0x000165f4        0x4 ../FinalLAB_bsp/\libhal_bsp.a(alt_irq_vars.o)
                0x000165f4                alt_irq_active
 .sbss          0x000165f8        0xc ../FinalLAB_bsp/\libhal_bsp.a(alt_main.o)
                0x000165f8                alt_argc
                0x000165fc                alt_argv
                0x00016600                alt_envp
 .sbss          0x00016604        0x8 ../FinalLAB_bsp/\libhal_bsp.a(alt_tick.o)
                0x00016604                _alt_tick_rate
                0x00016608                _alt_nticks
 *(.sbss2 .sbss2.* .gnu.linkonce.sb2.*)
 *(.scommon)
                0x0001660c                PROVIDE (__sbss_end, ABSOLUTE (.))
                0x0001660c                PROVIDE (___sbss_end, ABSOLUTE (.))
 *(.dynbss)
 *(.bss .bss.* .gnu.linkonce.b.*)
 .bss           0x0001660c        0x0 ../FinalLAB_bsp//obj/HAL/src/crt0.o
 .bss           0x0001660c        0x0 obj/default/PS2_ISR.o
 .bss           0x0001660c        0x0 obj/default/audio_ISR.o
 .bss           0x0001660c        0x0 obj/default/globals.o
 .bss           0x0001660c        0x0 obj/default/interval_timer_ISR.o
 .bss           0x0001660c        0x0 obj/default/media_interrupt_HAL.o
 .bss           0x0001660c        0x0 obj/default/pushbutton_ISR.o
 .bss           0x0001660c        0x0 c:/altera/13.0sp1/nios2eds/bin/gnu/h-i686-mingw32/bin/../lib/gcc/nios2-elf/4.1.2/../../../../nios2-elf/lib\libc.a(lib_a-memcpy.o)
 .bss           0x0001660c        0x0 c:/altera/13.0sp1/nios2eds/bin/gnu/h-i686-mingw32/bin/../lib/gcc/nios2-elf/4.1.2/../../../../nios2-elf/lib\libc.a(lib_a-memset.o)
 .bss           0x0001660c        0x0 c:/altera/13.0sp1/nios2eds/bin/gnu/h-i686-mingw32/bin/../lib/gcc/nios2-elf/4.1.2/../../../../nios2-elf/lib\libc.a(lib_a-sprintf.o)
 .bss           0x0001660c        0x0 c:/altera/13.0sp1/nios2eds/bin/gnu/h-i686-mingw32/bin/../lib/gcc/nios2-elf/4.1.2/../../../../nios2-elf/lib\libc.a(lib_a-vfprintf.o)
 .bss           0x0001660c        0x0 c:/altera/13.0sp1/nios2eds/bin/gnu/h-i686-mingw32/bin/../lib/gcc/nios2-elf/4.1.2/../../../../nios2-elf/lib\libc.a(lib_a-wsetup.o)
 .bss           0x0001660c        0x0 c:/altera/13.0sp1/nios2eds/bin/gnu/h-i686-mingw32/bin/../lib/gcc/nios2-elf/4.1.2/../../../../nios2-elf/lib\libc.a(lib_a-dtoa.o)
 .bss           0x0001660c        0x0 c:/altera/13.0sp1/nios2eds/bin/gnu/h-i686-mingw32/bin/../lib/gcc/nios2-elf/4.1.2/../../../../nios2-elf/lib\libc.a(lib_a-fflush.o)
 .bss           0x0001660c        0x0 c:/altera/13.0sp1/nios2eds/bin/gnu/h-i686-mingw32/bin/../lib/gcc/nios2-elf/4.1.2/../../../../nios2-elf/lib\libc.a(lib_a-findfp.o)
 .bss           0x0001660c        0x0 c:/altera/13.0sp1/nios2eds/bin/gnu/h-i686-mingw32/bin/../lib/gcc/nios2-elf/4.1.2/../../../../nios2-elf/lib\libc.a(lib_a-freer.o)
 .bss           0x0001660c        0x0 c:/altera/13.0sp1/nios2eds/bin/gnu/h-i686-mingw32/bin/../lib/gcc/nios2-elf/4.1.2/../../../../nios2-elf/lib\libc.a(lib_a-fvwrite.o)
 .bss           0x0001660c        0x0 c:/altera/13.0sp1/nios2eds/bin/gnu/h-i686-mingw32/bin/../lib/gcc/nios2-elf/4.1.2/../../../../nios2-elf/lib\libc.a(lib_a-fwalk.o)
 .bss           0x0001660c        0x0 c:/altera/13.0sp1/nios2eds/bin/gnu/h-i686-mingw32/bin/../lib/gcc/nios2-elf/4.1.2/../../../../nios2-elf/lib\libc.a(lib_a-impure.o)
 .bss           0x0001660c        0x0 c:/altera/13.0sp1/nios2eds/bin/gnu/h-i686-mingw32/bin/../lib/gcc/nios2-elf/4.1.2/../../../../nios2-elf/lib\libc.a(lib_a-locale.o)
 .bss           0x0001660c        0x0 c:/altera/13.0sp1/nios2eds/bin/gnu/h-i686-mingw32/bin/../lib/gcc/nios2-elf/4.1.2/../../../../nios2-elf/lib\libc.a(lib_a-makebuf.o)
 .bss           0x0001660c       0x28 c:/altera/13.0sp1/nios2eds/bin/gnu/h-i686-mingw32/bin/../lib/gcc/nios2-elf/4.1.2/../../../../nios2-elf/lib\libc.a(lib_a-mallocr.o)
                0x0001660c                __malloc_current_mallinfo
 .bss           0x00016634        0x0 c:/altera/13.0sp1/nios2eds/bin/gnu/h-i686-mingw32/bin/../lib/gcc/nios2-elf/4.1.2/../../../../nios2-elf/lib\libc.a(lib_a-memchr.o)
 .bss           0x00016634        0x0 c:/altera/13.0sp1/nios2eds/bin/gnu/h-i686-mingw32/bin/../lib/gcc/nios2-elf/4.1.2/../../../../nios2-elf/lib\libc.a(lib_a-memmove.o)
 .bss           0x00016634        0x0 c:/altera/13.0sp1/nios2eds/bin/gnu/h-i686-mingw32/bin/../lib/gcc/nios2-elf/4.1.2/../../../../nios2-elf/lib\libc.a(lib_a-mprec.o)
 .bss           0x00016634        0x0 c:/altera/13.0sp1/nios2eds/bin/gnu/h-i686-mingw32/bin/../lib/gcc/nios2-elf/4.1.2/../../../../nios2-elf/lib\libc.a(lib_a-reallocr.o)
 .bss           0x00016634        0x0 c:/altera/13.0sp1/nios2eds/bin/gnu/h-i686-mingw32/bin/../lib/gcc/nios2-elf/4.1.2/../../../../nios2-elf/lib\libc.a(lib_a-s_isinfd.o)
 .bss           0x00016634        0x0 c:/altera/13.0sp1/nios2eds/bin/gnu/h-i686-mingw32/bin/../lib/gcc/nios2-elf/4.1.2/../../../../nios2-elf/lib\libc.a(lib_a-s_isnand.o)
 .bss           0x00016634        0x0 c:/altera/13.0sp1/nios2eds/bin/gnu/h-i686-mingw32/bin/../lib/gcc/nios2-elf/4.1.2/../../../../nios2-elf/lib\libc.a(lib_a-sbrkr.o)
 .bss           0x00016634        0x0 c:/altera/13.0sp1/nios2eds/bin/gnu/h-i686-mingw32/bin/../lib/gcc/nios2-elf/4.1.2/../../../../nios2-elf/lib\libc.a(lib_a-stdio.o)
 .bss           0x00016634        0x0 c:/altera/13.0sp1/nios2eds/bin/gnu/h-i686-mingw32/bin/../lib/gcc/nios2-elf/4.1.2/../../../../nios2-elf/lib\libc.a(lib_a-strcmp.o)
 .bss           0x00016634        0x0 c:/altera/13.0sp1/nios2eds/bin/gnu/h-i686-mingw32/bin/../lib/gcc/nios2-elf/4.1.2/../../../../nios2-elf/lib\libc.a(lib_a-strlen.o)
 .bss           0x00016634        0x0 c:/altera/13.0sp1/nios2eds/bin/gnu/h-i686-mingw32/bin/../lib/gcc/nios2-elf/4.1.2/../../../../nios2-elf/lib\libc.a(lib_a-writer.o)
 .bss           0x00016634        0x0 c:/altera/13.0sp1/nios2eds/bin/gnu/h-i686-mingw32/bin/../lib/gcc/nios2-elf/4.1.2/../../../../nios2-elf/lib\libc.a(lib_a-callocr.o)
 .bss           0x00016634        0x0 c:/altera/13.0sp1/nios2eds/bin/gnu/h-i686-mingw32/bin/../lib/gcc/nios2-elf/4.1.2/../../../../nios2-elf/lib\libc.a(lib_a-closer.o)
 .bss           0x00016634        0x0 c:/altera/13.0sp1/nios2eds/bin/gnu/h-i686-mingw32/bin/../lib/gcc/nios2-elf/4.1.2/../../../../nios2-elf/lib\libc.a(lib_a-fclose.o)
 .bss           0x00016634        0x0 c:/altera/13.0sp1/nios2eds/bin/gnu/h-i686-mingw32/bin/../lib/gcc/nios2-elf/4.1.2/../../../../nios2-elf/lib\libc.a(lib_a-fstatr.o)
 .bss           0x00016634        0x0 c:/altera/13.0sp1/nios2eds/bin/gnu/h-i686-mingw32/bin/../lib/gcc/nios2-elf/4.1.2/../../../../nios2-elf/lib\libc.a(lib_a-int_errno.o)
 .bss           0x00016634        0x0 c:/altera/13.0sp1/nios2eds/bin/gnu/h-i686-mingw32/bin/../lib/gcc/nios2-elf/4.1.2/../../../../nios2-elf/lib\libc.a(lib_a-isattyr.o)
 .bss           0x00016634        0x0 c:/altera/13.0sp1/nios2eds/bin/gnu/h-i686-mingw32/bin/../lib/gcc/nios2-elf/4.1.2/../../../../nios2-elf/lib\libc.a(lib_a-lseekr.o)
 .bss           0x00016634        0x0 c:/altera/13.0sp1/nios2eds/bin/gnu/h-i686-mingw32/bin/../lib/gcc/nios2-elf/4.1.2/../../../../nios2-elf/lib\libc.a(lib_a-readr.o)
 .bss           0x00016634        0x0 c:/altera/13.0sp1/nios2eds/bin/gnu/h-i686-mingw32/bin/../lib/gcc/nios2-elf/4.1.2\libgcc.a(_udivdi3.o)
 .bss           0x00016634        0x0 c:/altera/13.0sp1/nios2eds/bin/gnu/h-i686-mingw32/bin/../lib/gcc/nios2-elf/4.1.2\libgcc.a(_umoddi3.o)
 .bss           0x00016634        0x0 c:/altera/13.0sp1/nios2eds/bin/gnu/h-i686-mingw32/bin/../lib/gcc/nios2-elf/4.1.2\libgcc.a(_addsub_df.o)
 .bss           0x00016634        0x0 c:/altera/13.0sp1/nios2eds/bin/gnu/h-i686-mingw32/bin/../lib/gcc/nios2-elf/4.1.2\libgcc.a(_mul_df.o)
 .bss           0x00016634        0x0 c:/altera/13.0sp1/nios2eds/bin/gnu/h-i686-mingw32/bin/../lib/gcc/nios2-elf/4.1.2\libgcc.a(_div_df.o)
 .bss           0x00016634        0x0 c:/altera/13.0sp1/nios2eds/bin/gnu/h-i686-mingw32/bin/../lib/gcc/nios2-elf/4.1.2\libgcc.a(_eq_df.o)
 .bss           0x00016634        0x0 c:/altera/13.0sp1/nios2eds/bin/gnu/h-i686-mingw32/bin/../lib/gcc/nios2-elf/4.1.2\libgcc.a(_ne_df.o)
 .bss           0x00016634        0x0 c:/altera/13.0sp1/nios2eds/bin/gnu/h-i686-mingw32/bin/../lib/gcc/nios2-elf/4.1.2\libgcc.a(_gt_df.o)
 .bss           0x00016634        0x0 c:/altera/13.0sp1/nios2eds/bin/gnu/h-i686-mingw32/bin/../lib/gcc/nios2-elf/4.1.2\libgcc.a(_ge_df.o)
 .bss           0x00016634        0x0 c:/altera/13.0sp1/nios2eds/bin/gnu/h-i686-mingw32/bin/../lib/gcc/nios2-elf/4.1.2\libgcc.a(_lt_df.o)
 .bss           0x00016634        0x0 c:/altera/13.0sp1/nios2eds/bin/gnu/h-i686-mingw32/bin/../lib/gcc/nios2-elf/4.1.2\libgcc.a(_si_to_df.o)
 .bss           0x00016634        0x0 c:/altera/13.0sp1/nios2eds/bin/gnu/h-i686-mingw32/bin/../lib/gcc/nios2-elf/4.1.2\libgcc.a(_df_to_si.o)
 .bss           0x00016634        0x0 c:/altera/13.0sp1/nios2eds/bin/gnu/h-i686-mingw32/bin/../lib/gcc/nios2-elf/4.1.2\libgcc.a(_thenan_df.o)
 .bss           0x00016634        0x0 c:/altera/13.0sp1/nios2eds/bin/gnu/h-i686-mingw32/bin/../lib/gcc/nios2-elf/4.1.2\libgcc.a(_usi_to_df.o)
 .bss           0x00016634        0x0 c:/altera/13.0sp1/nios2eds/bin/gnu/h-i686-mingw32/bin/../lib/gcc/nios2-elf/4.1.2\libgcc.a(lib2-divmod.o)
 .bss           0x00016634        0x0 c:/altera/13.0sp1/nios2eds/bin/gnu/h-i686-mingw32/bin/../lib/gcc/nios2-elf/4.1.2\libgcc.a(_muldi3.o)
 .bss           0x00016634        0x0 c:/altera/13.0sp1/nios2eds/bin/gnu/h-i686-mingw32/bin/../lib/gcc/nios2-elf/4.1.2\libgcc.a(_clz.o)
 .bss           0x00016634        0x0 c:/altera/13.0sp1/nios2eds/bin/gnu/h-i686-mingw32/bin/../lib/gcc/nios2-elf/4.1.2\libgcc.a(_clzsi2.o)
 .bss           0x00016634        0x0 c:/altera/13.0sp1/nios2eds/bin/gnu/h-i686-mingw32/bin/../lib/gcc/nios2-elf/4.1.2\libgcc.a(_pack_df.o)
 .bss           0x00016634        0x0 c:/altera/13.0sp1/nios2eds/bin/gnu/h-i686-mingw32/bin/../lib/gcc/nios2-elf/4.1.2\libgcc.a(_unpack_df.o)
 .bss           0x00016634        0x0 c:/altera/13.0sp1/nios2eds/bin/gnu/h-i686-mingw32/bin/../lib/gcc/nios2-elf/4.1.2\libgcc.a(_fpcmp_parts_df.o)
 .bss           0x00016634        0x0 ../FinalLAB_bsp/\libhal_bsp.a(alt_close.o)
 .bss           0x00016634        0x0 ../FinalLAB_bsp/\libhal_bsp.a(alt_dev.o)
 .bss           0x00016634        0x0 ../FinalLAB_bsp/\libhal_bsp.a(alt_errno.o)
 .bss           0x00016634        0x0 ../FinalLAB_bsp/\libhal_bsp.a(alt_fstat.o)
 .bss           0x00016634        0x0 ../FinalLAB_bsp/\libhal_bsp.a(alt_irq_register.o)
 .bss           0x00016634        0x0 ../FinalLAB_bsp/\libhal_bsp.a(alt_irq_vars.o)
 .bss           0x00016634        0x0 ../FinalLAB_bsp/\libhal_bsp.a(alt_isatty.o)
 .bss           0x00016634        0x0 ../FinalLAB_bsp/\libhal_bsp.a(alt_load.o)
 .bss           0x00016634        0x0 ../FinalLAB_bsp/\libhal_bsp.a(alt_lseek.o)
 .bss           0x00016634        0x0 ../FinalLAB_bsp/\libhal_bsp.a(alt_main.o)
 .bss           0x00016634        0x0 ../FinalLAB_bsp/\libhal_bsp.a(alt_malloc_lock.o)
 .bss           0x00016634        0x0 ../FinalLAB_bsp/\libhal_bsp.a(alt_printf.o)
 .bss           0x00016634        0x0 ../FinalLAB_bsp/\libhal_bsp.a(alt_putchar.o)
 .bss           0x00016634        0x0 ../FinalLAB_bsp/\libhal_bsp.a(alt_read.o)
 .bss           0x00016634        0x0 ../FinalLAB_bsp/\libhal_bsp.a(alt_release_fd.o)
 .bss           0x00016634        0x0 ../FinalLAB_bsp/\libhal_bsp.a(alt_sbrk.o)
 .bss           0x00016634        0x0 ../FinalLAB_bsp/\libhal_bsp.a(alt_write.o)
 .bss           0x00016634        0x0 ../FinalLAB_bsp/\libhal_bsp.a(alt_sys_init.o)
 .bss           0x00016634        0x0 ../FinalLAB_bsp/\libhal_bsp.a(altera_avalon_jtag_uart_fd.o)
 .bss           0x00016634        0x0 ../FinalLAB_bsp/\libhal_bsp.a(altera_avalon_jtag_uart_init.o)
 .bss           0x00016634        0x0 ../FinalLAB_bsp/\libhal_bsp.a(altera_avalon_jtag_uart_ioctl.o)
 .bss           0x00016634        0x0 ../FinalLAB_bsp/\libhal_bsp.a(altera_avalon_jtag_uart_read.o)
 .bss           0x00016634        0x0 ../FinalLAB_bsp/\libhal_bsp.a(altera_avalon_jtag_uart_write.o)
 .bss           0x00016634        0x0 ../FinalLAB_bsp/\libhal_bsp.a(altera_avalon_timer_sc.o)
 .bss           0x00016634        0x0 ../FinalLAB_bsp/\libhal_bsp.a(altera_up_avalon_audio.o)
 .bss           0x00016634        0x0 ../FinalLAB_bsp/\libhal_bsp.a(altera_up_avalon_character_lcd.o)
 .bss           0x00016634        0x0 ../FinalLAB_bsp/\libhal_bsp.a(altera_up_avalon_ethernet.o)
 .bss           0x00016634        0x0 ../FinalLAB_bsp/\libhal_bsp.a(altera_up_avalon_ethernet_low_level_driver.o)
 .bss           0x00016634        0x0 ../FinalLAB_bsp/\libhal_bsp.a(altera_up_avalon_irda.o)
 .bss           0x00016634        0x0 ../FinalLAB_bsp/\libhal_bsp.a(altera_up_avalon_parallel_port.o)
 .bss           0x00016634        0x0 ../FinalLAB_bsp/\libhal_bsp.a(altera_up_avalon_ps2.o)
 .bss           0x00016634        0x0 ../FinalLAB_bsp/\libhal_bsp.a(altera_up_avalon_rs232.o)
 .bss           0x00016634        0x0 ../FinalLAB_bsp/\libhal_bsp.a(altera_up_avalon_video_character_buffer_with_dma.o)
 .bss           0x00016634        0x0 ../FinalLAB_bsp/\libhal_bsp.a(altera_up_avalon_video_pixel_buffer_dma.o)
 .bss           0x00016634        0x0 ../FinalLAB_bsp/\libhal_bsp.a(alt_alarm_start.o)
 .bss           0x00016634        0x0 ../FinalLAB_bsp/\libhal_bsp.a(alt_dcache_flush_all.o)
 .bss           0x00016634        0x0 ../FinalLAB_bsp/\libhal_bsp.a(alt_dev_llist_insert.o)
 .bss           0x00016634        0x0 ../FinalLAB_bsp/\libhal_bsp.a(alt_do_ctors.o)
 .bss           0x00016634        0x0 ../FinalLAB_bsp/\libhal_bsp.a(alt_do_dtors.o)
 .bss           0x00016634        0x0 ../FinalLAB_bsp/\libhal_bsp.a(alt_find_dev.o)
 .bss           0x00016634        0x0 ../FinalLAB_bsp/\libhal_bsp.a(alt_icache_flush_all.o)
 .bss           0x00016634        0x0 ../FinalLAB_bsp/\libhal_bsp.a(alt_io_redirect.o)
 .bss           0x00016634        0x0 ../FinalLAB_bsp/\libhal_bsp.a(alt_irq_entry.o)
 .bss           0x00016634        0x0 ../FinalLAB_bsp/\libhal_bsp.a(alt_irq_handler.o)
 .bss           0x00016634        0x0 ../FinalLAB_bsp/\libhal_bsp.a(alt_open.o)
 .bss           0x00016634        0x0 ../FinalLAB_bsp/\libhal_bsp.a(alt_tick.o)
 .bss           0x00016634        0x0 ../FinalLAB_bsp/\libhal_bsp.a(alt_usleep.o)
 .bss           0x00016634        0x0 ../FinalLAB_bsp/\libhal_bsp.a(altera_nios2_qsys_irq.o)
 .bss           0x00016634        0x0 ../FinalLAB_bsp/\libhal_bsp.a(alt_busy_sleep.o)
 .bss           0x00016634        0x0 ../FinalLAB_bsp/\libhal_bsp.a(alt_exception_entry.o)
 .bss           0x00016634        0x0 ../FinalLAB_bsp/\libhal_bsp.a(alt_find_file.o)
 .bss           0x00016634        0x0 ../FinalLAB_bsp/\libhal_bsp.a(alt_get_fd.o)
 .bss           0x00016634        0x0 ../FinalLAB_bsp/\libhal_bsp.a(alt_icache_flush.o)
 .bss           0x00016634        0x0 c:/altera/13.0sp1/nios2eds/bin/gnu/h-i686-mingw32/bin/../lib/gcc/nios2-elf/4.1.2/../../../../nios2-elf/lib\libc.a(lib_a-atexit.o)
 .bss           0x00016634        0x0 c:/altera/13.0sp1/nios2eds/bin/gnu/h-i686-mingw32/bin/../lib/gcc/nios2-elf/4.1.2/../../../../nios2-elf/lib\libc.a(lib_a-exit.o)
 .bss           0x00016634        0x0 c:/altera/13.0sp1/nios2eds/bin/gnu/h-i686-mingw32/bin/../lib/gcc/nios2-elf/4.1.2/../../../../nios2-elf/lib\libc.a(lib_a-memcmp.o)
 .bss           0x00016634        0x0 c:/altera/13.0sp1/nios2eds/bin/gnu/h-i686-mingw32/bin/../lib/gcc/nios2-elf/4.1.2/../../../../nios2-elf/lib\libc.a(lib_a-putc.o)
 .bss           0x00016634        0x0 c:/altera/13.0sp1/nios2eds/bin/gnu/h-i686-mingw32/bin/../lib/gcc/nios2-elf/4.1.2/../../../../nios2-elf/lib\libc.a(lib_a-wbuf.o)
 .bss           0x00016634        0x0 c:/altera/13.0sp1/nios2eds/bin/gnu/h-i686-mingw32/bin/../lib/gcc/nios2-elf/4.1.2/../../../../nios2-elf/lib\libc.a(lib_a-__atexit.o)
 .bss           0x00016634        0x0 c:/altera/13.0sp1/nios2eds/bin/gnu/h-i686-mingw32/bin/../lib/gcc/nios2-elf/4.1.2/../../../../nios2-elf/lib\libc.a(lib_a-__call_atexit.o)
 .bss           0x00016634        0x0 ../FinalLAB_bsp/\libhal_bsp.a(alt_exit.o)
 *(COMMON)
 COMMON         0x00016634   0x3d0900 obj/default/audio_ISR.o
                0x00016634                r_buf
                0x001feab4                l_buf
 COMMON         0x003e6f34   0x3d0920 obj/default/globals.o
                0x003e6f34                up_dev
                0x003e6f54                r_buf_echo
                0x005cf3d4                l_buf_echo
 COMMON         0x007b7854      0x100 ../FinalLAB_bsp/\libhal_bsp.a(alt_irq_handler.o)
                0x007b7854                alt_irq
 COMMON         0x007b7954      0x190 c:/altera/13.0sp1/nios2eds/bin/gnu/h-i686-mingw32/bin/../lib/gcc/nios2-elf/4.1.2/../../../../nios2-elf/lib\libc.a(lib_a-atexit.o)
                0x007b7954                _atexit0
                0x007b7ae4                . = ALIGN (0x4)
                0x007b7ae4                __bss_end = ABSOLUTE (.)

.SDRAM          0x007b7ae4        0x0
                0x007b7ae4                PROVIDE (_alt_partition_SDRAM_start, ABSOLUTE (.))
 *(.SDRAM. SDRAM.*)
                0x007b7ae4                . = ALIGN (0x4)
                0x007b7ae4                PROVIDE (_alt_partition_SDRAM_end, ABSOLUTE (.))
                0x007b7ae4                _end = ABSOLUTE (.)
                0x007b7ae4                end = ABSOLUTE (.)
                0x007b7ae4                __alt_stack_base = ABSOLUTE (.)
                0x007b7ae4                PROVIDE (_alt_partition_SDRAM_load_addr, LOADADDR (.SDRAM))

.Flash_flash_data
                0x0c000000        0x0 load address 0x007b7ae4
                0x0c000000                PROVIDE (_alt_partition_Flash_flash_data_start, ABSOLUTE (.))
 *(.Flash_flash_data. Flash_flash_data.*)
                0x0c000000                . = ALIGN (0x4)
                0x0c000000                PROVIDE (_alt_partition_Flash_flash_data_end, ABSOLUTE (.))
                0x007b7ae4                PROVIDE (_alt_partition_Flash_flash_data_load_addr, LOADADDR (.Flash_flash_data))

.stab
 *(.stab)

.stabstr
 *(.stabstr)

.stab.excl
 *(.stab.excl)

.stab.exclstr
 *(.stab.exclstr)

.stab.index
 *(.stab.index)

.stab.indexstr
 *(.stab.indexstr)

.comment        0x00000000       0x26
 *(.comment)
 .comment       0x00000000       0x26 obj/default/PS2_ISR.o
                                 0x27 (size before relaxing)
 .comment       0x00000000       0x27 obj/default/audio_ISR.o
 .comment       0x00000000       0x27 obj/default/globals.o
 .comment       0x00000000       0x27 obj/default/interval_timer_ISR.o
 .comment       0x00000000       0x27 obj/default/media_interrupt_HAL.o
 .comment       0x00000000       0x27 obj/default/pushbutton_ISR.o
 .comment       0x00000000       0x27 c:/altera/13.0sp1/nios2eds/bin/gnu/h-i686-mingw32/bin/../lib/gcc/nios2-elf/4.1.2/../../../../nios2-elf/lib\libc.a(lib_a-memcpy.o)
 .comment       0x00000000       0x27 c:/altera/13.0sp1/nios2eds/bin/gnu/h-i686-mingw32/bin/../lib/gcc/nios2-elf/4.1.2/../../../../nios2-elf/lib\libc.a(lib_a-memset.o)
 .comment       0x00000000       0x27 c:/altera/13.0sp1/nios2eds/bin/gnu/h-i686-mingw32/bin/../lib/gcc/nios2-elf/4.1.2/../../../../nios2-elf/lib\libc.a(lib_a-sprintf.o)
 .comment       0x00000000       0x27 c:/altera/13.0sp1/nios2eds/bin/gnu/h-i686-mingw32/bin/../lib/gcc/nios2-elf/4.1.2/../../../../nios2-elf/lib\libc.a(lib_a-vfprintf.o)
 .comment       0x00000000       0x27 c:/altera/13.0sp1/nios2eds/bin/gnu/h-i686-mingw32/bin/../lib/gcc/nios2-elf/4.1.2/../../../../nios2-elf/lib\libc.a(lib_a-wsetup.o)
 .comment       0x00000000       0x27 c:/altera/13.0sp1/nios2eds/bin/gnu/h-i686-mingw32/bin/../lib/gcc/nios2-elf/4.1.2/../../../../nios2-elf/lib\libc.a(lib_a-dtoa.o)
 .comment       0x00000000       0x27 c:/altera/13.0sp1/nios2eds/bin/gnu/h-i686-mingw32/bin/../lib/gcc/nios2-elf/4.1.2/../../../../nios2-elf/lib\libc.a(lib_a-fflush.o)
 .comment       0x00000000       0x27 c:/altera/13.0sp1/nios2eds/bin/gnu/h-i686-mingw32/bin/../lib/gcc/nios2-elf/4.1.2/../../../../nios2-elf/lib\libc.a(lib_a-findfp.o)
 .comment       0x00000000       0x27 c:/altera/13.0sp1/nios2eds/bin/gnu/h-i686-mingw32/bin/../lib/gcc/nios2-elf/4.1.2/../../../../nios2-elf/lib\libc.a(lib_a-freer.o)
 .comment       0x00000000       0x27 c:/altera/13.0sp1/nios2eds/bin/gnu/h-i686-mingw32/bin/../lib/gcc/nios2-elf/4.1.2/../../../../nios2-elf/lib\libc.a(lib_a-fvwrite.o)
 .comment       0x00000000       0x27 c:/altera/13.0sp1/nios2eds/bin/gnu/h-i686-mingw32/bin/../lib/gcc/nios2-elf/4.1.2/../../../../nios2-elf/lib\libc.a(lib_a-fwalk.o)
 .comment       0x00000000       0x27 c:/altera/13.0sp1/nios2eds/bin/gnu/h-i686-mingw32/bin/../lib/gcc/nios2-elf/4.1.2/../../../../nios2-elf/lib\libc.a(lib_a-impure.o)
 .comment       0x00000000       0x27 c:/altera/13.0sp1/nios2eds/bin/gnu/h-i686-mingw32/bin/../lib/gcc/nios2-elf/4.1.2/../../../../nios2-elf/lib\libc.a(lib_a-locale.o)
 .comment       0x00000000       0x27 c:/altera/13.0sp1/nios2eds/bin/gnu/h-i686-mingw32/bin/../lib/gcc/nios2-elf/4.1.2/../../../../nios2-elf/lib\libc.a(lib_a-makebuf.o)
 .comment       0x00000000       0x27 c:/altera/13.0sp1/nios2eds/bin/gnu/h-i686-mingw32/bin/../lib/gcc/nios2-elf/4.1.2/../../../../nios2-elf/lib\libc.a(lib_a-mallocr.o)
 .comment       0x00000000       0x27 c:/altera/13.0sp1/nios2eds/bin/gnu/h-i686-mingw32/bin/../lib/gcc/nios2-elf/4.1.2/../../../../nios2-elf/lib\libc.a(lib_a-memchr.o)
 .comment       0x00000000       0x27 c:/altera/13.0sp1/nios2eds/bin/gnu/h-i686-mingw32/bin/../lib/gcc/nios2-elf/4.1.2/../../../../nios2-elf/lib\libc.a(lib_a-memmove.o)
 .comment       0x00000000       0x27 c:/altera/13.0sp1/nios2eds/bin/gnu/h-i686-mingw32/bin/../lib/gcc/nios2-elf/4.1.2/../../../../nios2-elf/lib\libc.a(lib_a-mprec.o)
 .comment       0x00000000       0x27 c:/altera/13.0sp1/nios2eds/bin/gnu/h-i686-mingw32/bin/../lib/gcc/nios2-elf/4.1.2/../../../../nios2-elf/lib\libc.a(lib_a-reallocr.o)
 .comment       0x00000000       0x27 c:/altera/13.0sp1/nios2eds/bin/gnu/h-i686-mingw32/bin/../lib/gcc/nios2-elf/4.1.2/../../../../nios2-elf/lib\libc.a(lib_a-s_isinfd.o)
 .comment       0x00000000       0x27 c:/altera/13.0sp1/nios2eds/bin/gnu/h-i686-mingw32/bin/../lib/gcc/nios2-elf/4.1.2/../../../../nios2-elf/lib\libc.a(lib_a-s_isnand.o)
 .comment       0x00000000       0x27 c:/altera/13.0sp1/nios2eds/bin/gnu/h-i686-mingw32/bin/../lib/gcc/nios2-elf/4.1.2/../../../../nios2-elf/lib\libc.a(lib_a-sbrkr.o)
 .comment       0x00000000       0x27 c:/altera/13.0sp1/nios2eds/bin/gnu/h-i686-mingw32/bin/../lib/gcc/nios2-elf/4.1.2/../../../../nios2-elf/lib\libc.a(lib_a-stdio.o)
 .comment       0x00000000       0x27 c:/altera/13.0sp1/nios2eds/bin/gnu/h-i686-mingw32/bin/../lib/gcc/nios2-elf/4.1.2/../../../../nios2-elf/lib\libc.a(lib_a-strcmp.o)
 .comment       0x00000000       0x27 c:/altera/13.0sp1/nios2eds/bin/gnu/h-i686-mingw32/bin/../lib/gcc/nios2-elf/4.1.2/../../../../nios2-elf/lib\libc.a(lib_a-strlen.o)
 .comment       0x00000000       0x27 c:/altera/13.0sp1/nios2eds/bin/gnu/h-i686-mingw32/bin/../lib/gcc/nios2-elf/4.1.2/../../../../nios2-elf/lib\libc.a(lib_a-writer.o)
 .comment       0x00000000       0x27 c:/altera/13.0sp1/nios2eds/bin/gnu/h-i686-mingw32/bin/../lib/gcc/nios2-elf/4.1.2/../../../../nios2-elf/lib\libc.a(lib_a-callocr.o)
 .comment       0x00000000       0x27 c:/altera/13.0sp1/nios2eds/bin/gnu/h-i686-mingw32/bin/../lib/gcc/nios2-elf/4.1.2/../../../../nios2-elf/lib\libc.a(lib_a-closer.o)
 .comment       0x00000000       0x27 c:/altera/13.0sp1/nios2eds/bin/gnu/h-i686-mingw32/bin/../lib/gcc/nios2-elf/4.1.2/../../../../nios2-elf/lib\libc.a(lib_a-fclose.o)
 .comment       0x00000000       0x27 c:/altera/13.0sp1/nios2eds/bin/gnu/h-i686-mingw32/bin/../lib/gcc/nios2-elf/4.1.2/../../../../nios2-elf/lib\libc.a(lib_a-fstatr.o)
 .comment       0x00000000       0x27 c:/altera/13.0sp1/nios2eds/bin/gnu/h-i686-mingw32/bin/../lib/gcc/nios2-elf/4.1.2/../../../../nios2-elf/lib\libc.a(lib_a-int_errno.o)
 .comment       0x00000000       0x27 c:/altera/13.0sp1/nios2eds/bin/gnu/h-i686-mingw32/bin/../lib/gcc/nios2-elf/4.1.2/../../../../nios2-elf/lib\libc.a(lib_a-isattyr.o)
 .comment       0x00000000       0x27 c:/altera/13.0sp1/nios2eds/bin/gnu/h-i686-mingw32/bin/../lib/gcc/nios2-elf/4.1.2/../../../../nios2-elf/lib\libc.a(lib_a-lseekr.o)
 .comment       0x00000000       0x27 c:/altera/13.0sp1/nios2eds/bin/gnu/h-i686-mingw32/bin/../lib/gcc/nios2-elf/4.1.2/../../../../nios2-elf/lib\libc.a(lib_a-readr.o)
 .comment       0x00000000       0x27 c:/altera/13.0sp1/nios2eds/bin/gnu/h-i686-mingw32/bin/../lib/gcc/nios2-elf/4.1.2\libgcc.a(_udivdi3.o)
 .comment       0x00000000       0x27 c:/altera/13.0sp1/nios2eds/bin/gnu/h-i686-mingw32/bin/../lib/gcc/nios2-elf/4.1.2\libgcc.a(_umoddi3.o)
 .comment       0x00000000       0x27 c:/altera/13.0sp1/nios2eds/bin/gnu/h-i686-mingw32/bin/../lib/gcc/nios2-elf/4.1.2\libgcc.a(_addsub_df.o)
 .comment       0x00000000       0x27 c:/altera/13.0sp1/nios2eds/bin/gnu/h-i686-mingw32/bin/../lib/gcc/nios2-elf/4.1.2\libgcc.a(_mul_df.o)
 .comment       0x00000000       0x27 c:/altera/13.0sp1/nios2eds/bin/gnu/h-i686-mingw32/bin/../lib/gcc/nios2-elf/4.1.2\libgcc.a(_div_df.o)
 .comment       0x00000000       0x27 c:/altera/13.0sp1/nios2eds/bin/gnu/h-i686-mingw32/bin/../lib/gcc/nios2-elf/4.1.2\libgcc.a(_eq_df.o)
 .comment       0x00000000       0x27 c:/altera/13.0sp1/nios2eds/bin/gnu/h-i686-mingw32/bin/../lib/gcc/nios2-elf/4.1.2\libgcc.a(_ne_df.o)
 .comment       0x00000000       0x27 c:/altera/13.0sp1/nios2eds/bin/gnu/h-i686-mingw32/bin/../lib/gcc/nios2-elf/4.1.2\libgcc.a(_gt_df.o)
 .comment       0x00000000       0x27 c:/altera/13.0sp1/nios2eds/bin/gnu/h-i686-mingw32/bin/../lib/gcc/nios2-elf/4.1.2\libgcc.a(_ge_df.o)
 .comment       0x00000000       0x27 c:/altera/13.0sp1/nios2eds/bin/gnu/h-i686-mingw32/bin/../lib/gcc/nios2-elf/4.1.2\libgcc.a(_lt_df.o)
 .comment       0x00000000       0x27 c:/altera/13.0sp1/nios2eds/bin/gnu/h-i686-mingw32/bin/../lib/gcc/nios2-elf/4.1.2\libgcc.a(_si_to_df.o)
 .comment       0x00000000       0x27 c:/altera/13.0sp1/nios2eds/bin/gnu/h-i686-mingw32/bin/../lib/gcc/nios2-elf/4.1.2\libgcc.a(_df_to_si.o)
 .comment       0x00000000       0x27 c:/altera/13.0sp1/nios2eds/bin/gnu/h-i686-mingw32/bin/../lib/gcc/nios2-elf/4.1.2\libgcc.a(_thenan_df.o)
 .comment       0x00000000       0x27 c:/altera/13.0sp1/nios2eds/bin/gnu/h-i686-mingw32/bin/../lib/gcc/nios2-elf/4.1.2\libgcc.a(_usi_to_df.o)
 .comment       0x00000000       0x27 c:/altera/13.0sp1/nios2eds/bin/gnu/h-i686-mingw32/bin/../lib/gcc/nios2-elf/4.1.2\libgcc.a(lib2-divmod.o)
 .comment       0x00000000       0x27 c:/altera/13.0sp1/nios2eds/bin/gnu/h-i686-mingw32/bin/../lib/gcc/nios2-elf/4.1.2\libgcc.a(_muldi3.o)
 .comment       0x00000000       0x27 c:/altera/13.0sp1/nios2eds/bin/gnu/h-i686-mingw32/bin/../lib/gcc/nios2-elf/4.1.2\libgcc.a(_clz.o)
 .comment       0x00000000       0x27 c:/altera/13.0sp1/nios2eds/bin/gnu/h-i686-mingw32/bin/../lib/gcc/nios2-elf/4.1.2\libgcc.a(_clzsi2.o)
 .comment       0x00000000       0x27 c:/altera/13.0sp1/nios2eds/bin/gnu/h-i686-mingw32/bin/../lib/gcc/nios2-elf/4.1.2\libgcc.a(_pack_df.o)
 .comment       0x00000000       0x27 c:/altera/13.0sp1/nios2eds/bin/gnu/h-i686-mingw32/bin/../lib/gcc/nios2-elf/4.1.2\libgcc.a(_unpack_df.o)
 .comment       0x00000000       0x27 c:/altera/13.0sp1/nios2eds/bin/gnu/h-i686-mingw32/bin/../lib/gcc/nios2-elf/4.1.2\libgcc.a(_fpcmp_parts_df.o)
 .comment       0x00000000       0x27 ../FinalLAB_bsp/\libhal_bsp.a(alt_close.o)
 .comment       0x00000000       0x27 ../FinalLAB_bsp/\libhal_bsp.a(alt_dev.o)
 .comment       0x00000000       0x27 ../FinalLAB_bsp/\libhal_bsp.a(alt_errno.o)
 .comment       0x00000000       0x27 ../FinalLAB_bsp/\libhal_bsp.a(alt_fstat.o)
 .comment       0x00000000       0x27 ../FinalLAB_bsp/\libhal_bsp.a(alt_irq_register.o)
 .comment       0x00000000       0x27 ../FinalLAB_bsp/\libhal_bsp.a(alt_irq_vars.o)
 .comment       0x00000000       0x27 ../FinalLAB_bsp/\libhal_bsp.a(alt_isatty.o)
 .comment       0x00000000       0x27 ../FinalLAB_bsp/\libhal_bsp.a(alt_load.o)
 .comment       0x00000000       0x27 ../FinalLAB_bsp/\libhal_bsp.a(alt_lseek.o)
 .comment       0x00000000       0x27 ../FinalLAB_bsp/\libhal_bsp.a(alt_main.o)
 .comment       0x00000000       0x27 ../FinalLAB_bsp/\libhal_bsp.a(alt_malloc_lock.o)
 .comment       0x00000000       0x27 ../FinalLAB_bsp/\libhal_bsp.a(alt_printf.o)
 .comment       0x00000000       0x27 ../FinalLAB_bsp/\libhal_bsp.a(alt_putchar.o)
 .comment       0x00000000       0x27 ../FinalLAB_bsp/\libhal_bsp.a(alt_read.o)
 .comment       0x00000000       0x27 ../FinalLAB_bsp/\libhal_bsp.a(alt_release_fd.o)
 .comment       0x00000000       0x27 ../FinalLAB_bsp/\libhal_bsp.a(alt_sbrk.o)
 .comment       0x00000000       0x27 ../FinalLAB_bsp/\libhal_bsp.a(alt_write.o)
 .comment       0x00000000       0x27 ../FinalLAB_bsp/\libhal_bsp.a(alt_sys_init.o)
 .comment       0x00000000       0x27 ../FinalLAB_bsp/\libhal_bsp.a(altera_avalon_jtag_uart_fd.o)
 .comment       0x00000000       0x27 ../FinalLAB_bsp/\libhal_bsp.a(altera_avalon_jtag_uart_init.o)
 .comment       0x00000000       0x27 ../FinalLAB_bsp/\libhal_bsp.a(altera_avalon_jtag_uart_ioctl.o)
 .comment       0x00000000       0x27 ../FinalLAB_bsp/\libhal_bsp.a(altera_avalon_jtag_uart_read.o)
 .comment       0x00000000       0x27 ../FinalLAB_bsp/\libhal_bsp.a(altera_avalon_jtag_uart_write.o)
 .comment       0x00000000       0x27 ../FinalLAB_bsp/\libhal_bsp.a(altera_avalon_timer_sc.o)
 .comment       0x00000000       0x27 ../FinalLAB_bsp/\libhal_bsp.a(altera_up_avalon_audio.o)
 .comment       0x00000000       0x27 ../FinalLAB_bsp/\libhal_bsp.a(altera_up_avalon_character_lcd.o)
 .comment       0x00000000       0x27 ../FinalLAB_bsp/\libhal_bsp.a(altera_up_avalon_ethernet.o)
 .comment       0x00000000       0x27 ../FinalLAB_bsp/\libhal_bsp.a(altera_up_avalon_ethernet_low_level_driver.o)
 .comment       0x00000000       0x27 ../FinalLAB_bsp/\libhal_bsp.a(altera_up_avalon_irda.o)
 .comment       0x00000000       0x27 ../FinalLAB_bsp/\libhal_bsp.a(altera_up_avalon_parallel_port.o)
 .comment       0x00000000       0x27 ../FinalLAB_bsp/\libhal_bsp.a(altera_up_avalon_ps2.o)
 .comment       0x00000000       0x27 ../FinalLAB_bsp/\libhal_bsp.a(altera_up_avalon_rs232.o)
 .comment       0x00000000       0x27 ../FinalLAB_bsp/\libhal_bsp.a(altera_up_avalon_video_character_buffer_with_dma.o)
 .comment       0x00000000       0x27 ../FinalLAB_bsp/\libhal_bsp.a(altera_up_avalon_video_pixel_buffer_dma.o)
 .comment       0x00000000       0x27 ../FinalLAB_bsp/\libhal_bsp.a(alt_alarm_start.o)
 .comment       0x00000000       0x27 ../FinalLAB_bsp/\libhal_bsp.a(alt_dcache_flush_all.o)
 .comment       0x00000000       0x27 ../FinalLAB_bsp/\libhal_bsp.a(alt_dev_llist_insert.o)
 .comment       0x00000000       0x27 ../FinalLAB_bsp/\libhal_bsp.a(alt_do_ctors.o)
 .comment       0x00000000       0x27 ../FinalLAB_bsp/\libhal_bsp.a(alt_do_dtors.o)
 .comment       0x00000000       0x27 ../FinalLAB_bsp/\libhal_bsp.a(alt_find_dev.o)
 .comment       0x00000000       0x27 ../FinalLAB_bsp/\libhal_bsp.a(alt_icache_flush_all.o)
 .comment       0x00000000       0x27 ../FinalLAB_bsp/\libhal_bsp.a(alt_io_redirect.o)
 .comment       0x00000000       0x27 ../FinalLAB_bsp/\libhal_bsp.a(alt_irq_handler.o)
 .comment       0x00000000       0x27 ../FinalLAB_bsp/\libhal_bsp.a(alt_open.o)
 .comment       0x00000000       0x27 ../FinalLAB_bsp/\libhal_bsp.a(alt_tick.o)
 .comment       0x00000000       0x27 ../FinalLAB_bsp/\libhal_bsp.a(alt_usleep.o)
 .comment       0x00000000       0x27 ../FinalLAB_bsp/\libhal_bsp.a(altera_nios2_qsys_irq.o)
 .comment       0x00000000       0x27 ../FinalLAB_bsp/\libhal_bsp.a(alt_busy_sleep.o)
 .comment       0x00000000       0x27 ../FinalLAB_bsp/\libhal_bsp.a(alt_find_file.o)
 .comment       0x00000000       0x27 ../FinalLAB_bsp/\libhal_bsp.a(alt_get_fd.o)
 .comment       0x00000000       0x27 ../FinalLAB_bsp/\libhal_bsp.a(alt_icache_flush.o)
 .comment       0x00000000       0x27 c:/altera/13.0sp1/nios2eds/bin/gnu/h-i686-mingw32/bin/../lib/gcc/nios2-elf/4.1.2/../../../../nios2-elf/lib\libc.a(lib_a-atexit.o)
 .comment       0x00000000       0x27 c:/altera/13.0sp1/nios2eds/bin/gnu/h-i686-mingw32/bin/../lib/gcc/nios2-elf/4.1.2/../../../../nios2-elf/lib\libc.a(lib_a-exit.o)
 .comment       0x00000000       0x27 c:/altera/13.0sp1/nios2eds/bin/gnu/h-i686-mingw32/bin/../lib/gcc/nios2-elf/4.1.2/../../../../nios2-elf/lib\libc.a(lib_a-memcmp.o)
 .comment       0x00000000       0x27 c:/altera/13.0sp1/nios2eds/bin/gnu/h-i686-mingw32/bin/../lib/gcc/nios2-elf/4.1.2/../../../../nios2-elf/lib\libc.a(lib_a-putc.o)
 .comment       0x00000000       0x27 c:/altera/13.0sp1/nios2eds/bin/gnu/h-i686-mingw32/bin/../lib/gcc/nios2-elf/4.1.2/../../../../nios2-elf/lib\libc.a(lib_a-wbuf.o)
 .comment       0x00000000       0x27 c:/altera/13.0sp1/nios2eds/bin/gnu/h-i686-mingw32/bin/../lib/gcc/nios2-elf/4.1.2/../../../../nios2-elf/lib\libc.a(lib_a-__atexit.o)
 .comment       0x00000000       0x27 c:/altera/13.0sp1/nios2eds/bin/gnu/h-i686-mingw32/bin/../lib/gcc/nios2-elf/4.1.2/../../../../nios2-elf/lib\libc.a(lib_a-__call_atexit.o)
 .comment       0x00000000       0x27 ../FinalLAB_bsp/\libhal_bsp.a(alt_exit.o)

.debug
 *(.debug)

.line
 *(.line)

.debug_srcinfo
 *(.debug_srcinfo)

.debug_sfnames
 *(.debug_sfnames)

.debug_aranges  0x00000000      0xeb8
 *(.debug_aranges)
 .debug_aranges
                0x00000000       0x28 ../FinalLAB_bsp//obj/HAL/src/crt0.o
 .debug_aranges
                0x00000028       0x20 obj/default/PS2_ISR.o
 .debug_aranges
                0x00000048       0x20 obj/default/audio_ISR.o
 .debug_aranges
                0x00000068       0x20 obj/default/interval_timer_ISR.o
 .debug_aranges
                0x00000088       0x20 obj/default/media_interrupt_HAL.o
 .debug_aranges
                0x000000a8       0x20 obj/default/pushbutton_ISR.o
 .debug_aranges
                0x000000c8       0x20 c:/altera/13.0sp1/nios2eds/bin/gnu/h-i686-mingw32/bin/../lib/gcc/nios2-elf/4.1.2/../../../../nios2-elf/lib\libc.a(lib_a-memcpy.o)
 .debug_aranges
                0x000000e8       0x20 c:/altera/13.0sp1/nios2eds/bin/gnu/h-i686-mingw32/bin/../lib/gcc/nios2-elf/4.1.2/../../../../nios2-elf/lib\libc.a(lib_a-memset.o)
 .debug_aranges
                0x00000108       0x20 c:/altera/13.0sp1/nios2eds/bin/gnu/h-i686-mingw32/bin/../lib/gcc/nios2-elf/4.1.2/../../../../nios2-elf/lib\libc.a(lib_a-sprintf.o)
 .debug_aranges