Archive member included because of file (symbol)

c:/altera/13.0sp1/nios2eds/bin/gnu/h-i686-mingw32/bin/../lib/gcc/nios2-elf/4.1.2/../../../../nios2-elf/lib\libc.a(lib_a-memcpy.o)
                              obj/default/media_interrupt_HAL.o (memcpy)
c:/altera/13.0sp1/nios2eds/bin/gnu/h-i686-mingw32/bin/../lib/gcc/nios2-elf/4.1.2/../../../../nios2-elf/lib\libc.a(lib_a-memset.o)
                              obj/default/media_interrupt_HAL.o (memset)
c:/altera/13.0sp1/nios2eds/bin/gnu/h-i686-mingw32/bin/../lib/gcc/nios2-elf/4.1.2/../../../../nios2-elf/lib\libc.a(lib_a-sprintf.o)
                              obj/default/media_interrupt_HAL.o (sprintf)
c:/altera/13.0sp1/nios2eds/bin/gnu/h-i686-mingw32/bin/../lib/gcc/nios2-elf/4.1.2/../../../../nios2-elf/lib\libc.a(lib_a-vfprintf.o)
                              c:/altera/13.0sp1/nios2eds/bin/gnu/h-i686-mingw32/bin/../lib/gcc/nios2-elf/4.1.2/../../../../nios2-elf/lib\libc.a(lib_a-sprintf.o) (___vfprintf_internal_r)
c:/altera/13.0sp1/nios2eds/bin/gnu/h-i686-mingw32/bin/../lib/gcc/nios2-elf/4.1.2/../../../../nios2-elf/lib\libc.a(lib_a-wsetup.o)
                              c:/altera/13.0sp1/nios2eds/bin/gnu/h-i686-mingw32/bin/../lib/gcc/nios2-elf/4.1.2/../../../../nios2-elf/lib\libc.a(lib_a-vfprintf.o) (__swsetup_r)
c:/altera/13.0sp1/nios2eds/bin/gnu/h-i686-mingw32/bin/../lib/gcc/nios2-elf/4.1.2/../../../../nios2-elf/lib\libc.a(lib_a-dtoa.o)
                              c:/altera/13.0sp1/nios2eds/bin/gnu/h-i686-mingw32/bin/../lib/gcc/nios2-elf/4.1.2/../../../../nios2-elf/lib\libc.a(lib_a-vfprintf.o) (_dtoa_r)
c:/altera/13.0sp1/nios2eds/bin/gnu/h-i686-mingw32/bin/../lib/gcc/nios2-elf/4.1.2/../../../../nios2-elf/lib\libc.a(lib_a-fflush.o)
                              c:/altera/13.0sp1/nios2eds/bin/gnu/h-i686-mingw32/bin/../lib/gcc/nios2-elf/4.1.2/../../../../nios2-elf/lib\libc.a(lib_a-vfprintf.o) (_fflush_r)
c:/altera/13.0sp1/nios2eds/bin/gnu/h-i686-mingw32/bin/../lib/gcc/nios2-elf/4.1.2/../../../../nios2-elf/lib\libc.a(lib_a-findfp.o)
                              c:/altera/13.0sp1/nios2eds/bin/gnu/h-i686-mingw32/bin/../lib/gcc/nios2-elf/4.1.2/../../../../nios2-elf/lib\libc.a(lib_a-vfprintf.o) (__sinit)
c:/altera/13.0sp1/nios2eds/bin/gnu/h-i686-mingw32/bin/../lib/gcc/nios2-elf/4.1.2/../../../../nios2-elf/lib\libc.a(lib_a-freer.o)
                              c:/altera/13.0sp1/nios2eds/bin/gnu/h-i686-mingw32/bin/../lib/gcc/nios2-elf/4.1.2/../../../../nios2-elf/lib\libc.a(lib_a-wsetup.o) (_free_r)
c:/altera/13.0sp1/nios2eds/bin/gnu/h-i686-mingw32/bin/../lib/gcc/nios2-elf/4.1.2/../../../../nios2-elf/lib\libc.a(lib_a-fvwrite.o)
                              c:/altera/13.0sp1/nios2eds/bin/gnu/h-i686-mingw32/bin/../lib/gcc/nios2-elf/4.1.2/../../../../nios2-elf/lib\libc.a(lib_a-vfprintf.o) (__sfvwrite_r)
c:/altera/13.0sp1/nios2eds/bin/gnu/h-i686-mingw32/bin/../lib/gcc/nios2-elf/4.1.2/../../../../nios2-elf/lib\libc.a(lib_a-fwalk.o)
                              c:/altera/13.0sp1/nios2eds/bin/gnu/h-i686-mingw32/bin/../lib/gcc/nios2-elf/4.1.2/../../../../nios2-elf/lib\libc.a(lib_a-fflush.o) (_fwalk_reent)
c:/altera/13.0sp1/nios2eds/bin/gnu/h-i686-mingw32/bin/../lib/gcc/nios2-elf/4.1.2/../../../../nios2-elf/lib\libc.a(lib_a-impure.o)
                              c:/altera/13.0sp1/nios2eds/bin/gnu/h-i686-mingw32/bin/../lib/gcc/nios2-elf/4.1.2/../../../../nios2-elf/lib\libc.a(lib_a-sprintf.o) (_impure_ptr)
c:/altera/13.0sp1/nios2eds/bin/gnu/h-i686-mingw32/bin/../lib/gcc/nios2-elf/4.1.2/../../../../nios2-elf/lib\libc.a(lib_a-locale.o)
                              c:/altera/13.0sp1/nios2eds/bin/gnu/h-i686-mingw32/bin/../lib/gcc/nios2-elf/4.1.2/../../../../nios2-elf/lib\libc.a(lib_a-vfprintf.o) (_localeconv_r)
c:/altera/13.0sp1/nios2eds/bin/gnu/h-i686-mingw32/bin/../lib/gcc/nios2-elf/4.1.2/../../../../nios2-elf/lib\libc.a(lib_a-makebuf.o)
                              c:/altera/13.0sp1/nios2eds/bin/gnu/h-i686-mingw32/bin/../lib/gcc/nios2-elf/4.1.2/../../../../nios2-elf/lib\libc.a(lib_a-wsetup.o) (__smakebuf_r)
c:/altera/13.0sp1/nios2eds/bin/gnu/h-i686-mingw32/bin/../lib/gcc/nios2-elf/4.1.2/../../../../nios2-elf/lib\libc.a(lib_a-mallocr.o)
                              c:/altera/13.0sp1/nios2eds/bin/gnu/h-i686-mingw32/bin/../lib/gcc/nios2-elf/4.1.2/../../../../nios2-elf/lib\libc.a(lib_a-findfp.o) (_malloc_r)
c:/altera/13.0sp1/nios2eds/bin/gnu/h-i686-mingw32/bin/../lib/gcc/nios2-elf/4.1.2/../../../../nios2-elf/lib\libc.a(lib_a-memchr.o)
                              c:/altera/13.0sp1/nios2eds/bin/gnu/h-i686-mingw32/bin/../lib/gcc/nios2-elf/4.1.2/../../../../nios2-elf/lib\libc.a(lib_a-vfprintf.o) (memchr)
c:/altera/13.0sp1/nios2eds/bin/gnu/h-i686-mingw32/bin/../lib/gcc/nios2-elf/4.1.2/../../../../nios2-elf/lib\libc.a(lib_a-memmove.o)
                              c:/altera/13.0sp1/nios2eds/bin/gnu/h-i686-mingw32/bin/../lib/gcc/nios2-elf/4.1.2/../../../../nios2-elf/lib\libc.a(lib_a-fvwrite.o) (memmove)
[...]
Memory Configuration

Name             Origin             Length             Attributes
reset            0x00000000         0x00000020
SDRAM            0x00000020         0x007fffe0
Flash_flash_data 0x0c000000         0x00400000
*default*        0x00000000         0xffffffff

Linker script and memory map

LOAD ../Hello_World_bsp//obj/HAL/src/crt0.o
LOAD obj/default/PS2_ISR.o
LOAD obj/default/audio_ISR.o
LOAD obj/default/globals.o
LOAD obj/default/interval_timer_ISR.o
LOAD obj/default/media_interrupt_HAL.o
LOAD obj/default/pushbutton_ISR.o
LOAD c:/altera/13.0sp1/nios2eds/bin/gnu/h-i686-mingw32/bin/../lib/gcc/nios2-elf/4.1.2/../../../../nios2-elf/lib\libstdc++.a
LOAD c:/altera/13.0sp1/nios2eds/bin/gnu/h-i686-mingw32/bin/../lib/gcc/nios2-elf/4.1.2/../../../../nios2-elf/lib\libm.a
LOAD c:/altera/13.0sp1/nios2eds/bin/gnu/h-i686-mingw32/bin/../lib/gcc/nios2-elf/4.1.2\libgcc.a
START GROUP
LOAD c:/altera/13.0sp1/nios2eds/bin/gnu/h-i686-mingw32/bin/../lib/gcc/nios2-elf/4.1.2/../../../../nios2-elf/lib\libc.a
LOAD c:/altera/13.0sp1/nios2eds/bin/gnu/h-i686-mingw32/bin/../lib/gcc/nios2-elf/4.1.2\libgcc.a
LOAD ../Hello_World_bsp/\libhal_bsp.a
END GROUP
LOAD c:/altera/13.0sp1/nios2eds/bin/gnu/h-i686-mingw32/bin/../lib/gcc/nios2-elf/4.1.2\libgcc.a
                0x00000000                __alt_mem_SDRAM = 0x0
                0x0c000000                __alt_mem_Flash_flash_data = 0xc000000

.entry          0x00000000       0x20
 *(.entry)
 .entry         0x00000000       0x20 ../Hello_World_bsp//obj/HAL/src/crt0.o
                0x00000000                __reset

.exceptions     0x00000020      0x198
                0x00000020                PROVIDE (__ram_exceptions_start, ABSOLUTE (.))
                0x00000020                . = ALIGN (0x20)
 *(.irq)
 *(.exceptions.entry.label)
 .exceptions.entry.label
                0x00000020        0x0 ../Hello_World_bsp/\libhal_bsp.a(alt_irq_entry.o)
                0x00000020                alt_irq_entry
 .exceptions.entry.label
                0x00000020        0x0 ../Hello_World_bsp/\libhal_bsp.a(alt_exception_entry.o)
                0x00000020                alt_exception
 *(.exceptions.entry.user)
 *(.exceptions.entry)
 .exceptions.entry
                0x00000020       0x54 ../Hello_World_bsp/\libhal_bsp.a(alt_exception_entry.o)
 *(.exceptions.irqtest.user)
 *(.exceptions.irqtest)
 .exceptions.irqtest
                0x00000074       0x10 ../Hello_World_bsp/\libhal_bsp.a(alt_irq_entry.o)
 *(.exceptions.irqhandler.user)
 *(.exceptions.irqhandler)
 .exceptions.irqhandler
                0x00000084        0x4 ../Hello_World_bsp/\libhal_bsp.a(alt_irq_entry.o)
 *(.exceptions.irqreturn.user)
 *(.exceptions.irqreturn)
 .exceptions.irqreturn
                0x00000088        0x4 ../Hello_World_bsp/\libhal_bsp.a(alt_irq_entry.o)
 *(.exceptions.notirq.label)
 .exceptions.notirq.label
                0x0000008c        0x0 ../Hello_World_bsp/\libhal_bsp.a(alt_irq_entry.o)
 *(.exceptions.notirq.user)
 *(.exceptions.notirq)
 .exceptions.notirq
                0x0000008c        0x8 ../Hello_World_bsp/\libhal_bsp.a(alt_exception_entry.o)
 *(.exceptions.soft.user)
 *(.exceptions.soft)
 *(.exceptions.unknown.user)
 *(.exceptions.unknown)
 .exceptions.unknown
                0x00000094        0x4 ../Hello_World_bsp/\libhal_bsp.a(alt_exception_entry.o)
 *(.exceptions.exit.label)
 .exceptions.exit.label
                0x00000098        0x0 ../Hello_World_bsp/\libhal_bsp.a(alt_irq_entry.o)
 .exceptions.exit.label
                0x00000098        0x0 ../Hello_World_bsp/\libhal_bsp.a(alt_exception_entry.o)
 *(.exceptions.exit.user)
 *(.exceptions.exit)
 .exceptions.exit
                0x00000098       0x54 ../Hello_World_bsp/\libhal_bsp.a(alt_exception_entry.o)
 *(.exceptions)
 .exceptions    0x000000ec       0xcc ../Hello_World_bsp/\libhal_bsp.a(alt_irq_handler.o)
                0x000000ec                alt_irq_handler
                0x000001b8                PROVIDE (__ram_exceptions_end, ABSOLUTE (.))
                0x00000020                PROVIDE (__flash_exceptions_start, LOADADDR (.exceptions))

.text           0x000001b8    0x11960
                0x000001b8                PROVIDE (stext, ABSOLUTE (.))
 *(.interp)
 *(.hash)
 *(.dynsym)
 *(.dynstr)
 *(.gnu.version)
 *(.gnu.version_d)
 *(.gnu.version_r)
 *(.rel.init)
 *(.rela.init)
 *(.rel.text .rel.text.* .rel.gnu.linkonce.t.*)
 *(.rela.text .rela.text.* .rela.gnu.linkonce.t.*)
 *(.rel.fini)
 *(.rela.fini)
 *(.rel.rodata .rel.rodata.* .rel.gnu.linkonce.r.*)
 *(.rela.rodata .rela.rodata.* .rela.gnu.linkonce.r.*)
 *(.rel.data .rel.data.* .rel.gnu.linkonce.d.*)
 *(.rela.data .rela.data.* .rela.gnu.linkonce.d.*)
 *(.rel.tdata .rel.tdata.* .rel.gnu.linkonce.td.*)
 *(.rela.tdata .rela.tdata.* .rela.gnu.linkonce.td.*)
 *(.rel.tbss .rel.tbss.* .rel.gnu.linkonce.tb.*)
 *(.rela.tbss .rela.tbss.* .rela.gnu.linkonce.tb.*)
 *(.rel.ctors)
 *(.rela.ctors)
 *(.rel.dtors)
 *(.rela.dtors)
 *(.rel.got)
 *(.rela.got)
 *(.rel.sdata .rel.sdata.* .rel.gnu.linkonce.s.*)
 *(.rela.sdata .rela.sdata.* .rela.gnu.linkonce.s.*)
 *(.rel.sbss .rel.sbss.* .rel.gnu.linkonce.sb.*)
 *(.rela.sbss .rela.sbss.* .rela.gnu.linkonce.sb.*)
 *(.rel.sdata2 .rel.sdata2.* .rel.gnu.linkonce.s2.*)
 *(.rela.sdata2 .rela.sdata2.* .rela.gnu.linkonce.s2.*)
 *(.rel.sbss2 .rel.sbss2.* .rel.gnu.linkonce.sb2.*)
 *(.rela.sbss2 .rela.sbss2.* .rela.gnu.linkonce.sb2.*)
 *(.rel.bss .rel.bss.* .rel.gnu.linkonce.b.*)
 *(.rela.bss .rela.bss.* .rela.gnu.linkonce.b.*)
 *(.rel.plt)
 *(.rela.plt)
 *(.rel.dyn)
 *(.init)
 *(.plt)
 *(.text .stub .text.* .gnu.linkonce.t.*)
 .text          0x000001b8       0x3c ../Hello_World_bsp//obj/HAL/src/crt0.o
                0x000001b8                _start
 .text          0x000001f4       0xc4 obj/default/PS2_ISR.o
                0x000001f4                PS2_ISR
 .text          0x000002b8      0x25c obj/default/audio_ISR.o
                0x000002b8                audio_ISR
 .text          0x00000514        0x0 obj/default/globals.o
 .text          0x00000514       0x60 obj/default/interval_timer_ISR.o
                0x00000514                interval_timer_ISR
 .text          0x00000574     0x123c obj/default/media_interrupt_HAL.o
                0x00000574                main
                0x00000d88                setMouseBounds
                0x00000fc0                Mouse_ISR
                0x00001218                make_echo
                0x0000131c                run_command
                0x00001630                command_det
 .text          0x000017b0       0xb8 obj/default/pushbutton_ISR.o
                0x000017b0                pushbutton_ISR
 .text          0x00001868       0xa0 c:/altera/13.0sp1/nios2eds/bin/gnu/h-i686-mingw32/bin/../lib/gcc/nios2-elf/4.1.2/../../../../nios2-elf/lib\libc.a(lib_a-memcpy.o)
                0x00001868                memcpy
 .text          0x00001908       0x98 c:/altera/13.0sp1/nios2eds/bin/gnu/h-i686-mingw32/bin/../lib/gcc/nios2-elf/4.1.2/../../../../nios2-elf/lib\libc.a(lib_a-memset.o)
                0x00001908                memset
 .text          0x000019a0       0xd4 c:/altera/13.0sp1/nios2eds/bin/gnu/h-i686-mingw32/bin/../lib/gcc/nios2-elf/4.1.2/../../../../nios2-elf/lib\libc.a(lib_a-sprintf.o)
                0x000019a0                sprintf
                0x00001a14                _sprintf_r
 .text          0x00001a74     0x1f28 c:/altera/13.0sp1/nios2eds/bin/gnu/h-i686-mingw32/bin/../lib/gcc/nios2-elf/4.1.2/../../../../nios2-elf/lib\libc.a(lib_a-vfprintf.o)
                0x00001acc                ___vfprintf_internal_r
                0x00003978                __vfprintf_internal
 .text          0x0000399c      0x13c c:/altera/13.0sp1/nios2eds/bin/gnu/h-i686-mingw32/bin/../lib/gcc/nios2-elf/4.1.2/../../../../nios2-elf/lib\libc.a(lib_a-wsetup.o)
                0x0000399c                __swsetup_r
 .text          0x00003ad8     0x17cc c:/altera/13.0sp1/nios2eds/bin/gnu/h-i686-mingw32/bin/../lib/gcc/nios2-elf/4.1.2/../../../../nios2-elf/lib\libc.a(lib_a-dtoa.o)
                0x00003cf0                _dtoa_r
 .text          0x000052a4      0x230 c:/altera/13.0sp1/nios2eds/bin/gnu/h-i686-mingw32/bin/../lib/gcc/nios2-elf/4.1.2/../../../../nios2-elf/lib\libc.a(lib_a-fflush.o)
                0x000052a4                _fflush_r
                0x000054a0                fflush
 .text          0x000054d4      0x2c0 c:/altera/13.0sp1/nios2eds/bin/gnu/h-i686-mingw32/bin/../lib/gcc/nios2-elf/4.1.2/../../../../nios2-elf/lib\libc.a(lib_a-findfp.o)
                0x0000552c                __sfp_lock_acquire
                0x00005530                __sfp_lock_release
                0x00005534                __sinit_lock_acquire
                0x00005538                __sinit_lock_release
                0x0000553c                __sinit
                0x000055f0                __fp_unlock_all
                0x00005608                __fp_lock_all
                0x00005620                _cleanup_r
                0x0000562c                _cleanup
                0x0000563c                __sfmoreglue
                0x000056a4                __sfp
 .text          0x00005794      0x440 c:/altera/13.0sp1/nios2eds/bin/gnu/h-i686-mingw32/bin/../lib/gcc/nios2-elf/4.1.2/../../../../nios2-elf/lib\libc.a(lib_a-freer.o)
                0x00005794                _malloc_trim_r
                0x000058c0                _free_r
 .text          0x00005bd4      0x49c c:/altera/13.0sp1/nios2eds/bin/gnu/h-i686-mingw32/bin/../lib/gcc/nios2-elf/4.1.2/../../../../nios2-elf/lib\libc.a(lib_a-fvwrite.o)
                0x00005bd4                __sfvwrite_r
 .text          0x00006070      0x180 c:/altera/13.0sp1/nios2eds/bin/gnu/h-i686-mingw32/bin/../lib/gcc/nios2-elf/4.1.2/../../../../nios2-elf/lib\libc.a(lib_a-fwalk.o)
                0x00006070                _fwalk_reent
                0x00006138                _fwalk
 .text          0x000061f0        0x0 c:/altera/13.0sp1/nios2eds/bin/gnu/h-i686-mingw32/bin/../lib/gcc/nios2-elf/4.1.2/../../../../nios2-elf/lib\libc.a(lib_a-impure.o)
 .text          0x000061f0       0xc4 c:/altera/13.0sp1/nios2eds/bin/gnu/h-i686-mingw32/bin/../lib/gcc/nios2-elf/4.1.2/../../../../nios2-elf/lib\libc.a(lib_a-locale.o)
                0x000061f0                __locale_charset
                0x000061f8                _localeconv_r
                0x00006204                localeconv
                0x00006214                _setlocale_r
                0x00006298                setlocale
 .text          0x000062b4      0x194 c:/altera/13.0sp1/nios2eds/bin/gnu/h-i686-mingw32/bin/../lib/gcc/nios2-elf/4.1.2/../../../../nios2-elf/lib\libc.a(lib_a-makebuf.o)
                0x000062b4                __smakebuf_r
 .text          0x00006448      0x740 c:/altera/13.0sp1/nios2eds/bin/gnu/h-i686-mingw32/bin/../lib/gcc/nios2-elf/4.1.2/../../../../nios2-elf/lib\libc.a(lib_a-mallocr.o)
                0x00006448                _malloc_r
 .text          0x00006b88       0xe4 c:/altera/13.0sp1/nios2eds/bin/gnu/h-i686-mingw32/bin/../lib/gcc/nios2-elf/4.1.2/../../../../nios2-elf/lib\libc.a(lib_a-memchr.o)
                0x00006b88                memchr
 .text          0x00006c6c       0xe0 c:/altera/13.0sp1/nios2eds/bin/gnu/h-i686-mingw32/bin/../lib/gcc/nios2-elf/4.1.2/../../../../nios2-elf/lib\libc.a(lib_a-memmove.o)
                0x00006c6c                memmove
 .text          0x00006d4c      0xff4 c:/altera/13.0sp1/nios2eds/bin/gnu/h-i686-mingw32/bin/../lib/gcc/nios2-elf/4.1.2/../../../../nios2-elf/lib\libc.a(lib_a-mprec.o)
                0x00006d4c                _Bfree
                0x00006d74                __hi0bits
                0x00006de4                __lo0bits
                0x00006ea8                __mcmp
                0x00006f08                __ulp
                0x00006f88                __b2d
                0x000070a8                __ratio
                0x00007158                _mprec_log10
                0x000071ec                __copybits
                0x00007244                __any_on
                0x000072cc                _Balloc
                0x00007388                __d2b
                0x00007504                __mdiff
                0x00007690                __lshift
                0x000077dc                __multiply
                0x000079c4                __i2b
                0x00007a00                __multadd
                0x00007b00                __pow5mult
                0x00007c20                __s2b
 .text          0x00007d40      0x5f4 c:/altera/13.0sp1/nios2eds/bin/gnu/h-i686-mingw32/bin/../lib/gcc/nios2-elf/4.1.2/../../../../nios2-elf/lib\libc.a(lib_a-reallocr.o)
                0x00007d40                _realloc_r
 .text          0x00008334       0x40 c:/altera/13.0sp1/nios2eds/bin/gnu/h-i686-mingw32/bin/../lib/gcc/nios2-elf/4.1.2/../../../../nios2-elf/lib\libc.a(lib_a-s_isinfd.o)
                0x00008334                __isinfd
 .text          0x00008374       0x30 c:/altera/13.0sp1/nios2eds/bin/gnu/h-i686-mingw32/bin/../lib/gcc/nios2-elf/4.1.2/../../../../nios2-elf/lib\libc.a(lib_a-s_isnand.o)
                0x00008374                __isnand
 .text          0x000083a4       0x70 c:/altera/13.0sp1/nios2eds/bin/gnu/h-i686-mingw32/bin/../lib/gcc/nios2-elf/4.1.2/../../../../nios2-elf/lib\libc.a(lib_a-sbrkr.o)
                0x000083a4                _sbrk_r
 .text          0x00008414      0x14c c:/altera/13.0sp1/nios2eds/bin/gnu/h-i686-mingw32/bin/../lib/gcc/nios2-elf/4.1.2/../../../../nios2-elf/lib\libc.a(lib_a-stdio.o)
                0x00008414                __sclose
                0x0000841c                __sseek
                0x00008484                __swrite
                0x00008500                __sread
 .text          0x00008560       0xbc c:/altera/13.0sp1/nios2eds/bin/gnu/h-i686-mingw32/bin/../lib/gcc/nios2-elf/4.1.2/../../../../nios2-elf/lib\libc.a(lib_a-strcmp.o)
                0x00008560                strcmp
 .text          0x0000861c       0x74 c:/altera/13.0sp1/nios2eds/bin/gnu/h-i686-mingw32/bin/../lib/gcc/nios2-elf/4.1.2/../../../../nios2-elf/lib\libc.a(lib_a-strlen.o)
                0x0000861c                strlen
 .text          0x00008690       0x78 c:/altera/13.0sp1/nios2eds/bin/gnu/h-i686-mingw32/bin/../lib/gcc/nios2-elf/4.1.2/../../../../nios2-elf/lib\libc.a(lib_a-writer.o)
                0x00008690                _write_r
 .text          0x00008708       0xb4 c:/altera/13.0sp1/nios2eds/bin/gnu/h-i686-mingw32/bin/../lib/gcc/nios2-elf/4.1.2/../../../../nios2-elf/lib\libc.a(lib_a-callocr.o)
                0x00008708                _calloc_r
 .text          0x000087bc       0x70 c:/altera/13.0sp1/nios2eds/bin/gnu/h-i686-mingw32/bin/../lib/gcc/nios2-elf/4.1.2/../../../../nios2-elf/lib\libc.a(lib_a-closer.o)
                0x000087bc                _close_r
 .text          0x0000882c      0x124 c:/altera/13.0sp1/nios2eds/bin/gnu/h-i686-mingw32/bin/../lib/gcc/nios2-elf/4.1.2/../../../../nios2-elf/lib\libc.a(lib_a-fclose.o)
                0x0000882c                _fclose_r
                0x0000893c                fclose
 .text          0x00008950       0x74 c:/altera/13.0sp1/nios2eds/bin/gnu/h-i686-mingw32/bin/../lib/gcc/nios2-elf/4.1.2/../../../../nios2-elf/lib\libc.a(lib_a-fstatr.o)
                0x00008950                _fstat_r
 .text          0x000089c4        0x0 c:/altera/13.0sp1/nios2eds/bin/gnu/h-i686-mingw32/bin/../lib/gcc/nios2-elf/4.1.2/../../../../nios2-elf/lib\libc.a(lib_a-int_errno.o)
 .text          0x000089c4       0x70 c:/altera/13.0sp1/nios2eds/bin/gnu/h-i686-mingw32/bin/../lib/gcc/nios2-elf/4.1.2/../../../../nios2-elf/lib\libc.a(lib_a-isattyr.o)
                0x000089c4                _isatty_r
 .text          0x00008a34       0x78 c:/altera/13.0sp1/nios2eds/bin/gnu/h-i686-mingw32/bin/../lib/gcc/nios2-elf/4.1.2/../../../../nios2-elf/lib\libc.a(lib_a-lseekr.o)
                0x00008a34                _lseek_r
 .text          0x00008aac       0x78 c:/altera/13.0sp1/nios2eds/bin/gnu/h-i686-mingw32/bin/../lib/gcc/nios2-elf/4.1.2/../../../../nios2-elf/lib\libc.a(lib_a-readr.o)
                0x00008aac                _read_r
 .text          0x00008b24      0x5dc c:/altera/13.0sp1/nios2eds/bin/gnu/h-i686-mingw32/bin/../lib/gcc/nios2-elf/4.1.2\libgcc.a(_udivdi3.o)
                0x00008b24                __udivdi3
 .text          0x00009100      0x5b0 c:/altera/13.0sp1/nios2eds/bin/gnu/h-i686-mingw32/bin/../lib/gcc/nios2-elf/4.1.2\libgcc.a(_umoddi3.o)
                0x00009100                __umoddi3
 .text          0x000096b0      0x504 c:/altera/13.0sp1/nios2eds/bin/gnu/h-i686-mingw32/bin/../lib/gcc/nios2-elf/4.1.2\libgcc.a(_addsub_df.o)
                0x00009ac0                __subdf3
                0x00009b40                __adddf3
 .text          0x00009bb4      0x3c4 c:/altera/13.0sp1/nios2eds/bin/gnu/h-i686-mingw32/bin/../lib/gcc/nios2-elf/4.1.2\libgcc.a(_mul_df.o)
                0x00009bb4                __muldf3
 .text          0x00009f78      0x258 c:/altera/13.0sp1/nios2eds/bin/gnu/h-i686-mingw32/bin/../lib/gcc/nios2-elf/4.1.2\libgcc.a(_div_df.o)
                0x00009f78                __divdf3
 .text          0x0000a1d0       0x88 c:/altera/13.0sp1/nios2eds/bin/gnu/h-i686-mingw32/bin/../lib/gcc/nios2-elf/4.1.2\libgcc.a(_eq_df.o)
                0x0000a1d0                __eqdf2
 .text          0x0000a258       0x88 c:/altera/13.0sp1/nios2eds/bin/gnu/h-i686-mingw32/bin/../lib/gcc/nios2-elf/4.1.2\libgcc.a(_ne_df.o)
                0x0000a258                __nedf2
 .text          0x0000a2e0       0x88 c:/altera/13.0sp1/nios2eds/bin/gnu/h-i686-mingw32/bin/../lib/gcc/nios2-elf/4.1.2\libgcc.a(_gt_df.o)
                0x0000a2e0                __gtdf2
 .text          0x0000a368       0x88 c:/altera/13.0sp1/nios2eds/bin/gnu/h-i686-mingw32/bin/../lib/gcc/nios2-elf/4.1.2\libgcc.a(_ge_df.o)
                0x0000a368                __gedf2
 .text          0x0000a3f0       0x88 c:/altera/13.0sp1/nios2eds/bin/gnu/h-i686-mingw32/bin/../lib/gcc/nios2-elf/4.1.2\libgcc.a(_lt_df.o)
                0x0000a3f0                __ltdf2
 .text          0x0000a478       0xf8 c:/altera/13.0sp1/nios2eds/bin/gnu/h-i686-mingw32/bin/../lib/gcc/nios2-elf/4.1.2\libgcc.a(_si_to_df.o)
                0x0000a478                __floatsidf
 .text          0x0000a570       0xd8 c:/altera/13.0sp1/nios2eds/bin/gnu/h-i686-mingw32/bin/../lib/gcc/nios2-elf/4.1.2\libgcc.a(_df_to_si.o)
                0x0000a570                __fixdfsi
 .text          0x0000a648        0x0 c:/altera/13.0sp1/nios2eds/bin/gnu/h-i686-mingw32/bin/../lib/gcc/nios2-elf/4.1.2\libgcc.a(_thenan_df.o)
 .text          0x0000a648      0x194 c:/altera/13.0sp1/nios2eds/bin/gnu/h-i686-mingw32/bin/../lib/gcc/nios2-elf/4.1.2\libgcc.a(_usi_to_df.o)
                0x0000a648                __floatunsidf
 .text          0x0000a7dc      0x14c c:/altera/13.0sp1/nios2eds/bin/gnu/h-i686-mingw32/bin/../lib/gcc/nios2-elf/4.1.2\libgcc.a(lib2-divmod.o)
                0x0000a858                __divsi3
                0x0000a8b8                __modsi3
                0x0000a918                __udivsi3
                0x0000a920                __umodsi3
 .text          0x0000a928       0x98 c:/altera/13.0sp1/nios2eds/bin/gnu/h-i686-mingw32/bin/../lib/gcc/nios2-elf/4.1.2\libgcc.a(_muldi3.o)
                0x0000a928                __muldi3
 .text          0x0000a9c0        0x0 c:/altera/13.0sp1/nios2eds/bin/gnu/h-i686-mingw32/bin/../lib/gcc/nios2-elf/4.1.2\libgcc.a(_clz.o)
 .text          0x0000a9c0       0x80 c:/altera/13.0sp1/nios2eds/bin/gnu/h-i686-mingw32/bin/../lib/gcc/nios2-elf/4.1.2\libgcc.a(_clzsi2.o)
                0x0000a9c0                __clzsi2
 .text          0x0000aa40      0x314 c:/altera/13.0sp1/nios2eds/bin/gnu/h-i686-mingw32/bin/../lib/gcc/nios2-elf/4.1.2\libgcc.a(_pack_df.o)
                0x0000aa40                __pack_d
 .text          0x0000ad54      0x138 c:/altera/13.0sp1/nios2eds/bin/gnu/h-i686-mingw32/bin/../lib/gcc/nios2-elf/4.1.2\libgcc.a(_unpack_df.o)
                0x0000ad54                __unpack_d
 .text          0x0000ae8c       0xc8 c:/altera/13.0sp1/nios2eds/bin/gnu/h-i686-mingw32/bin/../lib/gcc/nios2-elf/4.1.2\libgcc.a(_fpcmp_parts_df.o)
                0x0000ae8c                __fpcmp_parts_d
 .text          0x0000af54      0x15c ../Hello_World_bsp/\libhal_bsp.a(alt_close.o)
                0x0000af54                close
 .text          0x0000b0b0       0x2c ../Hello_World_bsp/\libhal_bsp.a(alt_dev.o)
 .text          0x0000b0dc        0x0 ../Hello_World_bsp/\libhal_bsp.a(alt_errno.o)
 .text          0x0000b0dc      0x134 ../Hello_World_bsp/\libhal_bsp.a(alt_fstat.o)
                0x0000b0dc                fstat
 .text          0x0000b210      0x1c0 ../Hello_World_bsp/\libhal_bsp.a(alt_irq_register.o)
                0x0000b210                alt_irq_register
 .text          0x0000b3d0        0x0 ../Hello_World_bsp/\libhal_bsp.a(alt_irq_vars.o)
 .text          0x0000b3d0      0x120 ../Hello_World_bsp/\libhal_bsp.a(alt_isatty.o)
                0x0000b3d0                isatty
 .text          0x0000b4f0       0xec ../Hello_World_bsp/\libhal_bsp.a(alt_load.o)
                0x0000b4f0                alt_load
 .text          0x0000b5dc      0x150 ../Hello_World_bsp/\libhal_bsp.a(alt_lseek.o)
                0x0000b5dc                lseek
 .text          0x0000b72c       0x6c ../Hello_World_bsp/\libhal_bsp.a(alt_main.o)
                0x0000b72c                alt_main
 .text          0x0000b798       0x40 ../Hello_World_bsp/\libhal_bsp.a(alt_malloc_lock.o)
                0x0000b798                __malloc_lock
                0x0000b7b8                __malloc_unlock
 .text          0x0000b7d8      0x258 ../Hello_World_bsp/\libhal_bsp.a(alt_printf.o)
                0x0000b7d8                alt_printf
 .text          0x0000ba30       0x40 ../Hello_World_bsp/\libhal_bsp.a(alt_putchar.o)
                0x0000ba30                alt_putchar
 .text          0x0000ba70      0x180 ../Hello_World_bsp/\libhal_bsp.a(alt_read.o)
                0x0000ba70                read
 .text          0x0000bbf0       0x60 ../Hello_World_bsp/\libhal_bsp.a(alt_release_fd.o)
                0x0000bbf0                alt_release_fd
 .text          0x0000bc50       0xbc ../Hello_World_bsp/\libhal_bsp.a(alt_sbrk.o)
                0x0000bc50                sbrk
 .text          0x0000bd0c      0x180 ../Hello_World_bsp/\libhal_bsp.a(alt_write.o)
                0x0000bd0c                write
 .text          0x0000be8c      0x46c ../Hello_World_bsp/\libhal_bsp.a(alt_sys_init.o)
                0x0000be8c                alt_irq_init
                0x0000bec0                alt_sys_init
 .text          0x0000c2f8      0x148 ../Hello_World_bsp/\libhal_bsp.a(altera_avalon_jtag_uart_fd.o)
                0x0000c2f8                altera_avalon_jtag_uart_read_fd
                0x0000c350                altera_avalon_jtag_uart_write_fd
                0x0000c3a8                altera_avalon_jtag_uart_close_fd
                0x0000c3f0                altera_avalon_jtag_uart_ioctl_fd
 .text          0x0000c440      0x408 ../Hello_World_bsp/\libhal_bsp.a(altera_avalon_jtag_uart_init.o)
                0x0000c440                altera_avalon_jtag_uart_init
                0x0000c7d4                altera_avalon_jtag_uart_close
 .text          0x0000c848       0xf4 ../Hello_World_bsp/\libhal_bsp.a(altera_avalon_jtag_uart_ioctl.o)
                0x0000c848                altera_avalon_jtag_uart_ioctl
 .text          0x0000c93c      0x224 ../Hello_World_bsp/\libhal_bsp.a(altera_avalon_jtag_uart_read.o)
                0x0000c93c                altera_avalon_jtag_uart_read
 .text          0x0000cb60      0x240 ../Hello_World_bsp/\libhal_bsp.a(altera_avalon_jtag_uart_write.o)
                0x0000cb60                altera_avalon_jtag_uart_write
 .text          0x0000cda0       0xfc ../Hello_World_bsp/\libhal_bsp.a(altera_avalon_timer_sc.o)
                0x0000ce14                alt_avalon_timer_sc_init
 .text          0x0000ce9c      0x80c ../Hello_World_bsp/\libhal_bsp.a(altera_up_avalon_audio.o)
                0x0000ce9c                alt_up_audio_open_dev
                0x0000cedc                alt_up_audio_enable_read_interrupt
                0x0000cf28                alt_up_audio_disable_read_interrupt
                0x0000cf78                alt_up_audio_enable_write_interrupt
                0x0000cfc4                alt_up_audio_disable_write_interrupt
                0x0000d014                alt_up_audio_read_interrupt_pending
                0x0000d050                alt_up_audio_write_interrupt_pending
                0x0000d08c                alt_up_audio_reset_audio_core
                0x0000d114                alt_up_audio_read_fifo_avail
                0x0000d184                alt_up_audio_record_r
                0x0000d1f4                alt_up_audio_record_l
                0x0000d264                alt_up_audio_write_fifo_space
                0x0000d2d8                alt_up_audio_play_r
                0x0000d348                alt_up_audio_play_l
                0x0000d3b8                alt_up_audio_read_fifo
                0x0000d4bc                alt_up_audio_write_fifo
                0x0000d5e8                alt_up_audio_read_fifo_head
                0x0000d648                alt_up_audio_write_fifo_head
 .text          0x0000d6a8      0x530 ../Hello_World_bsp/\libhal_bsp.a(altera_up_avalon_character_lcd.o)
                0x0000d6a8                get_DDRAM_addr
                0x0000d724                alt_up_character_lcd_send_cmd
                0x0000d758                alt_up_character_lcd_init
                0x0000d78c                alt_up_character_lcd_open_dev
                0x0000d7cc                alt_up_character_lcd_write
                0x0000d844                alt_up_character_lcd_string
                0x0000d8bc                alt_up_character_lcd_write_fd
                0x0000d908                alt_up_character_lcd_set_cursor_pos
                0x0000d980                alt_up_character_lcd_shift_cursor
                0x0000da30                alt_up_character_lcd_shift_display
                0x0000dae0                alt_up_character_lcd_erase_pos
                0x0000db70                alt_up_character_lcd_cursor_off
                0x0000dba4                alt_up_character_lcd_cursor_blink_on
 .text          0x0000dbd8      0x150 ../Hello_World_bsp/\libhal_bsp.a(altera_up_avalon_ethernet.o)
                0x0000dbd8                alt_up_ethernet_init
                0x0000dce8                alt_up_ethernet_open_dev
 .text          0x0000dd28      0x238 ../Hello_World_bsp/\libhal_bsp.a(altera_up_avalon_ethernet_low_level_driver.o)
                0x0000dd28                alt_up_ethernet_reg_read
                0x0000dd64                alt_up_ethernet_reg_write
                0x0000dda8                alt_up_ethernet_phy_reg_read
                0x0000de88                alt_up_ethernet_phy_reg_write
 .text          0x0000df60      0x394 ../Hello_World_bsp/\libhal_bsp.a(altera_up_avalon_irda.o)
                0x0000df60                alt_up_irda_enable_read_interrupt
                0x0000dfb4                alt_up_irda_disable_read_interrupt
                0x0000e00c                alt_up_irda_get_used_space_in_read_FIFO
                0x0000e048                alt_up_irda_get_available_space_in_write_FIFO
                0x0000e088                alt_up_irda_check_parity
                0x0000e0d8                alt_up_irda_write_data
                0x0000e120                alt_up_irda_read_data
                0x0000e194                alt_up_irda_read_fd
                0x0000e224                alt_up_irda_write_fd
                0x0000e2b4                alt_up_irda_open_dev
 .text          0x0000e2f4       0x40 ../Hello_World_bsp/\libhal_bsp.a(altera_up_avalon_parallel_port.o)
                0x0000e2f4                alt_up_parallel_port_open_dev
 .text          0x0000e334      0x700 ../Hello_World_bsp/\libhal_bsp.a(altera_up_avalon_ps2.o)
                0x0000e334                read_RI_bit
                0x0000e368                read_RE_bit
                0x0000e398                read_CE_bit
                0x0000e3cc                read_num_bytes_available
                0x0000e400                read_data_valid
                0x0000e434                read_data_byte
                0x0000e460                alt_up_ps2_init
                0x0000e52c                alt_up_ps2_enable_read_interrupt
                0x0000e580                alt_up_ps2_disable_read_interrupt
                0x0000e5d8                alt_up_ps2_write_data_byte
                0x0000e650                alt_up_ps2_wait_for_ack
                0x0000e6c0                alt_up_ps2_write_data_byte_with_ack
                0x0000e72c                alt_up_ps2_read_data_byte_timeout
                0x0000e7dc                alt_up_ps2_read_data_byte
                0x0000e858                alt_up_ps2_clear_fifo
                0x0000e8b0                alt_up_ps2_read_fd
                0x0000e94c                alt_up_ps2_write_fd
                0x0000e9f4                alt_up_ps2_open_dev
 .text          0x0000ea34      0x398 ../Hello_World_bsp/\libhal_bsp.a(altera_up_avalon_rs232.o)
                0x0000ea34                alt_up_rs232_enable_read_interrupt
                0x0000ea88                alt_up_rs232_disable_read_interrupt
                0x0000eae0                alt_up_rs232_get_used_space_in_read_FIFO
                0x0000eb1c                alt_up_rs232_get_available_space_in_write_FIFO
                0x0000eb5c                alt_up_rs232_check_parity
                0x0000ebac                alt_up_rs232_write_data
                0x0000ebf4                alt_up_rs232_read_data
                0x0000ec68                alt_up_rs232_read_fd
                0x0000ecf8                alt_up_rs232_write_fd
                0x0000ed8c                alt_up_rs232_open_dev
 .text          0x0000edcc      0x304 ../Hello_World_bsp/\libhal_bsp.a(altera_up_avalon_video_character_buffer_with_dma.o)
                0x0000edcc                alt_up_char_buffer_init
                0x0000ee50                alt_up_char_buffer_open_dev
                0x0000ee90                alt_up_char_buffer_draw
                0x0000ef60                alt_up_char_buffer_string
                0x0000f074                alt_up_char_buffer_clear
 .text          0x0000f0d0     0x156c ../Hello_World_bsp/\libhal_bsp.a(altera_up_avalon_video_pixel_buffer_dma.o)
                0x0000f0d0                alt_up_pixel_buffer_dma_open_dev
                0x0000f110                alt_up_pixel_buffer_dma_draw
                0x0000f2b0                alt_up_pixel_buffer_dma_change_back_buffer_address
                0x0000f308                alt_up_pixel_buffer_dma_swap_buffers
                0x0000f360                alt_up_pixel_buffer_dma_check_swap_buffers_status
                0x0000f394                alt_up_pixel_buffer_dma_clear_screen
                0x0000f4f8                alt_up_pixel_buffer_dma_draw_box
                0x0000f9ec                alt_up_pixel_buffer_dma_draw_hline
                0x0000fd3c                alt_up_pixel_buffer_dma_draw_vline
                0x0001010c                alt_up_pixel_buffer_dma_draw_rectangle
                0x000101d0                helper_plot_pixel
                0x000102a0                alt_up_pixel_buffer_dma_draw_line
 .text          0x0001063c      0x154 ../Hello_World_bsp/\libhal_bsp.a(alt_alarm_start.o)
                0x0001063c                alt_alarm_start
 .text          0x00010790       0x1c ../Hello_World_bsp/\libhal_bsp.a(alt_dcache_flush_all.o)
                0x00010790                alt_dcache_flush_all
 .text          0x000107ac      0x114 ../Hello_World_bsp/\libhal_bsp.a(alt_dev_llist_insert.o)
                0x000107ac                alt_dev_llist_insert
 .text          0x000108c0       0x64 ../Hello_World_bsp/\libhal_bsp.a(alt_do_ctors.o)
                0x000108c0                _do_ctors
 .text          0x00010924       0x64 ../Hello_World_bsp/\libhal_bsp.a(alt_do_dtors.o)
                0x00010924                _do_dtors
 .text          0x00010988       0x94 ../Hello_World_bsp/\libhal_bsp.a(alt_find_dev.o)
                0x00010988                alt_find_dev
 .text          0x00010a1c       0x30 ../Hello_World_bsp/\libhal_bsp.a(alt_icache_flush_all.o)
                0x00010a1c                alt_icache_flush_all
 .text          0x00010a4c      0x13c ../Hello_World_bsp/\libhal_bsp.a(alt_io_redirect.o)
                0x00010b10                alt_io_redirect
 .text          0x00010b88        0x0 ../Hello_World_bsp/\libhal_bsp.a(alt_irq_entry.o)
 .text          0x00010b88        0x0 ../Hello_World_bsp/\libhal_bsp.a(alt_irq_handler.o)
 .text          0x00010b88      0x2c4 ../Hello_World_bsp/\libhal_bsp.a(alt_open.o)
                0x00010c64                open
 .text          0x00010e4c      0x1a4 ../Hello_World_bsp/\libhal_bsp.a(alt_tick.o)
                0x00010e4c                alt_alarm_stop
                0x00010ee4                alt_tick
 .text          0x00010ff0       0x30 ../Hello_World_bsp/\libhal_bsp.a(alt_usleep.o)
                0x00010ff0                usleep
 .text          0x00011020       0x20 ../Hello_World_bsp/\libhal_bsp.a(altera_nios2_qsys_irq.o)
                0x00011020                altera_nios2_qsys_irq_init
 .text          0x00011040      0x12c ../Hello_World_bsp/\libhal_bsp.a(alt_busy_sleep.o)
                0x00011040                alt_busy_sleep
 .text          0x0001116c        0x0 ../Hello_World_bsp/\libhal_bsp.a(alt_exception_entry.o)
 .text          0x0001116c      0x120 ../Hello_World_bsp/\libhal_bsp.a(alt_find_file.o)
                0x0001116c                alt_find_file
 .text          0x0001128c       0xb8 ../Hello_World_bsp/\libhal_bsp.a(alt_get_fd.o)
                0x0001128c                alt_get_fd
 .text          0x00011344       0x90 ../Hello_World_bsp/\libhal_bsp.a(alt_icache_flush.o)
                0x00011344                alt_icache_flush
 .text          0x000113d4       0x14 c:/altera/13.0sp1/nios2eds/bin/gnu/h-i686-mingw32/bin/../lib/gcc/nios2-elf/4.1.2/../../../../nios2-elf/lib\libc.a(lib_a-atexit.o)
                0x000113d4                atexit
 .text          0x000113e8       0x38 c:/altera/13.0sp1/nios2eds/bin/gnu/h-i686-mingw32/bin/../lib/gcc/nios2-elf/4.1.2/../../../../nios2-elf/lib\libc.a(lib_a-exit.o)
                0x000113e8                exit
 .text          0x00011420       0x74 c:/altera/13.0sp1/nios2eds/bin/gnu/h-i686-mingw32/bin/../lib/gcc/nios2-elf/4.1.2/../../../../nios2-elf/lib\libc.a(lib_a-memcmp.o)
                0x00011420                memcmp
 .text          0x00011494      0x1ec c:/altera/13.0sp1/nios2eds/bin/gnu/h-i686-mingw32/bin/../lib/gcc/nios2-elf/4.1.2/../../../../nios2-elf/lib\libc.a(lib_a-putc.o)
                0x00011494                putc
                0x00011598                _putc_r
 .text          0x00011680      0x14c c:/altera/13.0sp1/nios2eds/bin/gnu/h-i686-mingw32/bin/../lib/gcc/nios2-elf/4.1.2/../../../../nios2-elf/lib\libc.a(lib_a-wbuf.o)
                0x00011680                __swbuf_r
                0x000117b0                __swbuf
 .text          0x000117cc      0x134 c:/altera/13.0sp1/nios2eds/bin/gnu/h-i686-mingw32/bin/../lib/gcc/nios2-elf/4.1.2/../../../../nios2-elf/lib\libc.a(lib_a-__atexit.o)
                0x000117cc                __register_exitproc
 .text          0x00011900      0x1b4 c:/altera/13.0sp1/nios2eds/bin/gnu/h-i686-mingw32/bin/../lib/gcc/nios2-elf/4.1.2/../../../../nios2-elf/lib\libc.a(lib_a-__call_atexit.o)
                0x00011904                __call_exitprocs
 .text          0x00011ab4       0x60 ../Hello_World_bsp/\libhal_bsp.a(alt_exit.o)
                0x00011af4                _exit
 *(.gnu.warning.*)
 *(.fini)
                0x00011b14                PROVIDE (__etext, ABSOLUTE (.))
                0x00011b14                PROVIDE (_etext, ABSOLUTE (.))
                0x00011b14                PROVIDE (etext, ABSOLUTE (.))
 *(.eh_frame_hdr)
                0x00011b14                . = ALIGN (0x4)
                0x00011b14                PROVIDE (__preinit_array_start, ABSOLUTE (.))
 *(.preinit_array)
                0x00011b14                PROVIDE (__preinit_array_end, ABSOLUTE (.))
                0x00011b14                PROVIDE (__init_array_start, ABSOLUTE (.))
 *(.init_array)
                0x00011b14                PROVIDE (__init_array_end, ABSOLUTE (.))
                0x00011b14                PROVIDE (__fini_array_start, ABSOLUTE (.))
 *(.fini_array)
                0x00011b14                PROVIDE (__fini_array_end, ABSOLUTE (.))
 *(.eh_frame)
 *(.gcc_except_table)
 *(.dynamic)
                0x00011b14                PROVIDE (__CTOR_LIST__, ABSOLUTE (.))
 *(.ctors)
 *(SORT(.ctors.*))
 .ctors.65535   0x00011b14        0x4 c:/altera/13.0sp1/nios2eds/bin/gnu/h-i686-mingw32/bin/../lib/gcc/nios2-elf/4.1.2/../../../../nios2-elf/lib\libc.a(lib_a-__call_atexit.o)
                0x00011b18                PROVIDE (__CTOR_END__, ABSOLUTE (.))
                0x00011b18                PROVIDE (__DTOR_LIST__, ABSOLUTE (.))
 *(.dtors)
 *(SORT(.dtors.*))
                0x00011b18                PROVIDE (__DTOR_END__, ABSOLUTE (.))
 *(.jcr)
                0x00011b18                . = ALIGN (0x4)

.rodata         0x00011b18      0x890
                0x00011b18                PROVIDE (__ram_rodata_start, ABSOLUTE (.))
                0x00011b18                . = ALIGN (0x4)
 *(.rodata .rodata.* .gnu.linkonce.r.*)
 .rodata        0x00011b18      0x3d0 obj/default/media_interrupt_HAL.o
 .rodata.str1.4
                0x00011ee8       0x5e c:/altera/13.0sp1/nios2eds/bin/gnu/h-i686-mingw32/bin/../lib/gcc/nios2-elf/4.1.2/../../../../nios2-elf/lib\libc.a(lib_a-vfprintf.o)
                                 0x60 (size before relaxing)
 .rodata        0x00011f46       0x20 c:/altera/13.0sp1/nios2eds/bin/gnu/h-i686-mingw32/bin/../lib/gcc/nios2-elf/4.1.2/../../../../nios2-elf/lib\libc.a(lib_a-vfprintf.o)
 *fill*         0x00011f66        0x2 00
 .rodata.str1.4
                0x00011f68       0x10 c:/altera/13.0sp1/nios2eds/bin/gnu/h-i686-mingw32/bin/../lib/gcc/nios2-elf/4.1.2/../../../../nios2-elf/lib\libc.a(lib_a-dtoa.o)
                                 0x14 (size before relaxing)
 .rodata.str1.4
                0x00011f78        0x2 c:/altera/13.0sp1/nios2eds/bin/gnu/h-i686-mingw32/bin/../lib/gcc/nios2-elf/4.1.2/../../../../nios2-elf/lib\libc.a(lib_a-impure.o)
                                  0x4 (size before relaxing)
 *fill*         0x00011f7a        0x2 00
 .rodata.str1.4
                0x00011f7c       0x10 c:/altera/13.0sp1/nios2eds/bin/gnu/h-i686-mingw32/bin/../lib/gcc/nios2-elf/4.1.2/../../../../nios2-elf/lib\libc.a(lib_a-locale.o)
                                 0x18 (size before relaxing)
 .rodata        0x00011f8c       0x30 c:/altera/13.0sp1/nios2eds/bin/gnu/h-i686-mingw32/bin/../lib/gcc/nios2-elf/4.1.2/../../../../nios2-elf/lib\libc.a(lib_a-locale.o)
 .rodata        0x00011fbc      0x124 c:/altera/13.0sp1/nios2eds/bin/gnu/h-i686-mingw32/bin/../lib/gcc/nios2-elf/4.1.2/../../../../nios2-elf/lib\libc.a(lib_a-mprec.o)
                0x00011fbc                __mprec_tens
                0x00012084                __mprec_bigtens
                0x000120ac                __mprec_tinytens
 .rodata        0x000120e0       0x14 c:/altera/13.0sp1/nios2eds/bin/gnu/h-i686-mingw32/bin/../lib/gcc/nios2-elf/4.1.2\libgcc.a(_thenan_df.o)
                0x000120e0                __thenan_df
 .rodata        0x000120f4      0x100 c:/altera/13.0sp1/nios2eds/bin/gnu/h-i686-mingw32/bin/../lib/gcc/nios2-elf/4.1.2\libgcc.a(_clz.o)
                0x000120f4                __clz_tab
 .rodata        0x000121f4        0xc ../Hello_World_bsp/\libhal_bsp.a(alt_dev.o)
 .rodata        0x00012200       0x10 ../Hello_World_bsp/\libhal_bsp.a(alt_main.o)
 .rodata        0x00012210      0x17c ../Hello_World_bsp/\libhal_bsp.a(alt_sys_init.o)
 .rodata        0x0001238c       0x1c ../Hello_World_bsp/\libhal_bsp.a(altera_up_avalon_video_character_buffer_with_dma.o)
 *(.rodata1)
                0x000123a8                . = ALIGN (0x4)
                0x000123a8                PROVIDE (__ram_rodata_end, ABSOLUTE (.))
                0x00011b18                PROVIDE (__flash_rodata_start, LOADADDR (.rodata))

.rwdata         0x000123a8     0x1e14 load address 0x000141bc
                0x000123a8                PROVIDE (__ram_rwdata_start, ABSOLUTE (.))
                0x000123a8                . = ALIGN (0x4)
 *(.got.plt)
 *(.got)
 *(.data1)
 *(.data .data.* .gnu.linkonce.d.*)
 .data          0x000123a8        0x0 ../Hello_World_bsp//obj/HAL/src/crt0.o
 .data          0x000123a8        0x0 obj/default/PS2_ISR.o
 .data          0x000123a8        0x0 obj/default/audio_ISR.o
 .data          0x000123a8        0x0 obj/default/globals.o
 .data          0x000123a8        0x0 obj/default/interval_timer_ISR.o
 .data          0x000123a8        0x0 obj/default/media_interrupt_HAL.o
 .data          0x000123a8        0x0 obj/default/pushbutton_ISR.o
 .data          0x000123a8        0x0 c:/altera/13.0sp1/nios2eds/bin/gnu/h-i686-mingw32/bin/../lib/gcc/nios2-elf/4.1.2/../../../../nios2-elf/lib\libc.a(lib_a-memcpy.o)
 .data          0x000123a8        0x0 c:/altera/13.0sp1/nios2eds/bin/gnu/h-i686-mingw32/bin/../lib/gcc/nios2-elf/4.1.2/../../../../nios2-elf/lib\libc.a(lib_a-memset.o)
 .data          0x000123a8        0x0 c:/altera/13.0sp1/nios2eds/bin/gnu/h-i686-mingw32/bin/../lib/gcc/nios2-elf/4.1.2/../../../../nios2-elf/lib\libc.a(lib_a-sprintf.o)
 .data          0x000123a8        0x0 c:/altera/13.0sp1/nios2eds/bin/gnu/h-i686-mingw32/bin/../lib/gcc/nios2-elf/4.1.2/../../../../nios2-elf/lib\libc.a(lib_a-vfprintf.o)
 .data          0x000123a8        0x0 c:/altera/13.0sp1/nios2eds/bin/gnu/h-i686-mingw32/bin/../lib/gcc/nios2-elf/4.1.2/../../../../nios2-elf/lib\libc.a(lib_a-wsetup.o)
 .data          0x000123a8        0x0 c:/altera/13.0sp1/nios2eds/bin/gnu/h-i686-mingw32/bin/../lib/gcc/nios2-elf/4.1.2/../../../../nios2-elf/lib\libc.a(lib_a-dtoa.o)
 .data          0x000123a8        0x0 c:/altera/13.0sp1/nios2eds/bin/gnu/h-i686-mingw32/bin/../lib/gcc/nios2-elf/4.1.2/../../../../nios2-elf/lib\libc.a(lib_a-fflush.o)
 .data          0x000123a8        0x0 c:/altera/13.0sp1/nios2eds/bin/gnu/h-i686-mingw32/bin/../lib/gcc/nios2-elf/4.1.2/../../../../nios2-elf/lib\libc.a(lib_a-findfp.o)
 .data          0x000123a8        0x0 c:/altera/13.0sp1/nios2eds/bin/gnu/h-i686-mingw32/bin/../lib/gcc/nios2-elf/4.1.2/../../../../nios2-elf/lib\libc.a(lib_a-freer.o)
 .data          0x000123a8        0x0 c:/altera/13.0sp1/nios2eds/bin/gnu/h-i686-mingw32/bin/../lib/gcc/nios2-elf/4.1.2/../../../../nios2-elf/lib\libc.a(lib_a-fvwrite.o)
 .data          0x000123a8        0x0 c:/altera/13.0sp1/nios2eds/bin/gnu/h-i686-mingw32/bin/../lib/gcc/nios2-elf/4.1.2/../../../../nios2-elf/lib\libc.a(lib_a-fwalk.o)
 .data          0x000123a8      0x400 c:/altera/13.0sp1/nios2eds/bin/gnu/h-i686-mingw32/bin/../lib/gcc/nios2-elf/4.1.2/../../../../nios2-elf/lib\libc.a(lib_a-impure.o)
 .data          0x000127a8        0xc c:/altera/13.0sp1/nios2eds/bin/gnu/h-i686-mingw32/bin/../lib/gcc/nios2-elf/4.1.2/../../../../nios2-elf/lib\libc.a(lib_a-locale.o)
                0x000127a8                __lc_ctype
 .data          0x000127b4        0x0 c:/altera/13.0sp1/nios2eds/bin/gnu/h-i686-mingw32/bin/../lib/gcc/nios2-elf/4.1.2/../../../../nios2-elf/lib\libc.a(lib_a-makebuf.o)
 .data          0x000127b4      0x408 c:/altera/13.0sp1/nios2eds/bin/gnu/h-i686-mingw32/bin/../lib/gcc/nios2-elf/4.1.2/../../../../nios2-elf/lib\libc.a(lib_a-mallocr.o)
                0x000127b4                __malloc_av_
 .data          0x00012bbc        0x0 c:/altera/13.0sp1/nios2eds/bin/gnu/h-i686-mingw32/bin/../lib/gcc/nios2-elf/4.1.2/../../../../nios2-elf/lib\libc.a(lib_a-memchr.o)
 .data          0x00012bbc        0x0 c:/altera/13.0sp1/nios2eds/bin/gnu/h-i686-mingw32/bin/../lib/gcc/nios2-elf/4.1.2/../../../../nios2-elf/lib\libc.a(lib_a-memmove.o)
 .data          0x00012bbc        0x0 c:/altera/13.0sp1/nios2eds/bin/gnu/h-i686-mingw32/bin/../lib/gcc/nios2-elf/4.1.2/../../../../nios2-elf/lib\libc.a(lib_a-mprec.o)
 .data          0x00012bbc        0x0 c:/altera/13.0sp1/nios2eds/bin/gnu/h-i686-mingw32/bin/../lib/gcc/nios2-elf/4.1.2/../../../../nios2-elf/lib\libc.a(lib_a-reallocr.o)
 .data          0x00012bbc        0x0 c:/altera/13.0sp1/nios2eds/bin/gnu/h-i686-mingw32/bin/../lib/gcc/nios2-elf/4.1.2/../../../../nios2-elf/lib\libc.a(lib_a-s_isinfd.o)
 .data          0x00012bbc        0x0 c:/altera/13.0sp1/nios2eds/bin/gnu/h-i686-mingw32/bin/../lib/gcc/nios2-elf/4.1.2/../../../../nios2-elf/lib\libc.a(lib_a-s_isnand.o)
 .data          0x00012bbc        0x0 c:/altera/13.0sp1/nios2eds/bin/gnu/h-i686-mingw32/bin/../lib/gcc/nios2-elf/4.1.2/../../../../nios2-elf/lib\libc.a(lib_a-sbrkr.o)
 .data          0x00012bbc        0x0 c:/altera/13.0sp1/nios2eds/bin/gnu/h-i686-mingw32/bin/../lib/gcc/nios2-elf/4.1.2/../../../../nios2-elf/lib\libc.a(lib_a-stdio.o)
 .data          0x00012bbc        0x0 c:/altera/13.0sp1/nios2eds/bin/gnu/h-i686-mingw32/bin/../lib/gcc/nios2-elf/4.1.2/../../../../nios2-elf/lib\libc.a(lib_a-strcmp.o)
 .data          0x00012bbc        0x0 c:/altera/13.0sp1/nios2eds/bin/gnu/h-i686-mingw32/bin/../lib/gcc/nios2-elf/4.1.2/../../../../nios2-elf/lib\libc.a(lib_a-strlen.o)
 .data          0x00012bbc        0x0 c:/altera/13.0sp1/nios2eds/bin/gnu/h-i686-mingw32/bin/../lib/gcc/nios2-elf/4.1.2/../../../../nios2-elf/lib\libc.a(lib_a-writer.o)
 .data          0x00012bbc        0x0 c:/altera/13.0sp1/nios2eds/bin/gnu/h-i686-mingw32/bin/../lib/gcc/nios2-elf/4.1.2/../../../../nios2-elf/lib\libc.a(lib_a-callocr.o)
 .data          0x00012bbc        0x0 c:/altera/13.0sp1/nios2eds/bin/gnu/h-i686-mingw32/bin/../lib/gcc/nios2-elf/4.1.2/../../../../nios2-elf/lib\libc.a(lib_a-closer.o)
 .data          0x00012bbc        0x0 c:/altera/13.0sp1/nios2eds/bin/gnu/h-i686-mingw32/bin/../lib/gcc/nios2-elf/4.1.2/../../../../nios2-elf/lib\libc.a(lib_a-fclose.o)
 .data          0x00012bbc        0x0 c:/altera/13.0sp1/nios2eds/bin/gnu/h-i686-mingw32/bin/../lib/gcc/nios2-elf/4.1.2/../../../../nios2-elf/lib\libc.a(lib_a-fstatr.o)
 .data          0x00012bbc        0x0 c:/altera/13.0sp1/nios2eds/bin/gnu/h-i686-mingw32/bin/../lib/gcc/nios2-elf/4.1.2/../../../../nios2-elf/lib\libc.a(lib_a-int_errno.o)
 .data          0x00012bbc        0x0 c:/altera/13.0sp1/nios2eds/bin/gnu/h-i686-mingw32/bin/../lib/gcc/nios2-elf/4.1.2/../../../../nios2-elf/lib\libc.a(lib_a-isattyr.o)
 .data          0x00012bbc        0x0 c:/altera/13.0sp1/nios2eds/bin/gnu/h-i686-mingw32/bin/../lib/gcc/nios2-elf/4.1.2/../../../../nios2-elf/lib\libc.a(lib_a-lseekr.o)
 .data          0x00012bbc        0x0 c:/altera/13.0sp1/nios2eds/bin/gnu/h-i686-mingw32/bin/../lib/gcc/nios2-elf/4.1.2/../../../../nios2-elf/lib\libc.a(lib_a-readr.o)
 .data          0x00012bbc        0x0 c:/altera/13.0sp1/nios2eds/bin/gnu/h-i686-mingw32/bin/../lib/gcc/nios2-elf/4.1.2\libgcc.a(_udivdi3.o)
 .data          0x00012bbc        0x0 c:/altera/13.0sp1/nios2eds/bin/gnu/h-i686-mingw32/bin/../lib/gcc/nios2-elf/4.1.2\libgcc.a(_umoddi3.o)
 .data          0x00012bbc        0x0 c:/altera/13.0sp1/nios2eds/bin/gnu/h-i686-mingw32/bin/../lib/gcc/nios2-elf/4.1.2\libgcc.a(_addsub_df.o)
 .data          0x00012bbc        0x0 c:/altera/13.0sp1/nios2eds/bin/gnu/h-i686-mingw32/bin/../lib/gcc/nios2-elf/4.1.2\libgcc.a(_mul_df.o)
 .data          0x00012bbc        0x0 c:/altera/13.0sp1/nios2eds/bin/gnu/h-i686-mingw32/bin/../lib/gcc/nios2-elf/4.1.2\libgcc.a(_div_df.o)
 .data          0x00012bbc        0x0 c:/altera/13.0sp1/nios2eds/bin/gnu/h-i686-mingw32/bin/../lib/gcc/nios2-elf/4.1.2\libgcc.a(_eq_df.o)
 .data          0x00012bbc        0x0 c:/altera/13.0sp1/nios2eds/bin/gnu/h-i686-mingw32/bin/../lib/gcc/nios2-elf/4.1.2\libgcc.a(_ne_df.o)
 .data          0x00012bbc        0x0 c:/altera/13.0sp1/nios2eds/bin/gnu/h-i686-mingw32/bin/../lib/gcc/nios2-elf/4.1.2\libgcc.a(_gt_df.o)
 .data          0x00012bbc        0x0 c:/altera/13.0sp1/nios2eds/bin/gnu/h-i686-mingw32/bin/../lib/gcc/nios2-elf/4.1.2\libgcc.a(_ge_df.o)
 .data          0x00012bbc        0x0 c:/altera/13.0sp1/nios2eds/bin/gnu/h-i686-mingw32/bin/../lib/gcc/nios2-elf/4.1.2\libgcc.a(_lt_df.o)
 .data          0x00012bbc        0x0 c:/altera/13.0sp1/nios2eds/bin/gnu/h-i686-mingw32/bin/../lib/gcc/nios2-elf/4.1.2\libgcc.a(_si_to_df.o)
 .data          0x00012bbc        0x0 c:/altera/13.0sp1/nios2eds/bin/gnu/h-i686-mingw32/bin/../lib/gcc/nios2-elf/4.1.2\libgcc.a(_df_to_si.o)
 .data          0x00012bbc        0x0 c:/altera/13.0sp1/nios2eds/bin/gnu/h-i686-mingw32/bin/../lib/gcc/nios2-elf/4.1.2\libgcc.a(_thenan_df.o)
 .data          0x00012bbc        0x0 c:/altera/13.0sp1/nios2eds/bin/gnu/h-i686-mingw32/bin/../lib/gcc/nios2-elf/4.1.2\libgcc.a(_usi_to_df.o)
 .data          0x00012bbc        0x0 c:/altera/13.0sp1/nios2eds/bin/gnu/h-i686-mingw32/bin/../lib/gcc/nios2-elf/4.1.2\libgcc.a(lib2-divmod.o)
 .data          0x00012bbc        0x0 c:/altera/13.0sp1/nios2eds/bin/gnu/h-i686-mingw32/bin/../lib/gcc/nios2-elf/4.1.2\libgcc.a(_muldi3.o)
 .data          0x00012bbc        0x0 c:/altera/13.0sp1/nios2eds/bin/gnu/h-i686-mingw32/bin/../lib/gcc/nios2-elf/4.1.2\libgcc.a(_clz.o)
 .data          0x00012bbc        0x0 c:/altera/13.0sp1/nios2eds/bin/gnu/h-i686-mingw32/bin/../lib/gcc/nios2-elf/4.1.2\libgcc.a(_clzsi2.o)
 .data          0x00012bbc        0x0 c:/altera/13.0sp1/nios2eds/bin/gnu/h-i686-mingw32/bin/../lib/gcc/nios2-elf/4.1.2\libgcc.a(_pack_df.o)
 .data          0x00012bbc        0x0 c:/altera/13.0sp1/nios2eds/bin/gnu/h-i686-mingw32/bin/../lib/gcc/nios2-elf/4.1.2\libgcc.a(_unpack_df.o)
 .data          0x00012bbc        0x0 c:/altera/13.0sp1/nios2eds/bin/gnu/h-i686-mingw32/bin/../lib/gcc/nios2-elf/4.1.2\libgcc.a(_fpcmp_parts_df.o)
 .data          0x00012bbc        0x0 ../Hello_World_bsp/\libhal_bsp.a(alt_close.o)
 .data          0x00012bbc      0x1a8 ../Hello_World_bsp/\libhal_bsp.a(alt_dev.o)
                0x00012bbc                alt_dev_null
                0x00012be4                alt_fd_list
 .data          0x00012d64        0x0 ../Hello_World_bsp/\libhal_bsp.a(alt_errno.o)
 .data          0x00012d64        0x0 ../Hello_World_bsp/\libhal_bsp.a(alt_fstat.o)
 .data          0x00012d64        0x0 ../Hello_World_bsp/\libhal_bsp.a(alt_irq_register.o)
 .data          0x00012d64        0x0 ../Hello_World_bsp/\libhal_bsp.a(alt_irq_vars.o)
 .data          0x00012d64        0x0 ../Hello_World_bsp/\libhal_bsp.a(alt_isatty.o)
 .data          0x00012d64        0x0 ../Hello_World_bsp/\libhal_bsp.a(alt_load.o)
 .data          0x00012d64        0x0 ../Hello_World_bsp/\libhal_bsp.a(alt_lseek.o)
 .data          0x00012d64        0x0 ../Hello_World_bsp/\libhal_bsp.a(alt_main.o)
 .data          0x00012d64        0x0 ../Hello_World_bsp/\libhal_bsp.a(alt_malloc_lock.o)
 .data          0x00012d64        0x0 ../Hello_World_bsp/\libhal_bsp.a(alt_printf.o)
 .data          0x00012d64        0x0 ../Hello_World_bsp/\libhal_bsp.a(alt_putchar.o)
 .data          0x00012d64        0x0 ../Hello_World_bsp/\libhal_bsp.a(alt_read.o)
 .data          0x00012d64        0x0 ../Hello_World_bsp/\libhal_bsp.a(alt_release_fd.o)
 .data          0x00012d64        0x0 ../Hello_World_bsp/\libhal_bsp.a(alt_sbrk.o)
 .data          0x00012d64        0x0 ../Hello_World_bsp/\libhal_bsp.a(alt_write.o)
 .data          0x00012d64     0x1414 ../Hello_World_bsp/\libhal_bsp.a(alt_sys_init.o)
 .data          0x00014178        0x0 ../Hello_World_bsp/\libhal_bsp.a(altera_avalon_jtag_uart_fd.o)
 .data          0x00014178        0x0 ../Hello_World_bsp/\libhal_bsp.a(altera_avalon_jtag_uart_init.o)
 .data          0x00014178        0x0 ../Hello_World_bsp/\libhal_bsp.a(altera_avalon_jtag_uart_ioctl.o)
 .data          0x00014178        0x0 ../Hello_World_bsp/\libhal_bsp.a(altera_avalon_jtag_uart_read.o)
 .data          0x00014178        0x0 ../Hello_World_bsp/\libhal_bsp.a(altera_avalon_jtag_uart_write.o)
 .data          0x00014178        0x0 ../Hello_World_bsp/\libhal_bsp.a(altera_avalon_timer_sc.o)
 .data          0x00014178        0x0 ../Hello_World_bsp/\libhal_bsp.a(altera_up_avalon_audio.o)
 .data          0x00014178        0x0 ../Hello_World_bsp/\libhal_bsp.a(altera_up_avalon_character_lcd.o)
 .data          0x00014178        0x0 ../Hello_World_bsp/\libhal_bsp.a(altera_up_avalon_ethernet.o)
 .data          0x00014178        0x0 ../Hello_World_bsp/\libhal_bsp.a(altera_up_avalon_ethernet_low_level_driver.o)
 .data          0x00014178        0x0 ../Hello_World_bsp/\libhal_bsp.a(altera_up_avalon_irda.o)
 .data          0x00014178        0x0 ../Hello_World_bsp/\libhal_bsp.a(altera_up_avalon_parallel_port.o)
 .data          0x00014178        0x0 ../Hello_World_bsp/\libhal_bsp.a(altera_up_avalon_ps2.o)
 .data          0x00014178        0x0 ../Hello_World_bsp/\libhal_bsp.a(altera_up_avalon_rs232.o)
 .data          0x00014178        0x0 ../Hello_World_bsp/\libhal_bsp.a(altera_up_avalon_video_character_buffer_with_dma.o)
 .data          0x00014178        0x0 ../Hello_World_bsp/\libhal_bsp.a(altera_up_avalon_video_pixel_buffer_dma.o)
 .data          0x00014178        0x0 ../Hello_World_bsp/\libhal_bsp.a(alt_alarm_start.o)
 .data          0x00014178        0x0 ../Hello_World_bsp/\libhal_bsp.a(alt_dcache_flush_all.o)
 .data          0x00014178        0x0 ../Hello_World_bsp/\libhal_bsp.a(alt_dev_llist_insert.o)
 .data          0x00014178        0x0 ../Hello_World_bsp/\libhal_bsp.a(alt_do_ctors.o)
 .data          0x00014178        0x0 ../Hello_World_bsp/\libhal_bsp.a(alt_do_dtors.o)
 .data          0x00014178        0x0 ../Hello_World_bsp/\libhal_bsp.a(alt_find_dev.o)
 .data          0x00014178        0x0 ../Hello_World_bsp/\libhal_bsp.a(alt_icache_flush_all.o)
 .data          0x00014178        0x0 ../Hello_World_bsp/\libhal_bsp.a(alt_io_redirect.o)
 .data          0x00014178        0x0 ../Hello_World_bsp/\libhal_bsp.a(alt_irq_entry.o)
 .data          0x00014178        0x0 ../Hello_World_bsp/\libhal_bsp.a(alt_irq_handler.o)
 .data          0x00014178        0x0 ../Hello_World_bsp/\libhal_bsp.a(alt_open.o)
 .data          0x00014178        0x0 ../Hello_World_bsp/\libhal_bsp.a(alt_tick.o)
 .data          0x00014178        0x0 ../Hello_World_bsp/\libhal_bsp.a(alt_usleep.o)
 .data          0x00014178        0x0 ../Hello_World_bsp/\libhal_bsp.a(altera_nios2_qsys_irq.o)
 .data          0x00014178        0x0 ../Hello_World_bsp/\libhal_bsp.a(alt_busy_sleep.o)
 .data          0x00014178        0x0 ../Hello_World_bsp/\libhal_bsp.a(alt_exception_entry.o)
 .data          0x00014178        0x0 ../Hello_World_bsp/\libhal_bsp.a(alt_find_file.o)
 .data          0x00014178        0x0 ../Hello_World_bsp/\libhal_bsp.a(alt_get_fd.o)
 .data          0x00014178        0x0 ../Hello_World_bsp/\libhal_bsp.a(alt_icache_flush.o)
 .data          0x00014178        0x0 c:/altera/13.0sp1/nios2eds/bin/gnu/h-i686-mingw32/bin/../lib/gcc/nios2-elf/4.1.2/../../../../nios2-elf/lib\libc.a(lib_a-atexit.o)
 .data          0x00014178        0x0 c:/altera/13.0sp1/nios2eds/bin/gnu/h-i686-mingw32/bin/../lib/gcc/nios2-elf/4.1.2/../../../../nios2-elf/lib\libc.a(lib_a-exit.o)
 .data          0x00014178        0x0 c:/altera/13.0sp1/nios2eds/bin/gnu/h-i686-mingw32/bin/../lib/gcc/nios2-elf/4.1.2/../../../../nios2-elf/lib\libc.a(lib_a-memcmp.o)
 .data          0x00014178        0x0 c:/altera/13.0sp1/nios2eds/bin/gnu/h-i686-mingw32/bin/../lib/gcc/nios2-elf/4.1.2/../../../../nios2-elf/lib\libc.a(lib_a-putc.o)
 .data          0x00014178        0x0 c:/altera/13.0sp1/nios2eds/bin/gnu/h-i686-mingw32/bin/../lib/gcc/nios2-elf/4.1.2/../../../../nios2-elf/lib\libc.a(lib_a-wbuf.o)
 .data          0x00014178        0x0 c:/altera/13.0sp1/nios2eds/bin/gnu/h-i686-mingw32/bin/../lib/gcc/nios2-elf/4.1.2/../../../../nios2-elf/lib\libc.a(lib_a-__atexit.o)
 .data          0x00014178        0x0 c:/altera/13.0sp1/nios2eds/bin/gnu/h-i686-mingw32/bin/../lib/gcc/nios2-elf/4.1.2/../../../../nios2-elf/lib\libc.a(lib_a-__call_atexit.o)
 .data          0x00014178        0x0 ../Hello_World_bsp/\libhal_bsp.a(alt_exit.o)
                0x0001c178                _gp = ABSOLUTE ((. + 0x8000))
                0x0001c178                PROVIDE (gp, _gp)
 *(.rwdata .rwdata.*)
 *(.sdata .sdata.* .gnu.linkonce.s.*)
 .sdata         0x00014178        0x4 obj/default/media_interrupt_HAL.o
                0x00014178                x_axis_mouse
                0x0001417a                y_axis_mouse
 .sdata         0x0001417c        0x8 c:/altera/13.0sp1/nios2eds/bin/gnu/h-i686-mingw32/bin/../lib/gcc/nios2-elf/4.1.2/../../../../nios2-elf/lib\libc.a(lib_a-impure.o)
                0x0001417c                _impure_ptr
                0x00014180                _global_impure_ptr
 .sdata         0x00014184        0x8 c:/altera/13.0sp1/nios2eds/bin/gnu/h-i686-mingw32/bin/../lib/gcc/nios2-elf/4.1.2/../../../../nios2-elf/lib\libc.a(lib_a-locale.o)
                0x00014184                __mb_cur_max
 .sdata         0x0001418c        0x8 c:/altera/13.0sp1/nios2eds/bin/gnu/h-i686-mingw32/bin/../lib/gcc/nios2-elf/4.1.2/../../../../nios2-elf/lib\libc.a(lib_a-mallocr.o)
                0x0001418c                __malloc_trim_threshold
                0x00014190                __malloc_sbrk_base
 .sdata         0x00014194       0x14 ../Hello_World_bsp/\libhal_bsp.a(alt_dev.o)
                0x00014194                alt_fs_list
                0x0001419c                alt_dev_list
                0x000141a4                alt_max_fd
 .sdata         0x000141a8        0x4 ../Hello_World_bsp/\libhal_bsp.a(alt_errno.o)
                0x000141a8                alt_errno
 .sdata         0x000141ac        0x4 ../Hello_World_bsp/\libhal_bsp.a(alt_irq_vars.o)
                0x000141ac                alt_priority_mask
 .sdata         0x000141b0        0x4 ../Hello_World_bsp/\libhal_bsp.a(alt_sbrk.o)
 .sdata         0x000141b4        0x8 ../Hello_World_bsp/\libhal_bsp.a(alt_tick.o)
                0x000141b4                alt_alarm_list
 *(.sdata2 .sdata2.* .gnu.linkonce.s2.*)
                0x000141bc                . = ALIGN (0x4)
                0x000141bc                _edata = ABSOLUTE (.)
                0x000141bc                PROVIDE (edata, ABSOLUTE (.))
                0x000141bc                PROVIDE (__ram_rwdata_end, ABSOLUTE (.))
                0x000141bc                PROVIDE (__flash_rwdata_start, LOADADDR (.rwdata))

.bss            0x00015fd0   0x7a1520
                0x00015fd0                __bss_start = ABSOLUTE (.)
                0x00015fd0                PROVIDE (__sbss_start, ABSOLUTE (.))
                0x00015fd0                PROVIDE (___sbss_start, ABSOLUTE (.))
 *(.dynsbss)
 *(.sbss .sbss.* .gnu.linkonce.sb.*)
 .sbss          0x00015fd0       0x10 obj/default/globals.o
                0x00015fd0                byte2
                0x00015fd1                byte3
                0x00015fd2                byte1
                0x00015fd4                timeout
                0x00015fd8                buf_index_play
                0x00015fdc                buf_index_record
 .sbss          0x00015fe0        0x1 obj/default/media_interrupt_HAL.o
                0x00015fe0                command
 *fill*         0x00015fe1        0x3 00
 .sbss          0x00015fe4        0xc c:/altera/13.0sp1/nios2eds/bin/gnu/h-i686-mingw32/bin/../lib/gcc/nios2-elf/4.1.2/../../../../nios2-elf/lib\libc.a(lib_a-locale.o)
                0x00015fe4                __nlocale_changed
                0x00015fe8                __mlocale_changed
                0x00015fec                _PathLocale
 .sbss          0x00015ff0        0xc c:/altera/13.0sp1/nios2eds/bin/gnu/h-i686-mingw32/bin/../lib/gcc/nios2-elf/4.1.2/../../../../nios2-elf/lib\libc.a(lib_a-mallocr.o)
                0x00015ff0                __malloc_top_pad
                0x00015ff4                __malloc_max_sbrked_mem
                0x00015ff8                __malloc_max_total_mem
 .sbss          0x00015ffc        0x4 c:/altera/13.0sp1/nios2eds/bin/gnu/h-i686-mingw32/bin/../lib/gcc/nios2-elf/4.1.2/../../../../nios2-elf/lib\libc.a(lib_a-int_errno.o)
                0x00015ffc                errno
 .sbss          0x00016000        0x4 ../Hello_World_bsp/\libhal_bsp.a(alt_irq_vars.o)
                0x00016000                alt_irq_active
 .sbss          0x00016004        0xc ../Hello_World_bsp/\libhal_bsp.a(alt_main.o)
                0x00016004                alt_argc
                0x00016008                alt_argv
                0x0001600c                alt_envp
 .sbss          0x00016010        0x8 ../Hello_World_bsp/\libhal_bsp.a(alt_tick.o)
                0x00016010                _alt_tick_rate
                0x00016014                _alt_nticks
 *(.sbss2 .sbss2.* .gnu.linkonce.sb2.*)
 *(.scommon)
                0x00016018                PROVIDE (__sbss_end, ABSOLUTE (.))
                0x00016018                PROVIDE (___sbss_end, ABSOLUTE (.))
 *(.dynbss)
 *(.bss .bss.* .gnu.linkonce.b.*)
 .bss           0x00016018        0x0 ../Hello_World_bsp//obj/HAL/src/crt0.o
 .bss           0x00016018        0x0 obj/default/PS2_ISR.o
 .bss           0x00016018        0x0 obj/default/audio_ISR.o
 .bss           0x00016018        0x0 obj/default/globals.o
 .bss           0x00016018        0x0 obj/default/interval_timer_ISR.o
 .bss           0x00016018        0x0 obj/default/media_interrupt_HAL.o
 .bss           0x00016018        0x0 obj/default/pushbutton_ISR.o
 .bss           0x00016018        0x0 c:/altera/13.0sp1/nios2eds/bin/gnu/h-i686-mingw32/bin/../lib/gcc/nios2-elf/4.1.2/../../../../nios2-elf/lib\libc.a(lib_a-memcpy.o)
 .bss           0x00016018        0x0 c:/altera/13.0sp1/nios2eds/bin/gnu/h-i686-mingw32/bin/../lib/gcc/nios2-elf/4.1.2/../../../../nios2-elf/lib\libc.a(lib_a-memset.o)
 .bss           0x00016018        0x0 c:/altera/13.0sp1/nios2eds/bin/gnu/h-i686-mingw32/bin/../lib/gcc/nios2-elf/4.1.2/../../../../nios2-elf/lib\libc.a(lib_a-sprintf.o)
 .bss           0x00016018        0x0 c:/altera/13.0sp1/nios2eds/bin/gnu/h-i686-mingw32/bin/../lib/gcc/nios2-elf/4.1.2/../../../../nios2-elf/lib\libc.a(lib_a-vfprintf.o)
 .bss           0x00016018        0x0 c:/altera/13.0sp1/nios2eds/bin/gnu/h-i686-mingw32/bin/../lib/gcc/nios2-elf/4.1.2/../../../../nios2-elf/lib\libc.a(lib_a-wsetup.o)
 .bss           0x00016018        0x0 c:/altera/13.0sp1/nios2eds/bin/gnu/h-i686-mingw32/bin/../lib/gcc/nios2-elf/4.1.2/../../../../nios2-elf/lib\libc.a(lib_a-dtoa.o)
 .bss           0x00016018        0x0 c:/altera/13.0sp1/nios2eds/bin/gnu/h-i686-mingw32/bin/../lib/gcc/nios2-elf/4.1.2/../../../../nios2-elf/lib\libc.a(lib_a-fflush.o)
 .bss           0x00016018        0x0 c:/altera/13.0sp1/nios2eds/bin/gnu/h-i686-mingw32/bin/../lib/gcc/nios2-elf/4.1.2/../../../../nios2-elf/lib\libc.a(lib_a-findfp.o)
 .bss           0x00016018        0x0 c:/altera/13.0sp1/nios2eds/bin/gnu/h-i686-mingw32/bin/../lib/gcc/nios2-elf/4.1.2/../../../../nios2-elf/lib\libc.a(lib_a-freer.o)
 .bss           0x00016018        0x0 c:/altera/13.0sp1/nios2eds/bin/gnu/h-i686-mingw32/bin/../lib/gcc/nios2-elf/4.1.2/../../../../nios2-elf/lib\libc.a(lib_a-fvwrite.o)
 .bss           0x00016018        0x0 c:/altera/13.0sp1/nios2eds/bin/gnu/h-i686-mingw32/bin/../lib/gcc/nios2-elf/4.1.2/../../../../nios2-elf/lib\libc.a(lib_a-fwalk.o)
 .bss           0x00016018        0x0 c:/altera/13.0sp1/nios2eds/bin/gnu/h-i686-mingw32/bin/../lib/gcc/nios2-elf/4.1.2/../../../../nios2-elf/lib\libc.a(lib_a-impure.o)
 .bss           0x00016018        0x0 c:/altera/13.0sp1/nios2eds/bin/gnu/h-i686-mingw32/bin/../lib/gcc/nios2-elf/4.1.2/../../../../nios2-elf/lib\libc.a(lib_a-locale.o)
 .bss           0x00016018        0x0 c:/altera/13.0sp1/nios2eds/bin/gnu/h-i686-mingw32/bin/../lib/gcc/nios2-elf/4.1.2/../../../../nios2-elf/lib\libc.a(lib_a-makebuf.o)
 .bss           0x00016018       0x28 c:/altera/13.0sp1/nios2eds/bin/gnu/h-i686-mingw32/bin/../lib/gcc/nios2-elf/4.1.2/../../../../nios2-elf/lib\libc.a(lib_a-mallocr.o)
                0x00016018                __malloc_current_mallinfo
 .bss           0x00016040        0x0 c:/altera/13.0sp1/nios2eds/bin/gnu/h-i686-mingw32/bin/../lib/gcc/nios2-elf/4.1.2/../../../../nios2-elf/lib\libc.a(lib_a-memchr.o)
 .bss           0x00016040        0x0 c:/altera/13.0sp1/nios2eds/bin/gnu/h-i686-mingw32/bin/../lib/gcc/nios2-elf/4.1.2/../../../../nios2-elf/lib\libc.a(lib_a-memmove.o)
 .bss           0x00016040        0x0 c:/altera/13.0sp1/nios2eds/bin/gnu/h-i686-mingw32/bin/../lib/gcc/nios2-elf/4.1.2/../../../../nios2-elf/lib\libc.a(lib_a-mprec.o)
 .bss           0x00016040        0x0 c:/altera/13.0sp1/nios2eds/bin/gnu/h-i686-mingw32/bin/../lib/gcc/nios2-elf/4.1.2/../../../../nios2-elf/lib\libc.a(lib_a-reallocr.o)
 .bss           0x00016040        0x0 c:/altera/13.0sp1/nios2eds/bin/gnu/h-i686-mingw32/bin/../lib/gcc/nios2-elf/4.1.2/../../../../nios2-elf/lib\libc.a(lib_a-s_isinfd.o)
 .bss           0x00016040        0x0 c:/altera/13.0sp1/nios2eds/bin/gnu/h-i686-mingw32/bin/../lib/gcc/nios2-elf/4.1.2/../../../../nios2-elf/lib\libc.a(lib_a-s_isnand.o)
 .bss           0x00016040        0x0 c:/altera/13.0sp1/nios2eds/bin/gnu/h-i686-mingw32/bin/../lib/gcc/nios2-elf/4.1.2/../../../../nios2-elf/lib\libc.a(lib_a-sbrkr.o)
 .bss           0x00016040        0x0 c:/altera/13.0sp1/nios2eds/bin/gnu/h-i686-mingw32/bin/../lib/gcc/nios2-elf/4.1.2/../../../../nios2-elf/lib\libc.a(lib_a-stdio.o)
 .bss           0x00016040        0x0 c:/altera/13.0sp1/nios2eds/bin/gnu/h-i686-mingw32/bin/../lib/gcc/nios2-elf/4.1.2/../../../../nios2-elf/lib\libc.a(lib_a-strcmp.o)
 .bss           0x00016040        0x0 c:/altera/13.0sp1/nios2eds/bin/gnu/h-i686-mingw32/bin/../lib/gcc/nios2-elf/4.1.2/../../../../nios2-elf/lib\libc.a(lib_a-strlen.o)
 .bss           0x00016040        0x0 c:/altera/13.0sp1/nios2eds/bin/gnu/h-i686-mingw32/bin/../lib/gcc/nios2-elf/4.1.2/../../../../nios2-elf/lib\libc.a(lib_a-writer.o)
 .bss           0x00016040        0x0 c:/altera/13.0sp1/nios2eds/bin/gnu/h-i686-mingw32/bin/../lib/gcc/nios2-elf/4.1.2/../../../../nios2-elf/lib\libc.a(lib_a-callocr.o)
 .bss           0x00016040        0x0 c:/altera/13.0sp1/nios2eds/bin/gnu/h-i686-mingw32/bin/../lib/gcc/nios2-elf/4.1.2/../../../../nios2-elf/lib\libc.a(lib_a-closer.o)
 .bss           0x00016040        0x0 c:/altera/13.0sp1/nios2eds/bin/gnu/h-i686-mingw32/bin/../lib/gcc/nios2-elf/4.1.2/../../../../nios2-elf/lib\libc.a(lib_a-fclose.o)
 .bss           0x00016040        0x0 c:/altera/13.0sp1/nios2eds/bin/gnu/h-i686-mingw32/bin/../lib/gcc/nios2-elf/4.1.2/../../../../nios2-elf/lib\libc.a(lib_a-fstatr.o)
 .bss           0x00016040        0x0 c:/altera/13.0sp1/nios2eds/bin/gnu/h-i686-mingw32/bin/../lib/gcc/nios2-elf/4.1.2/../../../../nios2-elf/lib\libc.a(lib_a-int_errno.o)
 .bss           0x00016040        0x0 c:/altera/13.0sp1/nios2eds/bin/gnu/h-i686-mingw32/bin/../lib/gcc/nios2-elf/4.1.2/../../../../nios2-elf/lib\libc.a(lib_a-isattyr.o)
 .bss           0x00016040        0x0 c:/altera/13.0sp1/nios2eds/bin/gnu/h-i686-mingw32/bin/../lib/gcc/nios2-elf/4.1.2/../../../../nios2-elf/lib\libc.a(lib_a-lseekr.o)
 .bss           0x00016040        0x0 c:/altera/13.0sp1/nios2eds/bin/gnu/h-i686-mingw32/bin/../lib/gcc/nios2-elf/4.1.2/../../../../nios2-elf/lib\libc.a(lib_a-readr.o)
 .bss           0x00016040        0x0 c:/altera/13.0sp1/nios2eds/bin/gnu/h-i686-mingw32/bin/../lib/gcc/nios2-elf/4.1.2\libgcc.a(_udivdi3.o)
 .bss           0x00016040        0x0 c:/altera/13.0sp1/nios2eds/bin/gnu/h-i686-mingw32/bin/../lib/gcc/nios2-elf/4.1.2\libgcc.a(_umoddi3.o)
 .bss           0x00016040        0x0 c:/altera/13.0sp1/nios2eds/bin/gnu/h-i686-mingw32/bin/../lib/gcc/nios2-elf/4.1.2\libgcc.a(_addsub_df.o)
 .bss           0x00016040        0x0 c:/altera/13.0sp1/nios2eds/bin/gnu/h-i686-mingw32/bin/../lib/gcc/nios2-elf/4.1.2\libgcc.a(_mul_df.o)
 .bss           0x00016040        0x0 c:/altera/13.0sp1/nios2eds/bin/gnu/h-i686-mingw32/bin/../lib/gcc/nios2-elf/4.1.2\libgcc.a(_div_df.o)
 .bss           0x00016040        0x0 c:/altera/13.0sp1/nios2eds/bin/gnu/h-i686-mingw32/bin/../lib/gcc/nios2-elf/4.1.2\libgcc.a(_eq_df.o)
 .bss           0x00016040        0x0 c:/altera/13.0sp1/nios2eds/bin/gnu/h-i686-mingw32/bin/../lib/gcc/nios2-elf/4.1.2\libgcc.a(_ne_df.o)
 .bss           0x00016040        0x0 c:/altera/13.0sp1/nios2eds/bin/gnu/h-i686-mingw32/bin/../lib/gcc/nios2-elf/4.1.2\libgcc.a(_gt_df.o)
 .bss           0x00016040        0x0 c:/altera/13.0sp1/nios2eds/bin/gnu/h-i686-mingw32/bin/../lib/gcc/nios2-elf/4.1.2\libgcc.a(_ge_df.o)
 .bss           0x00016040        0x0 c:/altera/13.0sp1/nios2eds/bin/gnu/h-i686-mingw32/bin/../lib/gcc/nios2-elf/4.1.2\libgcc.a(_lt_df.o)
 .bss           0x00016040        0x0 c:/altera/13.0sp1/nios2eds/bin/gnu/h-i686-mingw32/bin/../lib/gcc/nios2-elf/4.1.2\libgcc.a(_si_to_df.o)
 .bss           0x00016040        0x0 c:/altera/13.0sp1/nios2eds/bin/gnu/h-i686-mingw32/bin/../lib/gcc/nios2-elf/4.1.2\libgcc.a(_df_to_si.o)
 .bss           0x00016040        0x0 c:/altera/13.0sp1/nios2eds/bin/gnu/h-i686-mingw32/bin/../lib/gcc/nios2-elf/4.1.2\libgcc.a(_thenan_df.o)
 .bss           0x00016040        0x0 c:/altera/13.0sp1/nios2eds/bin/gnu/h-i686-mingw32/bin/../lib/gcc/nios2-elf/4.1.2\libgcc.a(_usi_to_df.o)
 .bss           0x00016040        0x0 c:/altera/13.0sp1/nios2eds/bin/gnu/h-i686-mingw32/bin/../lib/gcc/nios2-elf/4.1.2\libgcc.a(lib2-divmod.o)
 .bss           0x00016040        0x0 c:/altera/13.0sp1/nios2eds/bin/gnu/h-i686-mingw32/bin/../lib/gcc/nios2-elf/4.1.2\libgcc.a(_muldi3.o)
 .bss           0x00016040        0x0 c:/altera/13.0sp1/nios2eds/bin/gnu/h-i686-mingw32/bin/../lib/gcc/nios2-elf/4.1.2\libgcc.a(_clz.o)
 .bss           0x00016040        0x0 c:/altera/13.0sp1/nios2eds/bin/gnu/h-i686-mingw32/bin/../lib/gcc/nios2-elf/4.1.2\libgcc.a(_clzsi2.o)
 .bss           0x00016040        0x0 c:/altera/13.0sp1/nios2eds/bin/gnu/h-i686-mingw32/bin/../lib/gcc/nios2-elf/4.1.2\libgcc.a(_pack_df.o)
 .bss           0x00016040        0x0 c:/altera/13.0sp1/nios2eds/bin/gnu/h-i686-mingw32/bin/../lib/gcc/nios2-elf/4.1.2\libgcc.a(_unpack_df.o)
 .bss           0x00016040        0x0 c:/altera/13.0sp1/nios2eds/bin/gnu/h-i686-mingw32/bin/../lib/gcc/nios2-elf/4.1.2\libgcc.a(_fpcmp_parts_df.o)
 .bss           0x00016040        0x0 ../Hello_World_bsp/\libhal_bsp.a(alt_close.o)
 .bss           0x00016040        0x0 ../Hello_World_bsp/\libhal_bsp.a(alt_dev.o)
 .bss           0x00016040        0x0 ../Hello_World_bsp/\libhal_bsp.a(alt_errno.o)
 .bss           0x00016040        0x0 ../Hello_World_bsp/\libhal_bsp.a(alt_fstat.o)
 .bss           0x00016040        0x0 ../Hello_World_bsp/\libhal_bsp.a(alt_irq_register.o)
 .bss           0x00016040        0x0 ../Hello_World_bsp/\libhal_bsp.a(alt_irq_vars.o)
 .bss           0x00016040        0x0 ../Hello_World_bsp/\libhal_bsp.a(alt_isatty.o)
 .bss           0x00016040        0x0 ../Hello_World_bsp/\libhal_bsp.a(alt_load.o)
 .bss           0x00016040        0x0 ../Hello_World_bsp/\libhal_bsp.a(alt_lseek.o)
 .bss           0x00016040        0x0 ../Hello_World_bsp/\libhal_bsp.a(alt_main.o)
 .bss           0x00016040        0x0 ../Hello_World_bsp/\libhal_bsp.a(alt_malloc_lock.o)
 .bss           0x00016040        0x0 ../Hello_World_bsp/\libhal_bsp.a(alt_printf.o)
 .bss           0x00016040        0x0 ../Hello_World_bsp/\libhal_bsp.a(alt_putchar.o)
 .bss           0x00016040        0x0 ../Hello_World_bsp/\libhal_bsp.a(alt_read.o)
 .bss           0x00016040        0x0 ../Hello_World_bsp/\libhal_bsp.a(alt_release_fd.o)
 .bss           0x00016040        0x0 ../Hello_World_bsp/\libhal_bsp.a(alt_sbrk.o)
 .bss           0x00016040        0x0 ../Hello_World_bsp/\libhal_bsp.a(alt_write.o)
 .bss           0x00016040        0x0 ../Hello_World_bsp/\libhal_bsp.a(alt_sys_init.o)
 .bss           0x00016040        0x0 ../Hello_World_bsp/\libhal_bsp.a(altera_avalon_jtag_uart_fd.o)
 .bss           0x00016040        0x0 ../Hello_World_bsp/\libhal_bsp.a(altera_avalon_jtag_uart_init.o)
 .bss           0x00016040        0x0 ../Hello_World_bsp/\libhal_bsp.a(altera_avalon_jtag_uart_ioctl.o)
 .bss           0x00016040        0x0 ../Hello_World_bsp/\libhal_bsp.a(altera_avalon_jtag_uart_read.o)
 .bss           0x00016040        0x0 ../Hello_World_bsp/\libhal_bsp.a(altera_avalon_jtag_uart_write.o)
 .bss           0x00016040        0x0 ../Hello_World_bsp/\libhal_bsp.a(altera_avalon_timer_sc.o)
 .bss           0x00016040        0x0 ../Hello_World_bsp/\libhal_bsp.a(altera_up_avalon_audio.o)
 .bss           0x00016040        0x0 ../Hello_World_bsp/\libhal_bsp.a(altera_up_avalon_character_lcd.o)
 .bss           0x00016040        0x0 ../Hello_World_bsp/\libhal_bsp.a(altera_up_avalon_ethernet.o)
 .bss           0x00016040        0x0 ../Hello_World_bsp/\libhal_bsp.a(altera_up_avalon_ethernet_low_level_driver.o)
 .bss           0x00016040        0x0 ../Hello_World_bsp/\libhal_bsp.a(altera_up_avalon_irda.o)
 .bss           0x00016040        0x0 ../Hello_World_bsp/\libhal_bsp.a(altera_up_avalon_parallel_port.o)
 .bss           0x00016040        0x0 ../Hello_World_bsp/\libhal_bsp.a(altera_up_avalon_ps2.o)
 .bss           0x00016040        0x0 ../Hello_World_bsp/\libhal_bsp.a(altera_up_avalon_rs232.o)
 .bss           0x00016040        0x0 ../Hello_World_bsp/\libhal_bsp.a(altera_up_avalon_video_character_buffer_with_dma.o)
 .bss           0x00016040        0x0 ../Hello_World_bsp/\libhal_bsp.a(altera_up_avalon_video_pixel_buffer_dma.o)
 .bss           0x00016040        0x0 ../Hello_World_bsp/\libhal_bsp.a(alt_alarm_start.o)
 .bss           0x00016040        0x0 ../Hello_World_bsp/\libhal_bsp.a(alt_dcache_flush_all.o)
 .bss           0x00016040        0x0 ../Hello_World_bsp/\libhal_bsp.a(alt_dev_llist_insert.o)
 .bss           0x00016040        0x0 ../Hello_World_bsp/\libhal_bsp.a(alt_do_ctors.o)
 .bss           0x00016040        0x0 ../Hello_World_bsp/\libhal_bsp.a(alt_do_dtors.o)
 .bss           0x00016040        0x0 ../Hello_World_bsp/\libhal_bsp.a(alt_find_dev.o)
 .bss           0x00016040        0x0 ../Hello_World_bsp/\libhal_bsp.a(alt_icache_flush_all.o)
 .bss           0x00016040        0x0 ../Hello_World_bsp/\libhal_bsp.a(alt_io_redirect.o)
 .bss           0x00016040        0x0 ../Hello_World_bsp/\libhal_bsp.a(alt_irq_entry.o)
 .bss           0x00016040        0x0 ../Hello_World_bsp/\libhal_bsp.a(alt_irq_handler.o)
 .bss           0x00016040        0x0 ../Hello_World_bsp/\libhal_bsp.a(alt_open.o)
 .bss           0x00016040        0x0 ../Hello_World_bsp/\libhal_bsp.a(alt_tick.o)
 .bss           0x00016040        0x0 ../Hello_World_bsp/\libhal_bsp.a(alt_usleep.o)
 .bss           0x00016040        0x0 ../Hello_World_bsp/\libhal_bsp.a(altera_nios2_qsys_irq.o)
 .bss           0x00016040        0x0 ../Hello_World_bsp/\libhal_bsp.a(alt_busy_sleep.o)
 .bss           0x00016040        0x0 ../Hello_World_bsp/\libhal_bsp.a(alt_exception_entry.o)
 .bss           0x00016040        0x0 ../Hello_World_bsp/\libhal_bsp.a(alt_find_file.o)
 .bss           0x00016040        0x0 ../Hello_World_bsp/\libhal_bsp.a(alt_get_fd.o)
 .bss           0x00016040        0x0 ../Hello_World_bsp/\libhal_bsp.a(alt_icache_flush.o)
 .bss           0x00016040        0x0 c:/altera/13.0sp1/nios2eds/bin/gnu/h-i686-mingw32/bin/../lib/gcc/nios2-elf/4.1.2/../../../../nios2-elf/lib\libc.a(lib_a-atexit.o)
 .bss           0x00016040        0x0 c:/altera/13.0sp1/nios2eds/bin/gnu/h-i686-mingw32/bin/../lib/gcc/nios2-elf/4.1.2/../../../../nios2-elf/lib\libc.a(lib_a-exit.o)
 .bss           0x00016040        0x0 c:/altera/13.0sp1/nios2eds/bin/gnu/h-i686-mingw32/bin/../lib/gcc/nios2-elf/4.1.2/../../../../nios2-elf/lib\libc.a(lib_a-memcmp.o)
 .bss           0x00016040        0x0 c:/altera/13.0sp1/nios2eds/bin/gnu/h-i686-mingw32/bin/../lib/gcc/nios2-elf/4.1.2/../../../../nios2-elf/lib\libc.a(lib_a-putc.o)
 .bss           0x00016040        0x0 c:/altera/13.0sp1/nios2eds/bin/gnu/h-i686-mingw32/bin/../lib/gcc/nios2-elf/4.1.2/../../../../nios2-elf/lib\libc.a(lib_a-wbuf.o)
 .bss           0x00016040        0x0 c:/altera/13.0sp1/nios2eds/bin/gnu/h-i686-mingw32/bin/../lib/gcc/nios2-elf/4.1.2/../../../../nios2-elf/lib\libc.a(lib_a-__atexit.o)
 .bss           0x00016040        0x0 c:/altera/13.0sp1/nios2eds/bin/gnu/h-i686-mingw32/bin/../lib/gcc/nios2-elf/4.1.2/../../../../nios2-elf/lib\libc.a(lib_a-__call_atexit.o)
 .bss           0x00016040        0x0 ../Hello_World_bsp/\libhal_bsp.a(alt_exit.o)
 *(COMMON)
 COMMON         0x00016040   0x3d0900 obj/default/audio_ISR.o
                0x00016040                r_buf
                0x001fe4c0                l_buf
 COMMON         0x003e6940       0x20 obj/default/globals.o
                0x003e6940                up_dev
 COMMON         0x003e6960   0x3d0900 obj/default/media_interrupt_HAL.o
                0x003e6960                r_buf_echo
                0x005cede0                l_buf_echo
 COMMON         0x007b7260      0x100 ../Hello_World_bsp/\libhal_bsp.a(alt_irq_handler.o)
                0x007b7260                alt_irq
 COMMON         0x007b7360      0x190 c:/altera/13.0sp1/nios2eds/bin/gnu/h-i686-mingw32/bin/../lib/gcc/nios2-elf/4.1.2/../../../../nios2-elf/lib\libc.a(lib_a-atexit.o)
                0x007b7360                _atexit0
                0x007b74f0                . = ALIGN (0x4)
                0x007b74f0                __bss_end = ABSOLUTE (.)

.SDRAM          0x007b74f0        0x0
                0x007b74f0                PROVIDE (_alt_partition_SDRAM_start, ABSOLUTE (.))
 *(.SDRAM. SDRAM.*)
                0x007b74f0                . = ALIGN (0x4)
                0x007b74f0                PROVIDE (_alt_partition_SDRAM_end, ABSOLUTE (.))
                0x007b74f0                _end = ABSOLUTE (.)
                0x007b74f0                end = ABSOLUTE (.)
                0x007b74f0                __alt_stack_base = ABSOLUTE (.)
                0x007b74f0                PROVIDE (_alt_partition_SDRAM_load_addr, LOADADDR (.SDRAM))

.Flash_flash_data
                0x0c000000        0x0 load address 0x007b74f0
                0x0c000000                PROVIDE (_alt_partition_Flash_flash_data_start, ABSOLUTE (.))
 *(.Flash_flash_data. Flash_flash_data.*)
                0x0c000000                . = ALIGN (0x4)
                0x0c000000                PROVIDE (_alt_partition_Flash_flash_data_end, ABSOLUTE (.))
                0x007b74f0                PROVIDE (_alt_partition_Flash_flash_data_load_addr, LOADADDR (.Flash_flash_data))

.stab
 *(.stab)

.stabstr
 *(.stabstr)

.stab.excl
 *(.stab.excl)

.stab.exclstr
 *(.stab.exclstr)

.stab.index
 *(.stab.index)

.stab.indexstr
 *(.stab.indexstr)

.comment        0x00000000       0x26
 *(.comment)
 .comment       0x00000000       0x26 obj/default/PS2_ISR.o
                                 0x27 (size before relaxing)
 .comment       0x00000000       0x27 obj/default/audio_ISR.o
 .comment       0x00000000       0x27 obj/default/globals.o
 .comment       0x00000000       0x27 obj/default/interval_timer_ISR.o
 .comment       0x00000000       0x27 obj/default/media_interrupt_HAL.o
 .comment       0x00000000       0x27 obj/default/pushbutton_ISR.o
 .comment       0x00000000       0x27 c:/altera/13.0sp1/nios2eds/bin/gnu/h-i686-mingw32/bin/../lib/gcc/nios2-elf/4.1.2/../../../../nios2-elf/lib\libc.a(lib_a-memcpy.o)
 .comment       0x00000000       0x27 c:/altera/13.0sp1/nios2eds/bin/gnu/h-i686-mingw32/bin/../lib/gcc/nios2-elf/4.1.2/../../../../nios2-elf/lib\libc.a(lib_a-memset.o)
 .comment       0x00000000       0x27 c:/altera/13.0sp1/nios2eds/bin/gnu/h-i686-mingw32/bin/../lib/gcc/nios2-elf/4.1.2/../../../../nios2-elf/lib\libc.a(lib_a-sprintf.o)
 .comment       0x00000000       0x27 c:/altera/13.0sp1/nios2eds/bin/gnu/h-i686-mingw32/bin/../lib/gcc/nios2-elf/4.1.2/../../../../nios2-elf/lib\libc.a(lib_a-vfprintf.o)
 .comment       0x00000000       0x27 c:/altera/13.0sp1/nios2eds/bin/gnu/h-i686-mingw32/bin/../lib/gcc/nios2-elf/4.1.2/../../../../nios2-elf/lib\libc.a(lib_a-wsetup.o)
 .comment       0x00000000       0x27 c:/altera/13.0sp1/nios2eds/bin/gnu/h-i686-mingw32/bin/../lib/gcc/nios2-elf/4.1.2/../../../../nios2-elf/lib\libc.a(lib_a-dtoa.o)
 .comment       0x00000000       0x27 c:/altera/13.0sp1/nios2eds/bin/gnu/h-i686-mingw32/bin/../lib/gcc/nios2-elf/4.1.2/../../../../nios2-elf/lib\libc.a(lib_a-fflush.o)
 .comment       0x00000000       0x27 c:/altera/13.0sp1/nios2eds/bin/gnu/h-i686-mingw32/bin/../lib/gcc/nios2-elf/4.1.2/../../../../nios2-elf/lib\libc.a(lib_a-findfp.o)
 .comment       0x00000000       0x27 c:/altera/13.0sp1/nios2eds/bin/gnu/h-i686-mingw32/bin/../lib/gcc/nios2-elf/4.1.2/../../../../nios2-elf/lib\libc.a(lib_a-freer.o)
 .comment       0x00000000       0x27 c:/altera/13.0sp1/nios2eds/bin/gnu/h-i686-mingw32/bin/../lib/gcc/nios2-elf/4.1.2/../../../../nios2-elf/lib\libc.a(lib_a-fvwrite.o)
 .comment       0x00000000       0x27 c:/altera/13.0sp1/nios2eds/bin/gnu/h-i686-mingw32/bin/../lib/gcc/nios2-elf/4.1.2/../../../../nios2-elf/lib\libc.a(lib_a-fwalk.o)
 .comment       0x00000000       0x27 c:/altera/13.0sp1/nios2eds/bin/gnu/h-i686-mingw32/bin/../lib/gcc/nios2-elf/4.1.2/../../../../nios2-elf/lib\libc.a(lib_a-impure.o)
 .comment       0x00000000       0x27 c:/altera/13.0sp1/nios2eds/bin/gnu/h-i686-mingw32/bin/../lib/gcc/nios2-elf/4.1.2/../../../../nios2-elf/lib\libc.a(lib_a-locale.o)
 .comment       0x00000000       0x27 c:/altera/13.0sp1/nios2eds/bin/gnu/h-i686-mingw32/bin/../lib/gcc/nios2-elf/4.1.2/../../../../nios2-elf/lib\libc.a(lib_a-makebuf.o)
 .comment       0x00000000       0x27 c:/altera/13.0sp1/nios2eds/bin/gnu/h-i686-mingw32/bin/../lib/gcc/nios2-elf/4.1.2/../../../../nios2-elf/lib\libc.a(lib_a-mallocr.o)
 .comment       0x00000000       0x27 c:/altera/13.0sp1/nios2eds/bin/gnu/h-i686-mingw32/bin/../lib/gcc/nios2-elf/4.1.2/../../../../nios2-elf/lib\libc.a(lib_a-memchr.o)
 .comment       0x00000000       0x27 c:/altera/13.0sp1/nios2eds/bin/gnu/h-i686-mingw32/bin/../lib/gcc/nios2-elf/4.1.2/../../../../nios2-elf/lib\libc.a(lib_a-memmove.o)
 .comment       0x00000000       0x27 c:/altera/13.0sp1/nios2eds/bin/gnu/h-i686-mingw32/bin/../lib/gcc/nios2-elf/4.1.2/../../../../nios2-elf/lib\libc.a(lib_a-mprec.o)
 .comment       0x00000000       0x27 c:/altera/13.0sp1/nios2eds/bin/gnu/h-i686-mingw32/bin/../lib/gcc/nios2-elf/4.1.2/../../../../nios2-elf/lib\libc.a(lib_a-reallocr.o)
 .comment       0x00000000       0x27 c:/altera/13.0sp1/nios2eds/bin/gnu/h-i686-mingw32/bin/../lib/gcc/nios2-elf/4.1.2/../../../../nios2-elf/lib\libc.a(lib_a-s_isinfd.o)
 .comment       0x00000000       0x27 c:/altera/13.0sp1/nios2eds/bin/gnu/h-i686-mingw32/bin/../lib/gcc/nios2-elf/4.1.2/../../../../nios2-elf/lib\libc.a(lib_a-s_isnand.o)
 .comment       0x00000000       0x27 c:/altera/13.0sp1/nios2eds/bin/gnu/h-i686-mingw32/bin/../lib/gcc/nios2-elf/4.1.2/../../../../nios2-elf/lib\libc.a(lib_a-sbrkr.o)
 .comment       0x00000000       0x27 c:/altera/13.0sp1/nios2eds/bin/gnu/h-i686-mingw32/bin/../lib/gcc/nios2-elf/4.1.2/../../../../nios2-elf/lib\libc.a(lib_a-stdio.o)
 .comment       0x00000000       0x27 c:/altera/13.0sp1/nios2eds/bin/gnu/h-i686-mingw32/bin/../lib/gcc/nios2-elf/4.1.2/../../../../nios2-elf/lib\libc.a(lib_a-strcmp.o)
 .comment       0x00000000       0x27 c:/altera/13.0sp1/nios2eds/bin/gnu/h-i686-mingw32/bin/../lib/gcc/nios2-elf/4.1.2/../../../../nios2-elf/lib\libc.a(lib_a-strlen.o)
 .comment       0x00000000       0x27 c:/altera/13.0sp1/nios2eds/bin/gnu/h-i686-mingw32/bin/../lib/gcc/nios2-elf/4.1.2/../../../../nios2-elf/lib\libc.a(lib_a-writer.o)
 .comment       0x00000000       0x27 c:/altera/13.0sp1/nios2eds/bin/gnu/h-i686-mingw32/bin/../lib/gcc/nios2-elf/4.1.2/../../../../nios2-elf/lib\libc.a(lib_a-callocr.o)
 .comment       0x00000000       0x27 c:/altera/13.0sp1/nios2eds/bin/gnu/h-i686-mingw32/bin/../lib/gcc/nios2-elf/4.1.2/../../../../nios2-elf/lib\libc.a(lib_a-closer.o)
 .comment       0x00000000       0x27 c:/altera/13.0sp1/nios2eds/bin/gnu/h-i686-mingw32/bin/../lib/gcc/nios2-elf/4.1.2/../../../../nios2-elf/lib\libc.a(lib_a-fclose.o)
 .comment       0x00000000       0x27 c:/altera/13.0sp1/nios2eds/bin/gnu/h-i686-mingw32/bin/../lib/gcc/nios2-elf/4.1.2/../../../../nios2-elf/lib\libc.a(lib_a-fstatr.o)
 .comment       0x00000000       0x27 c:/altera/13.0sp1/nios2eds/bin/gnu/h-i686-mingw32/bin/../lib/gcc/nios2-elf/4.1.2/../../../../nios2-elf/lib\libc.a(lib_a-int_errno.o)
 .comment       0x00000000       0x27 c:/altera/13.0sp1/nios2eds/bin/gnu/h-i686-mingw32/bin/../lib/gcc/nios2-elf/4.1.2/../../../../nios2-elf/lib\libc.a(lib_a-isattyr.o)
 .comment       0x00000000       0x27 c:/altera/13.0sp1/nios2eds/bin/gnu/h-i686-mingw32/bin/../lib/gcc/nios2-elf/4.1.2/../../../../nios2-elf/lib\libc.a(lib_a-lseekr.o)
 .comment       0x00000000       0x27 c:/altera/13.0sp1/nios2eds/bin/gnu/h-i686-mingw32/bin/../lib/gcc/nios2-elf/4.1.2/../../../../nios2-elf/lib\libc.a(lib_a-readr.o)
 .comment       0x00000000       0x27 c:/altera/13.0sp1/nios2eds/bin/gnu/h-i686-mingw32/bin/../lib/gcc/nios2-elf/4.1.2\libgcc.a(_udivdi3.o)
 .comment       0x00000000       0x27 c:/altera/13.0sp1/nios2eds/bin/gnu/h-i686-mingw32/bin/../lib/gcc/nios2-elf/4.1.2\libgcc.a(_umoddi3.o)
 .comment       0x00000000       0x27 c:/altera/13.0sp1/nios2eds/bin/gnu/h-i686-mingw32/bin/../lib/gcc/nios2-elf/4.1.2\libgcc.a(_addsub_df.o)
 .comment       0x00000000       0x27 c:/altera/13.0sp1/nios2eds/bin/gnu/h-i686-mingw32/bin/../lib/gcc/nios2-elf/4.1.2\libgcc.a(_mul_df.o)
 .comment       0x00000000       0x27 c:/altera/13.0sp1/nios2eds/bin/gnu/h-i686-mingw32/bin/../lib/gcc/nios2-elf/4.1.2\libgcc.a(_div_df.o)
 .comment       0x00000000       0x27 c:/altera/13.0sp1/nios2eds/bin/gnu/h-i686-mingw32/bin/../lib/gcc/nios2-elf/4.1.2\libgcc.a(_eq_df.o)
 .comment       0x00000000       0x27 c:/altera/13.0sp1/nios2eds/bin/gnu/h-i686-mingw32/bin/../lib/gcc/nios2-elf/4.1.2\libgcc.a(_ne_df.o)
 .comment       0x00000000       0x27 c:/altera/13.0sp1/nios2eds/bin/gnu/h-i686-mingw32/bin/../lib/gcc/nios2-elf/4.1.2\libgcc.a(_gt_df.o)
 .comment       0x00000000       0x27 c:/altera/13.0sp1/nios2eds/bin/gnu/h-i686-mingw32/bin/../lib/gcc/nios2-elf/4.1.2\libgcc.a(_ge_df.o)
 .comment       0x00000000       0x27 c:/altera/13.0sp1/nios2eds/bin/gnu/h-i686-mingw32/bin/../lib/gcc/nios2-elf/4.1.2\libgcc.a(_lt_df.o)
 .comment       0x00000000       0x27 c:/altera/13.0sp1/nios2eds/bin/gnu/h-i686-mingw32/bin/../lib/gcc/nios2-elf/4.1.2\libgcc.a(_si_to_df.o)
 .comment       0x00000000       0x27 c:/altera/13.0sp1/nios2eds/bin/gnu/h-i686-mingw32/bin/../lib/gcc/nios2-elf/4.1.2\libgcc.a(_df_to_si.o)
 .comment       0x00000000       0x27 c:/altera/13.0sp1/nios2eds/bin/gnu/h-i686-mingw32/bin/../lib/gcc/nios2-elf/4.1.2\libgcc.a(_thenan_df.o)
 .comment       0x00000000       0x27 c:/altera/13.0sp1/nios2eds/bin/gnu/h-i686-mingw32/bin/../lib/gcc/nios2-elf/4.1.2\libgcc.a(_usi_to_df.o)
 .comment       0x00000000       0x27 c:/altera/13.0sp1/nios2eds/bin/gnu/h-i686-mingw32/bin/../lib/gcc/nios2-elf/4.1.2\libgcc.a(lib2-divmod.o)
 .comment       0x00000000       0x27 c:/altera/13.0sp1/nios2eds/bin/gnu/h-i686-mingw32/bin/../lib/gcc/nios2-elf/4.1.2\libgcc.a(_muldi3.o)
 .comment       0x00000000       0x27 c:/altera/13.0sp1/nios2eds/bin/gnu/h-i686-mingw32/bin/../lib/gcc/nios2-elf/4.1.2\libgcc.a(_clz.o)
 .comment       0x00000000       0x27 c:/altera/13.0sp1/nios2eds/bin/gnu/h-i686-mingw32/bin/../lib/gcc/nios2-elf/4.1.2\libgcc.a(_clzsi2.o)
 .comment       0x00000000       0x27 c:/altera/13.0sp1/nios2eds/bin/gnu/h-i686-mingw32/bin/../lib/gcc/nios2-elf/4.1.2\libgcc.a(_pack_df.o)
 .comment       0x00000000       0x27 c:/altera/13.0sp1/nios2eds/bin/gnu/h-i686-mingw32/bin/../lib/gcc/nios2-elf/4.1.2\libgcc.a(_unpack_df.o)
 .comment       0x00000000       0x27 c:/altera/13.0sp1/nios2eds/bin/gnu/h-i686-mingw32/bin/../lib/gcc/nios2-elf/4.1.2\libgcc.a(_fpcmp_parts_df.o)
 .comment       0x00000000       0x27 ../Hello_World_bsp/\libhal_bsp.a(alt_close.o)
 .comment       0x00000000       0x27 ../Hello_World_bsp/\libhal_bsp.a(alt_dev.o)
 .comment       0x00000000       0x27 ../Hello_World_bsp/\libhal_bsp.a(alt_errno.o)
 .comment       0x00000000       0x27 ../Hello_World_bsp/\libhal_bsp.a(alt_fstat.o)
 .comment       0x00000000       0x27 ../Hello_World_bsp/\libhal_bsp.a(alt_irq_register.o)
 .comment       0x00000000       0x27 ../Hello_World_bsp/\libhal_bsp.a(alt_irq_vars.o)
 .comment       0x00000000       0x27 ../Hello_World_bsp/\libhal_bsp.a(alt_isatty.o)
 .comment       0x00000000       0x27 ../Hello_World_bsp/\libhal_bsp.a(alt_load.o)
 .comment       0x00000000       0x27 ../Hello_World_bsp/\libhal_bsp.a(alt_lseek.o)
 .comment       0x00000000       0x27 ../Hello_World_bsp/\libhal_bsp.a(alt_main.o)
 .comment       0x00000000       0x27 ../Hello_World_bsp/\libhal_bsp.a(alt_malloc_lock.o)
 .comment       0x00000000       0x27 ../Hello_World_bsp/\libhal_bsp.a(alt_printf.o)
 .comment       0x00000000       0x27 ../Hello_World_bsp/\libhal_bsp.a(alt_putchar.o)
 .comment       0x00000000       0x27 ../Hello_World_bsp/\libhal_bsp.a(alt_read.o)
 .comment       0x00000000       0x27 ../Hello_World_bsp/\libhal_bsp.a(alt_release_fd.o)
 .comment       0x00000000       0x27 ../Hello_World_bsp/\libhal_bsp.a(alt_sbrk.o)
 .comment       0x00000000       0x27 ../Hello_World_bsp/\libhal_bsp.a(alt_write.o)
 .comment       0x00000000       0x27 ../Hello_World_bsp/\libhal_bsp.a(alt_sys_init.o)
 .comment       0x00000000       0x27 ../Hello_World_bsp/\libhal_bsp.a(altera_avalon_jtag_uart_fd.o)
 .comment       0x00000000       0x27 ../Hello_World_bsp/\libhal_bsp.a(altera_avalon_jtag_uart_init.o)
 .comment       0x00000000       0x27 ../Hello_World_bsp/\libhal_bsp.a(altera_avalon_jtag_uart_ioctl.o)
 .comment       0x00000000       0x27 ../Hello_World_bsp/\libhal_bsp.a(altera_avalon_jtag_uart_read.o)
 .comment       0x00000000       0x27 ../Hello_World_bsp/\libhal_bsp.a(altera_avalon_jtag_uart_write.o)
 .comment       0x00000000       0x27 ../Hello_World_bsp/\libhal_bsp.a(altera_avalon_timer_sc.o)
 .comment       0x00000000       0x27 ../Hello_World_bsp/\libhal_bsp.a(altera_up_avalon_audio.o)
 .comment       0x00000000       0x27 ../Hello_World_bsp/\libhal_bsp.a(altera_up_avalon_character_lcd.o)
 .comment       0x00000000       0x27 ../Hello_World_bsp/\libhal_bsp.a(altera_up_avalon_ethernet.o)
 .comment       0x00000000       0x27 ../Hello_World_bsp/\libhal_bsp.a(altera_up_avalon_ethernet_low_level_driver.o)
 .comment       0x00000000       0x27 ../Hello_World_bsp/\libhal_bsp.a(altera_up_avalon_irda.o)
 .comment       0x00000000       0x27 ../Hello_World_bsp/\libhal_bsp.a(altera_up_avalon_parallel_port.o)
 .comment       0x00000000       0x27 ../Hello_World_bsp/\libhal_bsp.a(altera_up_avalon_ps2.o)
 .comment       0x00000000       0x27 ../Hello_World_bsp/\libhal_bsp.a(altera_up_avalon_rs232.o)
 .comment       0x00000000       0x27 ../Hello_World_bsp/\libhal_bsp.a(altera_up_avalon_video_character_buffer_with_dma.o)
 .comment       0x00000000       0x27 ../Hello_World_bsp/\libhal_bsp.a(altera_up_avalon_video_pixel_buffer_dma.o)
 .comment       0x00000000       0x27 ../Hello_World_bsp/\libhal_bsp.a(alt_alarm_start.o)
 .comment       0x00000000       0x27 ../Hello_World_bsp/\libhal_bsp.a(alt_dcache_flush_all.o)
 .comment       0x00000000       0x27 ../Hello_World_bsp/\libhal_bsp.a(alt_dev_llist_insert.o)
 .comment       0x00000000       0x27 ../Hello_World_bsp/\libhal_bsp.a(alt_do_ctors.o)
 .comment       0x00000000       0x27 ../Hello_World_bsp/\libhal_bsp.a(alt_do_dtors.o)
 .comment       0x00000000       0x27 ../Hello_World_bsp/\libhal_bsp.a(alt_find_dev.o)
 .comment       0x00000000       0x27 ../Hello_World_bsp/\libhal_bsp.a(alt_icache_flush_all.o)
 .comment       0x00000000       0x27 ../Hello_World_bsp/\libhal_bsp.a(alt_io_redirect.o)
 .comment       0x00000000       0x27 ../Hello_World_bsp/\libhal_bsp.a(alt_irq_handler.o)
 .comment       0x00000000       0x27 ../Hello_World_bsp/\libhal_bsp.a(alt_open.o)
 .comment       0x00000000       0x27 ../Hello_World_bsp/\libhal_bsp.a(alt_tick.o)
 .comment       0x00000000       0x27 ../Hello_World_bsp/\libhal_bsp.a(alt_usleep.o)
 .comment       0x00000000       0x27 ../Hello_World_bsp/\libhal_bsp.a(altera_nios2_qsys_irq.o)
 .comment       0x00000000       0x27 ../Hello_World_bsp/\libhal_bsp.a(alt_busy_sleep.o)
 .comment       0x00000000       0x27 ../Hello_World_bsp/\libhal_bsp.a(alt_find_file.o)
 .comment       0x00000000       0x27 ../Hello_World_bsp/\libhal_bsp.a(alt_get_fd.o)
 .comment       0x00000000       0x27 ../Hello_World_bsp/\libhal_bsp.a(alt_icache_flush.o)
 .comment       0x00000000       0x27 c:/altera/13.0sp1/nios2eds/bin/gnu/h-i686-mingw32/bin/../lib/gcc/nios2-elf/4.1.2/../../../../nios2-elf/lib\libc.a(lib_a-atexit.o)
 .comment       0x00000000       0x27 c:/altera/13.0sp1/nios2eds/bin/gnu/h-i686-mingw32/bin/../lib/gcc/nios2-elf/4.1.2/../../../../nios2-elf/lib\libc.a(lib_a-exit.o)
 .comment       0x00000000       0x27 c:/altera/13.0sp1/nios2eds/bin/gnu/h-i686-mingw32/bin/../lib/gcc/nios2-elf/4.1.2/../../../../nios2-elf/lib\libc.a(lib_a-memcmp.o)
 .comment       0x00000000       0x27 c:/altera/13.0sp1/nios2eds/bin/gnu/h-i686-mingw32/bin/../lib/gcc/nios2-elf/4.1.2/../../../../nios2-elf/lib\libc.a(lib_a-putc.o)
 .comment       0x00000000       0x27 c:/altera/13.0sp1/nios2eds/bin/gnu/h-i686-mingw32/bin/../lib/gcc/nios2-elf/4.1.2/../../../../nios2-elf/lib\libc.a(lib_a-wbuf.o)
 .comment       0x00000000       0x27 c:/altera/13.0sp1/nios2eds/bin/gnu/h-i686-mingw32/bin/../lib/gcc/nios2-elf/4.1.2/../../../../nios2-elf/lib\libc.a(lib_a-__atexit.o)
 .comment       0x00000000       0x27 c:/altera/13.0sp1/nios2eds/bin/gnu/h-i686-mingw32/bin/../lib/gcc/nios2-elf/4.1.2/../../../../nios2-elf/lib\libc.a(lib_a-__call_atexit.o)
 .comment       0x00000000       0x27 ../Hello_World_bsp/\libhal_bsp.a(alt_exit.o)

.debug
 *(.debug)

.line
 *(.line)

.debug_srcinfo
 *(.debug_srcinfo)

.debug_sfnames
 *(.debug_sfnames)

.debug_aranges  0x00000000      0xeb8
 *(.debug_aranges)
 .debug_aranges
                0x00000000       0x28 ../Hello_World_bsp//obj/HAL/src/crt0.o
 .debug_aranges
                0x00000028       0x20 obj/default/PS2_ISR.o
 .debug_aranges
                0x00000048       0x20 obj/default/audio_ISR.o
 .debug_aranges
                0x00000068       0x20 obj/default/interval_timer_ISR.o
 .debug_aranges
                0x00000088       0x20 obj/default/media_interrupt_HAL.o
 .debug_aranges
                0x000000a8       0x20 obj/default/pushbutton_ISR.o
 .debug_aranges
                0x000000c8       0x20 c:/altera/13.0sp1/nios2eds/bin/gnu/h-i686-mingw32/bin/../lib/gcc/nios2-elf/4.1.2/../../../../nios2-elf/lib\libc.a(lib_a-memcpy.o)
 .debug_aranges